-- The C compiler identification is Clang 21.1.8
-- The CXX compiler identification is Clang 21.1.8
-- Detecting C compiler ABI info
-- Detecting C compiler ABI info - done
-- Check for working C compiler: /usr/lib64/ccache/clang - skipped
-- Detecting C compile features
-- Detecting C compile features - done
-- Detecting CXX compiler ABI info
-- Detecting CXX compiler ABI info - done
-- Check for working CXX compiler: /usr/lib64/ccache/clang++ - skipped
-- Detecting CXX compile features
-- Detecting CXX compile features - done
-- Copied pre-built juceaide to build directory
-- Using existing JUCE from: /home/mm/map2-audio/juce-engine/BossXS1PolyShifterPlugin/../build/_deps/juce-src
-- Found PkgConfig: /usr/bin/pkg-config (found version "2.3.0")
-- Checking for module 'alsa'
--   Found alsa, version 1.2.15.3
-- Checking for modules 'freetype2;fontconfig'
--   Found freetype2, version 26.2.20
--   Found fontconfig, version 2.17.0
-- Checking for module 'gl'
--   Found gl, version 1.2
-- Checking for module 'libcurl'
--   Found libcurl, version 8.15.0
-- Checking for modules 'webkit2gtk-4.0;gtk+-x11-3.0'
--   Package 'webkit2gtk-4.0' not found
-- Configuring juceaide
-- Building juceaide
-- Exporting juceaide
-- Testing juceaide
-- Finished setting up juceaide
-- Configuring done (62.3s)
-- Generating done (0.0s)
-- Build files have been written to: /home/mm/map2-audio/juce-engine/BossXS1PolyShifterPlugin/build
