-- The C compiler identification is GNU 15.2.1
-- The CXX compiler identification is GNU 15.2.1
-- Detecting C compiler ABI info
-- Detecting C compiler ABI info - done
-- Check for working C compiler: /usr/lib64/ccache/x86_64-w64-mingw32-gcc - skipped
-- Detecting C compile features
-- Detecting C compile features - done
-- Detecting CXX compiler ABI info
-- Detecting CXX compiler ABI info - done
-- Check for working CXX compiler: /usr/lib64/ccache/x86_64-w64-mingw32-g++ - skipped
-- Detecting CXX compile features
-- Detecting CXX compile features - done
-- Copied pre-built juceaide to build directory
-- Using existing JUCE from: /home/mm/map2-audio/juce-engine/CircularDelayPlugin/../build/_deps/juce-src
-- Configuring juceaide
-- Building juceaide
-- Exporting juceaide
-- Testing juceaide
-- Finished setting up juceaide
-- Configuring done (101.6s)
-- Generating done (0.0s)
-- Build files have been written to: /home/mm/map2-audio/juce-engine/CircularDelayPlugin/build-win
