[  3%] Building CXX object CMakeFiles/EventideH9Plugin.dir/home/mm/map2-audio/juce-engine/Source/EventideH9Processor.cpp.o
/home/mm/map2-audio/juce-engine/Source/EventideH9Processor.cpp:37:27: warning: implicit conversion changes signedness: 'int' to 'size_type' (aka 'unsigned long') [-Wsign-conversion]
   37 |     windowedInput_.resize(fftSize_, 0.0f);
      |                    ~~~~~~ ^~~~~~~~
/home/mm/map2-audio/juce-engine/Source/EventideH9Processor.cpp:38:23: warning: implicit conversion changes signedness: 'int' to 'size_type' (aka 'unsigned long') [-Wsign-conversion]
   38 |     fftBuffer_.resize(fftSize_, 0.0f);
      |                ~~~~~~ ^~~~~~~~
/home/mm/map2-audio/juce-engine/Source/EventideH9Processor.cpp:39:31: warning: implicit conversion changes signedness: 'int' to 'size_type' (aka 'unsigned long') [-Wsign-conversion]
   39 |     spectrum_.resize(fftSize_ / 2, {0.0f, 0.0f});
      |               ~~~~~~ ~~~~~~~~~^~~
/home/mm/map2-audio/juce-engine/Source/EventideH9Processor.cpp:40:36: warning: implicit conversion changes signedness: 'int' to 'size_type' (aka 'unsigned long') [-Wsign-conversion]
   40 |     previousPhase_.resize(fftSize_ / 2, 0.0f);
      |                    ~~~~~~ ~~~~~~~~~^~~
/home/mm/map2-audio/juce-engine/Source/EventideH9Processor.cpp:41:39: warning: implicit conversion changes signedness: 'int' to 'size_type' (aka 'unsigned long') [-Wsign-conversion]
   41 |     outputBuffer_.resize(maxBlockSize * 4, 0.0f); // Extra headroom for pitch ratio changes
      |                   ~~~~~~ ~~~~~~~~~~~~~^~~
/home/mm/map2-audio/juce-engine/Source/EventideH9Processor.cpp:57:78: warning: implicit conversion from 'size_type' (aka 'unsigned long') to 'float' may lose precision [-Wimplicit-int-float-conversion]
   57 |         float phase = juce::MathConstants<float>::twoPi * i / (buffer.size() - 1);
      |                                                             ~  ~~~~~~~~~~~~~~^~~
/home/mm/map2-audio/juce-engine/Source/EventideH9Processor.cpp:57:59: warning: implicit conversion from 'size_t' (aka 'unsigned long') to 'float' may lose precision [-Wimplicit-int-float-conversion]
   57 |         float phase = juce::MathConstants<float>::twoPi * i / (buffer.size() - 1);
      |                                                         ~ ^
/home/mm/map2-audio/juce-engine/Source/EventideH9Processor.cpp:64:87: warning: implicit conversion from 'int' to 'float' may lose precision [-Wimplicit-int-float-conversion]
   64 |     const float expectedPhaseAdvance = juce::MathConstants<float>::twoPi * hopSize_ / fftSize_;
      |                                                                                     ~ ^~~~~~~~
/home/mm/map2-audio/juce-engine/Source/EventideH9Processor.cpp:64:76: warning: implicit conversion from 'int' to 'float' may lose precision [-Wimplicit-int-float-conversion]
   64 |     const float expectedPhaseAdvance = juce::MathConstants<float>::twoPi * hopSize_ / fftSize_;
      |                                                                          ~ ^~~~~~~~
/home/mm/map2-audio/juce-engine/Source/EventideH9Processor.cpp:78:56: warning: implicit conversion from 'size_t' (aka 'unsigned long') to 'float' may lose precision [-Wimplicit-int-float-conversion]
   78 |         float expectedAdvance = expectedPhaseAdvance * k;
      |                                                      ~ ^
/home/mm/map2-audio/juce-engine/Source/EventideH9Processor.cpp:141:40: warning: implicit conversion changes signedness: 'int' to 'size_type' (aka 'unsigned long') [-Wsign-conversion]
  141 |             outputBuffer_.at(writePos_ + j) += windowed[j];
      |                           ~~ ~~~~~~~~~~^~~
/home/mm/map2-audio/juce-engine/Source/EventideH9Processor.cpp:141:57: warning: implicit conversion changes signedness: 'int' to 'size_type' (aka 'unsigned long') [-Wsign-conversion]
  141 |             outputBuffer_.at(writePos_ + j) += windowed[j];
      |                                                ~~~~~~~~ ^
/home/mm/map2-audio/juce-engine/Source/EventideH9Processor.cpp:177:27: warning: implicit conversion changes signedness: 'int' to 'size_type' (aka 'unsigned long') [-Wsign-conversion]
  177 |     auto& grain = grains_[index];
      |                   ~~~~~~~ ^~~~~
/home/mm/map2-audio/juce-engine/Source/EventideH9Processor.cpp:211:27: warning: implicit conversion changes signedness: 'int' to 'size_type' (aka 'unsigned long') [-Wsign-conversion]
  211 |             recordBuffer_[recordPos_] = input[i] * feedback_;
      |             ~~~~~~~~~~~~~ ^~~~~~~~~~
/home/mm/map2-audio/juce-engine/Source/EventideH9Processor.cpp:217:62: warning: implicit conversion from 'int' to 'float' may lose precision [-Wimplicit-int-float-conversion]
  217 |     int newGrainsPerBlock = static_cast<int>(grainDensity_ * numSamples / sampleRate_);
      |                                                            ~ ^~~~~~~~~~
/home/mm/map2-audio/juce-engine/Source/EventideH9Processor.cpp:221:26: warning: implicit conversion changes signedness: 'int' to 'size_type' (aka 'unsigned long') [-Wsign-conversion]
  221 |             if (!grains_[g].active) {
      |                  ~~~~~~~ ^
/home/mm/map2-audio/juce-engine/Source/EventideH9Processor.cpp:237:42: warning: implicit conversion from 'int' to 'float' may lose precision [-Wimplicit-int-float-conversion]
  237 |                 float phase = (float)i / numSamples;
      |                                        ~ ^~~~~~~~~~
/home/mm/map2-audio/juce-engine/Source/EventideH9Processor.cpp:246:41: warning: implicit conversion from 'int' to 'float' may lose precision [-Wimplicit-int-float-conversion]
  246 |                 float readPos_f = grain.readPos + grain.pitch;
      |                                   ~~~~~~^~~~~~~ ~
/home/mm/map2-audio/juce-engine/Source/EventideH9Processor.cpp:250:46: warning: implicit conversion changes signedness: 'int' to 'size_type' (aka 'unsigned long') [-Wsign-conversion]
  250 |                 float sample = recordBuffer_[readPos_i];
      |                                ~~~~~~~~~~~~~ ^~~~~~~~~
/home/mm/map2-audio/juce-engine/Source/EventideH9Processor.cpp:252:49: warning: implicit conversion changes signedness: 'int' to 'size_type' (aka 'unsigned long') [-Wsign-conversion]
  252 |                 sample += frac * (recordBuffer_[nextPos] - sample);
      |                                   ~~~~~~~~~~~~~ ^~~~~~~
/home/mm/map2-audio/juce-engine/Source/EventideH9Processor.cpp:255:33: warning: implicit conversion turns floating-point number into integer: 'float' to 'int' [-Wfloat-conversion]
  255 |                 grain.readPos = readPos_f;
      |                               ~ ^~~~~~~~~
/home/mm/map2-audio/juce-engine/Source/EventideH9Processor.cpp:235:19: warning: unused variable 'readPhase' [-Wunused-variable]
  235 |             float readPhase = 0.0f;
      |                   ^~~~~~~~~
/home/mm/map2-audio/juce-engine/Source/EventideH9Processor.cpp:290:32: warning: implicit conversion changes signedness: 'int' to 'size_type' (aka 'unsigned long') [-Wsign-conversion]
  290 |     std::vector<float> output1(numSamples), output2(numSamples);
      |                        ~~~~~~~ ^~~~~~~~~~
/home/mm/map2-audio/juce-engine/Source/EventideH9Processor.cpp:290:53: warning: implicit conversion changes signedness: 'int' to 'size_type' (aka 'unsigned long') [-Wsign-conversion]
  290 |     std::vector<float> output1(numSamples), output2(numSamples);
      |                                             ~~~~~~~ ^~~~~~~~~~
/home/mm/map2-audio/juce-engine/Source/EventideH9Processor.cpp:304:15: warning: unused variable 'ratio1' [-Wunused-variable]
  304 |         float ratio1 = std::pow(2.0f, detune1 / 12.0f);
      |               ^~~~~~
/home/mm/map2-audio/juce-engine/Source/EventideH9Processor.cpp:305:15: warning: unused variable 'ratio2' [-Wunused-variable]
  305 |         float ratio2 = std::pow(2.0f, detune2 / 12.0f);
      |               ^~~~~~
/home/mm/map2-audio/juce-engine/Source/EventideH9Processor.cpp:319:24: warning: implicit conversion changes signedness: 'int' to 'size_type' (aka 'unsigned long') [-Wsign-conversion]
  319 |     workBuffer_.resize(maxBlockSize);
      |                 ~~~~~~ ^~~~~~~~~~~~
/home/mm/map2-audio/juce-engine/Source/EventideH9Processor.cpp:343:61: warning: implicit conversion changes signedness: 'int' to 'size_type' (aka 'unsigned long') [-Wsign-conversion]
  343 |             data[i] = data[i] * (1.0f - mix_) + workBuffer_[i] * mix_;
      |                                                 ~~~~~~~~~~~ ^
/home/mm/map2-audio/juce-engine/Source/EventideH9Processor.cpp:380:46: warning: implicit conversion from 'int' to 'float' may lose precision [-Wimplicit-int-float-conversion]
  380 |     return static_cast<float>(sampleRate_) / bestLag;
      |                                            ~ ^~~~~~~
/home/mm/map2-audio/juce-engine/Source/EventideH9Processor.cpp:385:66: warning: implicit conversion from 'int' to 'float' may lose precision [-Wimplicit-int-float-conversion]
  385 |     float targetPitch = 440.0f * std::pow(2.0f, (targetMidiNote_ - 69) / 12.0f);
      |                                                  ~~~~~~~~~~~~~~~~^~~~  ~
/home/mm/map2-audio/juce-engine/Source/EventideH9Processor.cpp:386:11: warning: unused variable 'ratio' [-Wunused-variable]
  386 |     float ratio = targetPitch / detectedPitch;
      |           ^~~~~
/home/mm/map2-audio/juce-engine/Source/EventideH9Processor.cpp:444:34: warning: implicit conversion changes signedness: 'int' to 'size_type' (aka 'unsigned long') [-Wsign-conversion]
  444 |         std::vector<float> mixed(numSamples, 0.0f);
      |                            ~~~~~ ^~~~~~~~~~
/home/mm/map2-audio/juce-engine/Source/EventideH9Processor.cpp:447:50: warning: implicit conversion changes signedness: 'int' to 'size_type' (aka 'unsigned long') [-Wsign-conversion]
  447 |             float ratio = std::pow(2.0f, voices_[v] / 12.0f);
      |                                          ~~~~~~~ ^
/home/mm/map2-audio/juce-engine/Source/EventideH9Processor.cpp:450:23: warning: implicit conversion changes signedness: 'int' to 'size_type' (aka 'unsigned long') [-Wsign-conversion]
  450 |                 mixed[i] += data[i] * ratio * (0.25f + voiceMix_ * 0.1f);
      |                 ~~~~~ ^
/home/mm/map2-audio/juce-engine/Source/EventideH9Processor.cpp:455:29: warning: implicit conversion changes signedness: 'int' to 'size_type' (aka 'unsigned long') [-Wsign-conversion]
  455 |             data[i] = mixed[i] * 0.5f;
      |                       ~~~~~ ^
/home/mm/map2-audio/juce-engine/Source/EventideH9Processor.cpp:486:42: warning: implicit conversion changes signedness: 'int' to 'size_type' (aka 'unsigned long') [-Wsign-conversion]
  486 |             float delayed = delayBuffer_[readPos];
      |                             ~~~~~~~~~~~~ ^~~~~~~
/home/mm/map2-audio/juce-engine/Source/EventideH9Processor.cpp:489:26: warning: implicit conversion changes signedness: 'int' to 'size_type' (aka 'unsigned long') [-Wsign-conversion]
  489 |             delayBuffer_[writePos_] = data[i] + delayed * feedback_;
      |             ~~~~~~~~~~~~ ^~~~~~~~~
/home/mm/map2-audio/juce-engine/Source/EventideH9Processor.cpp:504:32: warning: implicit conversion changes signedness: 'value_type' (aka 'int') to 'size_type' (aka 'unsigned long') [-Wsign-conversion]
  504 |         combBuffers_[i].resize(combSizes[i], 0.0f);
      |                         ~~~~~~ ^~~~~~~~~~~~
/home/mm/map2-audio/juce-engine/Source/EventideH9Processor.cpp:504:42: warning: implicit conversion changes signedness: 'int' to 'size_type' (aka 'unsigned long') [-Wsign-conversion]
  504 |         combBuffers_[i].resize(combSizes[i], 0.0f);
      |                                ~~~~~~~~~ ^
/home/mm/map2-audio/juce-engine/Source/EventideH9Processor.cpp:504:22: warning: implicit conversion changes signedness: 'int' to 'size_type' (aka 'unsigned long') [-Wsign-conversion]
  504 |         combBuffers_[i].resize(combSizes[i], 0.0f);
      |         ~~~~~~~~~~~~ ^
/home/mm/map2-audio/juce-engine/Source/EventideH9Processor.cpp:510:35: warning: implicit conversion changes signedness: 'value_type' (aka 'int') to 'size_type' (aka 'unsigned long') [-Wsign-conversion]
  510 |         allpassBuffers_[i].resize(allpassSizes[i], 0.0f);
      |                            ~~~~~~ ^~~~~~~~~~~~~~~
/home/mm/map2-audio/juce-engine/Source/EventideH9Processor.cpp:510:48: warning: implicit conversion changes signedness: 'int' to 'size_type' (aka 'unsigned long') [-Wsign-conversion]
  510 |         allpassBuffers_[i].resize(allpassSizes[i], 0.0f);
      |                                   ~~~~~~~~~~~~ ^
/home/mm/map2-audio/juce-engine/Source/EventideH9Processor.cpp:510:25: warning: implicit conversion changes signedness: 'int' to 'size_type' (aka 'unsigned long') [-Wsign-conversion]
  510 |         allpassBuffers_[i].resize(allpassSizes[i], 0.0f);
      |         ~~~~~~~~~~~~~~~ ^
/home/mm/map2-audio/juce-engine/Source/EventideH9Processor.cpp:549:23: warning: implicit conversion changes signedness: 'int' to 'size_type' (aka 'unsigned long') [-Wsign-conversion]
  549 |         delayBuffers_[i].resize(88200, 0.0f); // 2 seconds max
      |         ~~~~~~~~~~~~~ ^
/home/mm/map2-audio/juce-engine/Source/EventideH9Processor.cpp:574:99: warning: implicit conversion loses floating-point precision: 'double' to 'float' [-Wimplicit-float-conversion]
  574 |                 float lfoValue = sinf(2.0f * juce::MathConstants<float>::pi * modRate_ * (float)i / sampleRate_);
      |                                  ~~~~ ~~~~~~~~~~~~~~~~~~~~~~~~~~~~~~~~~~~~~~~~~~~~~~~~~~~~~~~~~~~~^~~~~~~~~~~~~
/home/mm/map2-audio/juce-engine/Source/EventideH9Processor.cpp:575:89: warning: implicit conversion loses floating-point precision: 'double' to 'float' [-Wimplicit-float-conversion]
  575 |                 float delayTime = (100.0f + lfoValue * 50.0f * modDepth_) * sampleRate_ / 1000.0f;
      |                       ~~~~~~~~~   ~~~~~~~~~~~~~~~~~~~~~~~~~~~~~~~~~~~~~~~~~~~~~~~~~~~~~~^~~~~~~~~
/home/mm/map2-audio/juce-engine/Source/EventideH9Processor.cpp:577:99: warning: implicit conversion changes signedness: 'int' to 'size_type' (aka 'unsigned long') [-Wsign-conversion]
  577 |                 int readPos = static_cast<int>(delayReadPos_[d]) % static_cast<int>(delayBuffers_[d].size());
      |                                                                                     ~~~~~~~~~~~~~ ^
/home/mm/map2-audio/juce-engine/Source/EventideH9Processor.cpp:577:62: warning: implicit conversion changes signedness: 'int' to 'size_type' (aka 'unsigned long') [-Wsign-conversion]
  577 |                 int readPos = static_cast<int>(delayReadPos_[d]) % static_cast<int>(delayBuffers_[d].size());
      |                                                ~~~~~~~~~~~~~ ^
/home/mm/map2-audio/juce-engine/Source/EventideH9Processor.cpp:578:44: warning: implicit conversion changes signedness: 'int' to 'size_type' (aka 'unsigned long') [-Wsign-conversion]
  578 |                 output += delayBuffers_[d][readPos] * (1.0f / NUM_MODULATED_DELAYS);
      |                           ~~~~~~~~~~~~~    ^~~~~~~
/home/mm/map2-audio/juce-engine/Source/EventideH9Processor.cpp:578:41: warning: implicit conversion changes signedness: 'int' to 'size_type' (aka 'unsigned long') [-Wsign-conversion]
  578 |                 output += delayBuffers_[d][readPos] * (1.0f / NUM_MODULATED_DELAYS);
      |                           ~~~~~~~~~~~~~ ^
/home/mm/map2-audio/juce-engine/Source/EventideH9Processor.cpp:575:23: warning: unused variable 'delayTime' [-Wunused-variable]
  575 |                 float delayTime = (100.0f + lfoValue * 50.0f * modDepth_) * sampleRate_ / 1000.0f;
      |                       ^~~~~~~~~
/home/mm/map2-audio/juce-engine/Source/EventideH9Processor.cpp:636:46: warning: implicit conversion changes signedness: 'int' to 'size_type' (aka 'unsigned long') [-Wsign-conversion]
  636 |             float allpass1 = allpassBuffer1_[allpassWritePos1_];
      |                              ~~~~~~~~~~~~~~~ ^~~~~~~~~~~~~~~~~
/home/mm/map2-audio/juce-engine/Source/EventideH9Processor.cpp:637:29: warning: implicit conversion changes signedness: 'int' to 'size_type' (aka 'unsigned long') [-Wsign-conversion]
  637 |             allpassBuffer1_[allpassWritePos1_] = data[i] + allpass1 * damping_;
      |             ~~~~~~~~~~~~~~~ ^~~~~~~~~~~~~~~~~
/home/mm/map2-audio/juce-engine/Source/EventideH9Processor.cpp:638:57: warning: implicit conversion changes signedness: 'size_type' (aka 'unsigned long') to 'int' [-Wsign-conversion]
  638 |             allpassWritePos1_ = (allpassWritePos1_ + 1) % allpassBuffer1_.size();
      |                               ~ ~~~~~~~~~~~~~~~~~~~~~~~~^~~~~~~~~~~~~~~~~~~~~~~~
/home/mm/map2-audio/juce-engine/Source/EventideH9Processor.cpp:638:52: warning: implicit conversion changes signedness: 'int' to 'size_type' (aka 'unsigned long') [-Wsign-conversion]
  638 |             allpassWritePos1_ = (allpassWritePos1_ + 1) % allpassBuffer1_.size();
      |                                  ~~~~~~~~~~~~~~~~~~^~~  ~
/home/mm/map2-audio/juce-engine/Source/EventideH9Processor.cpp:640:46: warning: implicit conversion changes signedness: 'int' to 'size_type' (aka 'unsigned long') [-Wsign-conversion]
  640 |             float allpass2 = allpassBuffer2_[allpassWritePos2_];
      |                              ~~~~~~~~~~~~~~~ ^~~~~~~~~~~~~~~~~
/home/mm/map2-audio/juce-engine/Source/EventideH9Processor.cpp:641:29: warning: implicit conversion changes signedness: 'int' to 'size_type' (aka 'unsigned long') [-Wsign-conversion]
  641 |             allpassBuffer2_[allpassWritePos2_] = allpass1 + allpass2 * damping_;
      |             ~~~~~~~~~~~~~~~ ^~~~~~~~~~~~~~~~~
/home/mm/map2-audio/juce-engine/Source/EventideH9Processor.cpp:642:57: warning: implicit conversion changes signedness: 'size_type' (aka 'unsigned long') to 'int' [-Wsign-conversion]
  642 |             allpassWritePos2_ = (allpassWritePos2_ + 1) % allpassBuffer2_.size();
      |                               ~ ~~~~~~~~~~~~~~~~~~~~~~~~^~~~~~~~~~~~~~~~~~~~~~~~
/home/mm/map2-audio/juce-engine/Source/EventideH9Processor.cpp:642:52: warning: implicit conversion changes signedness: 'int' to 'size_type' (aka 'unsigned long') [-Wsign-conversion]
  642 |             allpassWritePos2_ = (allpassWritePos2_ + 1) % allpassBuffer2_.size();
      |                                  ~~~~~~~~~~~~~~~~~~^~~  ~
In file included from /home/mm/map2-audio/juce-engine/Source/EventideH9Processor.cpp:20:
/home/mm/map2-audio/juce-engine/Source/EventideH9Processor.h:331:32: warning: private field 'combWritePos_' is not used [-Wunused-private-field]
  331 |     std::array<int, NUM_COMBS> combWritePos_{};
      |                                ^
/home/mm/map2-audio/juce-engine/Source/EventideH9Processor.h:335:36: warning: private field 'allpassWritePos_' is not used [-Wunused-private-field]
  335 |     std::array<int, NUM_ALLPASSES> allpassWritePos_{};
      |                                    ^
61 warnings generated.
[  6%] Linking CXX static library "EventideH9Plugin_artefacts/Release/libMAP2 Eventide H9_SharedCode.a"
[ 68%] Built target EventideH9Plugin
[ 79%] Building CXX object CMakeFiles/EventideH9Plugin_VST3.dir/home/mm/map2-audio/juce-engine/build/_deps/juce-src/modules/juce_audio_plugin_client/juce_audio_plugin_client_Standalone.cpp.o
[ 72%] Building CXX object CMakeFiles/EventideH9Plugin_VST3.dir/home/mm/map2-audio/juce-engine/build/_deps/juce-src/modules/juce_audio_plugin_client/juce_audio_plugin_client_AAX_utils.cpp.o
[ 79%] Building CXX object CMakeFiles/EventideH9Plugin_VST3.dir/home/mm/map2-audio/juce-engine/build/_deps/juce-src/modules/juce_audio_plugin_client/juce_audio_plugin_client_LV2.cpp.o
[ 82%] Building CXX object CMakeFiles/EventideH9Plugin_VST3.dir/home/mm/map2-audio/juce-engine/build/_deps/juce-src/modules/juce_audio_plugin_client/juce_audio_plugin_client_Unity.cpp.o
[ 86%] Building CXX object CMakeFiles/EventideH9Plugin_VST3.dir/home/mm/map2-audio/juce-engine/build/_deps/juce-src/modules/juce_audio_plugin_client/juce_audio_plugin_client_AAX.cpp.o
[ 89%] Building CXX object CMakeFiles/EventideH9Plugin_VST3.dir/home/mm/map2-audio/juce-engine/build/_deps/juce-src/modules/juce_audio_plugin_client/juce_audio_plugin_client_ARA.cpp.o
[ 93%] Building CXX object CMakeFiles/EventideH9Plugin_VST3.dir/home/mm/map2-audio/juce-engine/build/_deps/juce-src/modules/juce_audio_plugin_client/juce_audio_plugin_client_VST2.cpp.o
[ 96%] Building CXX object CMakeFiles/EventideH9Plugin_VST3.dir/home/mm/map2-audio/juce-engine/build/_deps/juce-src/modules/juce_audio_plugin_client/juce_audio_plugin_client_VST3.cpp.o
In file included from /home/mm/map2-audio/juce-engine/build/_deps/juce-src/modules/juce_audio_plugin_client/juce_audio_plugin_client_VST3.cpp:51:
In file included from /home/mm/map2-audio/juce-engine/build/_deps/juce-src/modules/juce_audio_processors/format_types/juce_VST3Headers.h:143:
In file included from /home/mm/map2-audio/juce-engine/build/_deps/juce-src/modules/juce_audio_processors/format_types/VST3_SDK/base/source/fstring.cpp:41:
/home/mm/map2-audio/juce-engine/build/_deps/juce-src/modules/juce_audio_processors/format_types/VST3_SDK/pluginterfaces/base/fvariant.h:50:31: warning: first argument in call to 'memset' is a pointer to non-trivially copyable type 'Steinberg::FVariant' [-Wnontrivial-memcall]
   50 |         inline FVariant () { memset (this, 0, sizeof (FVariant)); }
      |                                      ^
/home/mm/map2-audio/juce-engine/build/_deps/juce-src/modules/juce_audio_processors/format_types/VST3_SDK/pluginterfaces/base/fvariant.h:50:31: note: explicitly cast the pointer to silence this warning
   50 |         inline FVariant () { memset (this, 0, sizeof (FVariant)); }
      |                                      ^
      |                                      (void*)
/home/mm/map2-audio/juce-engine/build/_deps/juce-src/modules/juce_audio_processors/format_types/VST3_SDK/pluginterfaces/base/fvariant.h:259:10: warning: first argument in call to 'memset' is a pointer to non-trivially copyable type 'Steinberg::FVariant' [-Wnontrivial-memcall]
  259 |         memset (this, 0, sizeof (FVariant));
      |                 ^
/home/mm/map2-audio/juce-engine/build/_deps/juce-src/modules/juce_audio_processors/format_types/VST3_SDK/pluginterfaces/base/fvariant.h:259:10: note: explicitly cast the pointer to silence this warning
  259 |         memset (this, 0, sizeof (FVariant));
      |                 ^
      |                 (void*)
2 warnings generated.
[100%] Linking CXX shared module "EventideH9Plugin_artefacts/Release/VST3/MAP2 Eventide H9.vst3/Contents/x86_64-linux/MAP2 Eventide H9.so"
removing moduleinfo.json
-- Installing: /home/mm/.vst3/MAP2 Eventide H9.vst3
-- Installing: /home/mm/.vst3/MAP2 Eventide H9.vst3/Contents
-- Installing: /home/mm/.vst3/MAP2 Eventide H9.vst3/Contents/x86_64-linux
-- Installing: /home/mm/.vst3/MAP2 Eventide H9.vst3/Contents/x86_64-linux/MAP2 Eventide H9.so
[100%] Built target EventideH9Plugin_VST3
