[  6%] Building CXX object CMakeFiles/PassionFXPlugin.dir/home/mm/map2-audio/juce-engine/build/_deps/juce-src/modules/juce_audio_processors/juce_audio_processors_ara.cpp.o
[  6%] Building CXX object CMakeFiles/PassionFXPlugin.dir/home/mm/map2-audio/juce-engine/build/_deps/juce-src/modules/juce_audio_processors/juce_audio_processors_lv2_libs.cpp.o
[ 10%] Building CXX object CMakeFiles/PassionFXPlugin.dir/Source/PluginProcessor.cpp.o
[ 13%] Building CXX object CMakeFiles/PassionFXPlugin.dir/Source/PluginEditor.cpp.o
[ 17%] Building CXX object CMakeFiles/PassionFXPlugin.dir/home/mm/map2-audio/juce-engine/Source/PassionFXProcessor.cpp.o
[ 20%] Building CXX object CMakeFiles/PassionFXPlugin.dir/home/mm/map2-audio/juce-engine/build/_deps/juce-src/modules/juce_audio_processors/juce_audio_processors.cpp.o
[ 24%] Building CXX object CMakeFiles/PassionFXPlugin.dir/home/mm/map2-audio/juce-engine/build/_deps/juce-src/modules/juce_gui_extra/juce_gui_extra.cpp.o
[ 27%] Building CXX object CMakeFiles/PassionFXPlugin.dir/home/mm/map2-audio/juce-engine/build/_deps/juce-src/modules/juce_gui_basics/juce_gui_basics.cpp.o
[ 31%] Building CXX object CMakeFiles/PassionFXPlugin.dir/home/mm/map2-audio/juce-engine/build/_deps/juce-src/modules/juce_graphics/juce_graphics.cpp.o
[ 34%] Building CXX object CMakeFiles/PassionFXPlugin.dir/home/mm/map2-audio/juce-engine/build/_deps/juce-src/modules/juce_graphics/juce_graphics_Harfbuzz.cpp.o
[ 37%] Building CXX object CMakeFiles/PassionFXPlugin.dir/home/mm/map2-audio/juce-engine/build/_deps/juce-src/modules/juce_events/juce_events.cpp.o
[ 41%] Building CXX object CMakeFiles/PassionFXPlugin.dir/home/mm/map2-audio/juce-engine/build/_deps/juce-src/modules/juce_core/juce_core.cpp.o
[ 44%] Building CXX object CMakeFiles/PassionFXPlugin.dir/home/mm/map2-audio/juce-engine/build/_deps/juce-src/modules/juce_core/juce_core_CompilationTime.cpp.o
[ 48%] Building CXX object CMakeFiles/PassionFXPlugin.dir/home/mm/map2-audio/juce-engine/build/_deps/juce-src/modules/juce_data_structures/juce_data_structures.cpp.o
[ 51%] Building CXX object CMakeFiles/PassionFXPlugin.dir/home/mm/map2-audio/juce-engine/build/_deps/juce-src/modules/juce_audio_basics/juce_audio_basics.cpp.o
[ 55%] Building CXX object CMakeFiles/PassionFXPlugin.dir/home/mm/map2-audio/juce-engine/build/_deps/juce-src/modules/juce_audio_utils/juce_audio_utils.cpp.o
[ 58%] Building CXX object CMakeFiles/PassionFXPlugin.dir/home/mm/map2-audio/juce-engine/build/_deps/juce-src/modules/juce_audio_formats/juce_audio_formats.cpp.o
In file included from /home/mm/map2-audio/juce-engine/build/_deps/juce-src/modules/juce_graphics/juce_graphics_Harfbuzz.cpp:85:
In file included from /home/mm/map2-audio/juce-engine/build/_deps/juce-src/modules/juce_graphics/fonts/harfbuzz/hb.hh:535:
/home/mm/map2-audio/juce-engine/build/_deps/juce-src/modules/juce_graphics/fonts/harfbuzz/hb-null.hh:179:11: warning: first argument in call to 'memcpy' is a pointer to non-trivially copyable type 'hb_hashmap_t<unsigned int, hb_vector_t<unsigned int>>::item_t' [-Wnontrivial-memcall]
  179 |   memcpy (obj, std::addressof (Null (Type)), sizeof (*obj));
      |           ^
/home/mm/map2-audio/juce-engine/build/_deps/juce-src/modules/juce_graphics/fonts/harfbuzz/hb-null.hh:186:38: note: in instantiation of function template specialization 'Crap<hb_hashmap_t<unsigned int, hb_vector_t<unsigned int>>::item_t>' requested here
  186 |   static Type & get_crap () { return Crap<Type> (); }
      |                                      ^
/home/mm/map2-audio/juce-engine/build/_deps/juce-src/modules/juce_graphics/fonts/harfbuzz/hb-null.hh:192:33: note: in instantiation of member function 'CrapHelper<hb_hashmap_t<unsigned int, hb_vector_t<unsigned int>>::item_t>::get_crap' requested here
  192 |   static Type & get () { return Crap (Type); }
      |                                 ^
/home/mm/map2-audio/juce-engine/build/_deps/juce-src/modules/juce_graphics/fonts/harfbuzz/hb-null.hh:188:38: note: expanded from macro 'Crap'
  188 | #define Crap(Type) CrapHelper<Type>::get_crap ()
      |                                      ^
/home/mm/map2-audio/juce-engine/build/_deps/juce-src/modules/juce_graphics/fonts/harfbuzz/hb-array.hh:83:36: note: in instantiation of member function 'CrapOrNullHelper<hb_hashmap_t<unsigned int, hb_vector_t<unsigned int>>::item_t>::get' requested here
   83 |     if (unlikely (!length)) return CrapOrNull (Type);
      |                                    ^
/home/mm/map2-audio/juce-engine/build/_deps/juce-src/modules/juce_graphics/fonts/harfbuzz/hb-null.hh:198:50: note: expanded from macro 'CrapOrNull'
  198 | #define CrapOrNull(Type) CrapOrNullHelper<Type>::get ()
      |                                                  ^
/home/mm/map2-audio/juce-engine/build/_deps/juce-src/modules/juce_graphics/fonts/harfbuzz/hb-iter.hh:89:41: note: in instantiation of member function 'hb_array_t<hb_hashmap_t<unsigned int, hb_vector_t<unsigned int>>::item_t>::__item__' requested here
   89 |   item_t operator * () { return thiz()->__item__ (); }
      |                                         ^
/home/mm/map2-audio/juce-engine/build/_deps/juce-src/modules/juce_graphics/fonts/harfbuzz/hb-iter.hh:446:55: note: in instantiation of member function 'hb_iter_t<hb_array_t<hb_hashmap_t<unsigned int, hb_vector_t<unsigned int>>::item_t>, hb_hashmap_t<unsigned int, hb_vector_t<unsigned int>>::item_t &>::operator*' requested here
  446 |   { while (it && !hb_has (p.get (), hb_get (f.get (), *it))) ++it; }
      |                                                       ^
/home/mm/map2-audio/juce-engine/build/_deps/juce-src/modules/juce_graphics/fonts/harfbuzz/hb-iter.hh:472:12: note: in instantiation of member function 'hb_filter_iter_t<hb_array_t<hb_hashmap_t<unsigned int, hb_vector_t<unsigned int>>::item_t>, bool (item_t::*)() const, const (unnamed struct at /home/mm/map2-audio/juce-engine/build/_deps/juce-src/modules/juce_graphics/fonts/harfbuzz/hb-algs.hh:224:1) &>::hb_filter_iter_t' requested here
  472 |   { return hb_filter_iter_t<Iter, Pred, Proj> (it, p, f); }
      |            ^
/home/mm/map2-audio/juce-engine/build/_deps/juce-src/modules/juce_graphics/fonts/harfbuzz/hb-iter.hh:359:51: note: in instantiation of function template specialization 'hb_filter_iter_factory_t<bool (item_t::*)() const, const (unnamed struct at /home/mm/map2-audio/juce-engine/build/_deps/juce-src/modules/juce_graphics/fonts/harfbuzz/hb-algs.hh:224:1) &>::operator()<hb_array_t<hb_hashmap_t<unsigned int, hb_vector_t<unsigned int>>::item_t>, nullptr>' requested here
  359 | operator | (Lhs&& lhs, Rhs&& rhs) HB_AUTO_RETURN (std::forward<Rhs> (rhs) (std::forward<Lhs> (lhs)))
      |                                                   ^
/home/mm/map2-audio/juce-engine/build/_deps/juce-src/modules/juce_graphics/fonts/harfbuzz/hb-meta.hh:76:55: note: expanded from macro 'HB_AUTO_RETURN'
   76 | #define HB_AUTO_RETURN(E) -> decltype ((E)) { return (E); }
      |                                                       ^
/home/mm/map2-audio/juce-engine/build/_deps/juce-src/modules/juce_graphics/fonts/harfbuzz/hb-map.hh:427:5: note: in instantiation of function template specialization 'operator|<hb_array_t<hb_hashmap_t<unsigned int, hb_vector_t<unsigned int>>::item_t>, hb_filter_iter_factory_t<bool (item_t::*)() const, const (unnamed struct at /home/mm/map2-audio/juce-engine/build/_deps/juce-src/modules/juce_graphics/fonts/harfbuzz/hb-algs.hh:224:1) &>, nullptr>' requested here
  427 |     | hb_filter (&item_t::is_real)
      |     ^
/home/mm/map2-audio/juce-engine/build/_deps/juce-src/modules/juce_graphics/fonts/harfbuzz/hb-meta.hh:76:55: note: expanded from macro 'HB_AUTO_RETURN'
   76 | #define HB_AUTO_RETURN(E) -> decltype ((E)) { return (E); }
      |                                                       ^
/home/mm/map2-audio/juce-engine/build/_deps/juce-src/modules/juce_graphics/fonts/harfbuzz/hb-map.hh:451:13: note: in instantiation of member function 'hb_hashmap_t<unsigned int, hb_vector_t<unsigned int>>::iter_items' requested here
  451 |     + this->iter_items ()
      |             ^
/home/mm/map2-audio/juce-engine/build/_deps/juce-src/modules/juce_graphics/fonts/harfbuzz/hb-meta.hh:76:55: note: expanded from macro 'HB_AUTO_RETURN'
   76 | #define HB_AUTO_RETURN(E) -> decltype ((E)) { return (E); }
      |                                                       ^
/home/mm/map2-audio/juce-engine/build/_deps/juce-src/modules/juce_graphics/fonts/harfbuzz/hb-multimap.hh:78:36: note: in instantiation of member function 'hb_hashmap_t<unsigned int, hb_vector_t<unsigned int>>::values_ref' requested here
   78 |     for (const auto &m : multiples.values_ref ())
      |                                    ^
/home/mm/map2-audio/juce-engine/build/_deps/juce-src/modules/juce_graphics/fonts/harfbuzz/hb-null.hh:179:11: note: explicitly cast the pointer to silence this warning
  179 |   memcpy (obj, std::addressof (Null (Type)), sizeof (*obj));
      |           ^
      |           (void*)
/home/mm/map2-audio/juce-engine/build/_deps/juce-src/modules/juce_graphics/fonts/harfbuzz/hb-null.hh:179:11: warning: first argument in call to 'memcpy' is a pointer to non-trivially copyable type 'hb_hashmap_t<unsigned int, Triple>' [-Wnontrivial-memcall]
  179 |   memcpy (obj, std::addressof (Null (Type)), sizeof (*obj));
      |           ^
/home/mm/map2-audio/juce-engine/build/_deps/juce-src/modules/juce_graphics/fonts/harfbuzz/hb-null.hh:186:38: note: in instantiation of function template specialization 'Crap<hb_hashmap_t<unsigned int, Triple>>' requested here
  186 |   static Type & get_crap () { return Crap<Type> (); }
      |                                      ^
/home/mm/map2-audio/juce-engine/build/_deps/juce-src/modules/juce_graphics/fonts/harfbuzz/hb-vector.hh:219:30: note: in instantiation of member function 'CrapHelper<hb_hashmap_t<unsigned int, Triple>>::get_crap' requested here
  219 |       return std::addressof (Crap (Type));
      |                              ^
/home/mm/map2-audio/juce-engine/build/_deps/juce-src/modules/juce_graphics/fonts/harfbuzz/hb-null.hh:188:38: note: expanded from macro 'Crap'
  188 | #define Crap(Type) CrapHelper<Type>::get_crap ()
      |                                      ^
/home/mm/map2-audio/juce-engine/build/_deps/juce-src/modules/juce_graphics/fonts/harfbuzz/hb-ot-layout-common.hh:2661:15: note: in instantiation of function template specialization 'hb_vector_t<hb_hashmap_t<unsigned int, Triple>>::push<hb_hashmap_t<unsigned int, Triple>>' requested here
 2661 |       regions.push (std::move (axis_tuples));
      |               ^
/home/mm/map2-audio/juce-engine/build/_deps/juce-src/modules/juce_graphics/fonts/harfbuzz/hb-null.hh:179:11: note: explicitly cast the pointer to silence this warning
  179 |   memcpy (obj, std::addressof (Null (Type)), sizeof (*obj));
      |           ^
      |           (void*)
/home/mm/map2-audio/juce-engine/build/_deps/juce-src/modules/juce_graphics/fonts/harfbuzz/hb-null.hh:179:11: warning: first argument in call to 'memcpy' is a pointer to non-trivially copyable type 'hb_inc_bimap_t' [-Wnontrivial-memcall]
  179 |   memcpy (obj, std::addressof (Null (Type)), sizeof (*obj));
      |           ^
/home/mm/map2-audio/juce-engine/build/_deps/juce-src/modules/juce_graphics/fonts/harfbuzz/hb-null.hh:186:38: note: in instantiation of function template specialization 'Crap<hb_inc_bimap_t>' requested here
  186 |   static Type & get_crap () { return Crap<Type> (); }
      |                                      ^
/home/mm/map2-audio/juce-engine/build/_deps/juce-src/modules/juce_graphics/fonts/harfbuzz/hb-vector.hh:210:30: note: in instantiation of member function 'CrapHelper<hb_inc_bimap_t>::get_crap' requested here
  210 |       return std::addressof (Crap (Type));
      |                              ^
/home/mm/map2-audio/juce-engine/build/_deps/juce-src/modules/juce_graphics/fonts/harfbuzz/hb-null.hh:188:38: note: expanded from macro 'Crap'
  188 | #define Crap(Type) CrapHelper<Type>::get_crap ()
      |                                      ^
/home/mm/map2-audio/juce-engine/build/_deps/juce-src/modules/juce_graphics/fonts/harfbuzz/hb-ot-layout-common.hh:3210:40: note: in instantiation of member function 'hb_vector_t<hb_inc_bimap_t>::push' requested here
 3210 |       hb_inc_bimap_t *map = inner_maps.push ();
      |                                        ^
/home/mm/map2-audio/juce-engine/build/_deps/juce-src/modules/juce_graphics/fonts/harfbuzz/hb-null.hh:179:11: note: explicitly cast the pointer to silence this warning
  179 |   memcpy (obj, std::addressof (Null (Type)), sizeof (*obj));
      |           ^
      |           (void*)
/home/mm/map2-audio/juce-engine/build/_deps/juce-src/modules/juce_graphics/fonts/harfbuzz/hb-null.hh:179:11: warning: first argument in call to 'memcpy' is a pointer to non-trivially copyable type 'OT::tuple_delta_t' [-Wnontrivial-memcall]
  179 |   memcpy (obj, std::addressof (Null (Type)), sizeof (*obj));
      |           ^
/home/mm/map2-audio/juce-engine/build/_deps/juce-src/modules/juce_graphics/fonts/harfbuzz/hb-null.hh:186:38: note: in instantiation of function template specialization 'Crap<OT::tuple_delta_t>' requested here
  186 |   static Type & get_crap () { return Crap<Type> (); }
      |                                      ^
/home/mm/map2-audio/juce-engine/build/_deps/juce-src/modules/juce_graphics/fonts/harfbuzz/hb-vector.hh:219:30: note: in instantiation of member function 'CrapHelper<OT::tuple_delta_t>::get_crap' requested here
  219 |       return std::addressof (Crap (Type));
      |                              ^
/home/mm/map2-audio/juce-engine/build/_deps/juce-src/modules/juce_graphics/fonts/harfbuzz/hb-null.hh:188:38: note: expanded from macro 'Crap'
  188 | #define Crap(Type) CrapHelper<Type>::get_crap ()
      |                                      ^
/home/mm/map2-audio/juce-engine/build/_deps/juce-src/modules/juce_graphics/fonts/harfbuzz/OT/Layout/GDEF/../../../hb-ot-var-common.hh:544:11: note: in instantiation of function template specialization 'hb_vector_t<OT::tuple_delta_t>::push<const OT::tuple_delta_t &>' requested here
  544 |       out.push (*this);
      |           ^
/home/mm/map2-audio/juce-engine/build/_deps/juce-src/modules/juce_graphics/fonts/harfbuzz/hb-null.hh:179:11: note: explicitly cast the pointer to silence this warning
  179 |   memcpy (obj, std::addressof (Null (Type)), sizeof (*obj));
      |           ^
      |           (void*)
/home/mm/map2-audio/juce-engine/build/_deps/juce-src/modules/juce_graphics/fonts/harfbuzz/hb-null.hh:179:11: warning: first argument in call to 'memcpy' is a pointer to non-trivially copyable type 'OT::TupleVariationData::tuple_variations_t' [-Wnontrivial-memcall]
  179 |   memcpy (obj, std::addressof (Null (Type)), sizeof (*obj));
      |           ^
/home/mm/map2-audio/juce-engine/build/_deps/juce-src/modules/juce_graphics/fonts/harfbuzz/hb-null.hh:186:38: note: in instantiation of function template specialization 'Crap<OT::TupleVariationData::tuple_variations_t>' requested here
  186 |   static Type & get_crap () { return Crap<Type> (); }
      |                                      ^
/home/mm/map2-audio/juce-engine/build/_deps/juce-src/modules/juce_graphics/fonts/harfbuzz/hb-vector.hh:219:30: note: in instantiation of member function 'CrapHelper<OT::TupleVariationData::tuple_variations_t>::get_crap' requested here
  219 |       return std::addressof (Crap (Type));
      |                              ^
/home/mm/map2-audio/juce-engine/build/_deps/juce-src/modules/juce_graphics/fonts/harfbuzz/hb-null.hh:188:38: note: expanded from macro 'Crap'
  188 | #define Crap(Type) CrapHelper<Type>::get_crap ()
      |                                      ^
/home/mm/map2-audio/juce-engine/build/_deps/juce-src/modules/juce_graphics/fonts/harfbuzz/OT/Layout/GDEF/../../../hb-ot-var-common.hh:1875:12: note: in instantiation of function template specialization 'hb_vector_t<OT::TupleVariationData::tuple_variations_t>::push<OT::TupleVariationData::tuple_variations_t>' requested here
 1875 |       vars.push (std::move (var_data_tuples));
      |            ^
/home/mm/map2-audio/juce-engine/build/_deps/juce-src/modules/juce_graphics/fonts/harfbuzz/hb-null.hh:179:11: note: explicitly cast the pointer to silence this warning
  179 |   memcpy (obj, std::addressof (Null (Type)), sizeof (*obj));
      |           ^
      |           (void*)
/home/mm/map2-audio/juce-engine/build/_deps/juce-src/modules/juce_graphics/fonts/harfbuzz/hb-null.hh:179:11: warning: first argument in call to 'memcpy' is a pointer to non-trivially copyable type 'hb_vector_t<int>' [-Wnontrivial-memcall]
  179 |   memcpy (obj, std::addressof (Null (Type)), sizeof (*obj));
      |           ^
/home/mm/map2-audio/juce-engine/build/_deps/juce-src/modules/juce_graphics/fonts/harfbuzz/hb-null.hh:186:38: note: in instantiation of function template specialization 'Crap<hb_vector_t<int>>' requested here
  186 |   static Type & get_crap () { return Crap<Type> (); }
      |                                      ^
/home/mm/map2-audio/juce-engine/build/_deps/juce-src/modules/juce_graphics/fonts/harfbuzz/hb-vector.hh:159:14: note: in instantiation of member function 'CrapHelper<hb_vector_t<int>>::get_crap' requested here
  159 |       return Crap (Type);
      |              ^
/home/mm/map2-audio/juce-engine/build/_deps/juce-src/modules/juce_graphics/fonts/harfbuzz/hb-null.hh:188:38: note: expanded from macro 'Crap'
  188 | #define Crap(Type) CrapHelper<Type>::get_crap ()
      |                                      ^
/home/mm/map2-audio/juce-engine/build/_deps/juce-src/modules/juce_graphics/fonts/harfbuzz/OT/Layout/GDEF/../../../hb-ot-var-common.hh:2005:23: note: in instantiation of member function 'hb_vector_t<hb_vector_t<int>>::operator[]' requested here
 2005 |       if (!(delta_rows[i].resize (num_cols))) return false;
      |                       ^
/home/mm/map2-audio/juce-engine/build/_deps/juce-src/modules/juce_graphics/fonts/harfbuzz/hb-null.hh:179:11: note: explicitly cast the pointer to silence this warning
  179 |   memcpy (obj, std::addressof (Null (Type)), sizeof (*obj));
      |           ^
      |           (void*)
/home/mm/map2-audio/juce-engine/build/_deps/juce-src/modules/juce_graphics/fonts/harfbuzz/hb-null.hh:179:11: warning: first argument in call to 'memcpy' is a pointer to non-trivially copyable type 'OT::delta_row_encoding_t' [-Wnontrivial-memcall]
  179 |   memcpy (obj, std::addressof (Null (Type)), sizeof (*obj));
      |           ^
/home/mm/map2-audio/juce-engine/build/_deps/juce-src/modules/juce_graphics/fonts/harfbuzz/hb-null.hh:186:38: note: in instantiation of function template specialization 'Crap<OT::delta_row_encoding_t>' requested here
  186 |   static Type & get_crap () { return Crap<Type> (); }
      |                                      ^
/home/mm/map2-audio/juce-engine/build/_deps/juce-src/modules/juce_graphics/fonts/harfbuzz/hb-vector.hh:219:30: note: in instantiation of member function 'CrapHelper<OT::delta_row_encoding_t>::get_crap' requested here
  219 |       return std::addressof (Crap (Type));
      |                              ^
/home/mm/map2-audio/juce-engine/build/_deps/juce-src/modules/juce_graphics/fonts/harfbuzz/hb-null.hh:188:38: note: expanded from macro 'Crap'
  188 | #define Crap(Type) CrapHelper<Type>::get_crap ()
      |                                      ^
/home/mm/map2-audio/juce-engine/build/_deps/juce-src/modules/juce_graphics/fonts/harfbuzz/OT/Layout/GDEF/../../../hb-ot-var-common.hh:2048:19: note: in instantiation of function template specialization 'hb_vector_t<OT::delta_row_encoding_t>::push<OT::delta_row_encoding_t>' requested here
 2048 |         encodings.push (std::move (obj));
      |                   ^
/home/mm/map2-audio/juce-engine/build/_deps/juce-src/modules/juce_graphics/fonts/harfbuzz/hb-null.hh:179:11: note: explicitly cast the pointer to silence this warning
  179 |   memcpy (obj, std::addressof (Null (Type)), sizeof (*obj));
      |           ^
      |           (void*)
/home/mm/map2-audio/juce-engine/build/_deps/juce-src/modules/juce_graphics/fonts/harfbuzz/hb-null.hh:179:11: warning: first argument in call to 'memcpy' is a pointer to non-trivially copyable type 'hb_set_t' [-Wnontrivial-memcall]
  179 |   memcpy (obj, std::addressof (Null (Type)), sizeof (*obj));
      |           ^
/home/mm/map2-audio/juce-engine/build/_deps/juce-src/modules/juce_graphics/fonts/harfbuzz/hb-null.hh:186:38: note: in instantiation of function template specialization 'Crap<hb_set_t>' requested here
  186 |   static Type & get_crap () { return Crap<Type> (); }
      |                                      ^
/home/mm/map2-audio/juce-engine/build/_deps/juce-src/modules/juce_graphics/fonts/harfbuzz/hb-vector.hh:159:14: note: in instantiation of member function 'CrapHelper<hb_set_t>::get_crap' requested here
  159 |       return Crap (Type);
      |              ^
/home/mm/map2-audio/juce-engine/build/_deps/juce-src/modules/juce_graphics/fonts/harfbuzz/hb-null.hh:188:38: note: expanded from macro 'Crap'
  188 | #define Crap(Type) CrapHelper<Type>::get_crap ()
      |                                      ^
/home/mm/map2-audio/juce-engine/build/_deps/juce-src/modules/juce_graphics/fonts/harfbuzz/OT/Layout/GPOS/../../../hb-ot-layout-gsubgpos.hh:135:31: note: in instantiation of member function 'hb_vector_t<hb_set_t>::operator[]' requested here
  135 |     return active_glyphs_stack[active_glyphs_stack.length - 2];
      |                               ^
/home/mm/map2-audio/juce-engine/build/_deps/juce-src/modules/juce_graphics/fonts/harfbuzz/hb-null.hh:179:11: note: explicitly cast the pointer to silence this warning
  179 |   memcpy (obj, std::addressof (Null (Type)), sizeof (*obj));
      |           ^
      |           (void*)
/home/mm/map2-audio/juce-engine/build/_deps/juce-src/modules/juce_graphics/fonts/harfbuzz/hb-null.hh:179:11: warning: first argument in call to 'memcpy' is a pointer to non-trivially copyable type 'hb_vector_t<hb_aat_map_t::range_flags_t, true>' [-Wnontrivial-memcall]
  179 |   memcpy (obj, std::addressof (Null (Type)), sizeof (*obj));
      |           ^
/home/mm/map2-audio/juce-engine/build/_deps/juce-src/modules/juce_graphics/fonts/harfbuzz/hb-null.hh:186:38: note: in instantiation of function template specialization 'Crap<hb_vector_t<hb_aat_map_t::range_flags_t, true>>' requested here
  186 |   static Type & get_crap () { return Crap<Type> (); }
      |                                      ^
/home/mm/map2-audio/juce-engine/build/_deps/juce-src/modules/juce_graphics/fonts/harfbuzz/hb-vector.hh:159:14: note: in instantiation of member function 'CrapHelper<hb_vector_t<hb_aat_map_t::range_flags_t, true>>::get_crap' requested here
  159 |       return Crap (Type);
      |              ^
/home/mm/map2-audio/juce-engine/build/_deps/juce-src/modules/juce_graphics/fonts/harfbuzz/hb-null.hh:188:38: note: expanded from macro 'Crap'
  188 | #define Crap(Type) CrapHelper<Type>::get_crap ()
      |                                      ^
/home/mm/map2-audio/juce-engine/build/_deps/juce-src/modules/juce_graphics/fonts/harfbuzz/hb-aat-layout-morx-table.hh:1162:23: note: in instantiation of member function 'hb_vector_t<hb_vector_t<hb_aat_map_t::range_flags_t, true>>::operator[]' requested here
 1162 |       map->chain_flags[i].push (hb_aat_map_t::range_flags_t {chain->compile_flags (mapper),
      |                       ^
/home/mm/map2-audio/juce-engine/build/_deps/juce-src/modules/juce_graphics/fonts/harfbuzz/hb-aat-layout.cc:217:10: note: in instantiation of member function 'AAT::mortmorx<AAT::ExtendedTypes, 1836020344>::compile_flags' requested here
  217 |     morx.compile_flags (mapper, map);
      |          ^
/home/mm/map2-audio/juce-engine/build/_deps/juce-src/modules/juce_graphics/fonts/harfbuzz/hb-null.hh:179:11: note: explicitly cast the pointer to silence this warning
  179 |   memcpy (obj, std::addressof (Null (Type)), sizeof (*obj));
      |           ^
      |           (void*)
/home/mm/map2-audio/juce-engine/build/_deps/juce-src/modules/juce_graphics/fonts/harfbuzz/hb-null.hh:179:11: warning: first argument in call to 'memcpy' is a pointer to non-trivially copyable type 'OT::VariationSelectorRecord' [-Wnontrivial-memcall]
  179 |   memcpy (obj, std::addressof (Null (Type)), sizeof (*obj));
      |           ^
/home/mm/map2-audio/juce-engine/build/_deps/juce-src/modules/juce_graphics/fonts/harfbuzz/hb-null.hh:186:38: note: in instantiation of function template specialization 'Crap<OT::VariationSelectorRecord>' requested here
  186 |   static Type & get_crap () { return Crap<Type> (); }
      |                                      ^
/home/mm/map2-audio/juce-engine/build/_deps/juce-src/modules/juce_graphics/fonts/harfbuzz/hb-open-type.hh:638:37: note: in instantiation of member function 'CrapHelper<OT::VariationSelectorRecord>::get_crap' requested here
  638 |     if (unlikely (i >= len)) return Crap (Type);
      |                                     ^
/home/mm/map2-audio/juce-engine/build/_deps/juce-src/modules/juce_graphics/fonts/harfbuzz/hb-null.hh:188:38: note: expanded from macro 'Crap'
  188 | #define Crap(Type) CrapHelper<Type>::get_crap ()
      |                                      ^
/home/mm/map2-audio/juce-engine/build/_deps/juce-src/modules/juce_graphics/fonts/harfbuzz/hb-ot-cmap-table.hh:1304:26: note: in instantiation of member function 'OT::ArrayOf<OT::VariationSelectorRecord, OT::IntType<unsigned int>>::operator[]' requested here
 1304 |       c->add_link (record[j].defaultUVS, obj_indices[i].first);
      |                          ^
/home/mm/map2-audio/juce-engine/build/_deps/juce-src/modules/juce_graphics/fonts/harfbuzz/hb-null.hh:179:11: note: explicitly cast the pointer to silence this warning
  179 |   memcpy (obj, std::addressof (Null (Type)), sizeof (*obj));
      |           ^
      |           (void*)
/home/mm/map2-audio/juce-engine/build/_deps/juce-src/modules/juce_graphics/fonts/harfbuzz/hb-null.hh:179:11: warning: first argument in call to 'memcpy' is a pointer to non-trivially copyable type 'CFF::parsed_cs_str_t' [-Wnontrivial-memcall]
  179 |   memcpy (obj, std::addressof (Null (Type)), sizeof (*obj));
      |           ^
/home/mm/map2-audio/juce-engine/build/_deps/juce-src/modules/juce_graphics/fonts/harfbuzz/hb-null.hh:186:38: note: in instantiation of function template specialization 'Crap<CFF::parsed_cs_str_t>' requested here
  186 |   static Type & get_crap () { return Crap<Type> (); }
      |                                      ^
/home/mm/map2-audio/juce-engine/build/_deps/juce-src/modules/juce_graphics/fonts/harfbuzz/hb-vector.hh:159:14: note: in instantiation of member function 'CrapHelper<CFF::parsed_cs_str_t>::get_crap' requested here
  159 |       return Crap (Type);
      |              ^
/home/mm/map2-audio/juce-engine/build/_deps/juce-src/modules/juce_graphics/fonts/harfbuzz/hb-null.hh:188:38: note: expanded from macro 'Crap'
  188 | #define Crap(Type) CrapHelper<Type>::get_crap ()
      |                                      ^
/home/mm/map2-audio/juce-engine/build/_deps/juce-src/modules/juce_graphics/fonts/harfbuzz/hb-subset-cff-common.hh:559:33: note: in instantiation of member function 'hb_vector_t<CFF::parsed_cs_str_t>::operator[]' requested here
  559 |           return &(*parsed_local_subrs)[context.subr_num];
      |                                        ^
/home/mm/map2-audio/juce-engine/build/_deps/juce-src/modules/juce_graphics/fonts/harfbuzz/hb-null.hh:179:11: note: explicitly cast the pointer to silence this warning
  179 |   memcpy (obj, std::addressof (Null (Type)), sizeof (*obj));
      |           ^
      |           (void*)
/home/mm/map2-audio/juce-engine/build/_deps/juce-src/modules/juce_graphics/fonts/harfbuzz/hb-null.hh:179:11: warning: first argument in call to 'memcpy' is a pointer to non-trivially copyable type 'CFF::cff1_private_dict_values_base_t<CFF::dict_val_t>' [-Wnontrivial-memcall]
  179 |   memcpy (obj, std::addressof (Null (Type)), sizeof (*obj));
      |           ^
/home/mm/map2-audio/juce-engine/build/_deps/juce-src/modules/juce_graphics/fonts/harfbuzz/hb-null.hh:186:38: note: in instantiation of function template specialization 'Crap<CFF::cff1_private_dict_values_base_t<CFF::dict_val_t>>' requested here
  186 |   static Type & get_crap () { return Crap<Type> (); }
      |                                      ^
/home/mm/map2-audio/juce-engine/build/_deps/juce-src/modules/juce_graphics/fonts/harfbuzz/hb-vector.hh:159:14: note: in instantiation of member function 'CrapHelper<CFF::cff1_private_dict_values_base_t<CFF::dict_val_t>>::get_crap' requested here
  159 |       return Crap (Type);
      |              ^
/home/mm/map2-audio/juce-engine/build/_deps/juce-src/modules/juce_graphics/fonts/harfbuzz/hb-null.hh:188:38: note: expanded from macro 'Crap'
  188 | #define Crap(Type) CrapHelper<Type>::get_crap ()
      |                                      ^
/home/mm/map2-audio/juce-engine/build/_deps/juce-src/modules/juce_graphics/fonts/harfbuzz/hb-ot-cff1-table.hh:1172:2: note: in instantiation of member function 'hb_vector_t<CFF::cff1_private_dict_values_base_t<CFF::dict_val_t>>::operator[]' requested here
 1172 |         privateDicts[i].init ();
      |         ^
/home/mm/map2-audio/juce-engine/build/_deps/juce-src/modules/juce_graphics/fonts/harfbuzz/hb-ot-cff1-table.hh:1382:39: note: in instantiation of member function 'OT::cff1::accelerator_templ_t<CFF::cff1_private_dict_opset_t, CFF::cff1_private_dict_values_base_t<CFF::dict_val_t>>::accelerator_templ_t' requested here
 1382 |     accelerator_t (hb_face_t *face) : SUPER (face)
      |                                       ^
/home/mm/map2-audio/juce-engine/build/_deps/juce-src/modules/juce_graphics/fonts/harfbuzz/hb-null.hh:179:11: note: explicitly cast the pointer to silence this warning
  179 |   memcpy (obj, std::addressof (Null (Type)), sizeof (*obj));
      |           ^
      |           (void*)
/home/mm/map2-audio/juce-engine/build/_deps/juce-src/modules/juce_graphics/fonts/harfbuzz/hb-null.hh:179:11: warning: first argument in call to 'memcpy' is a pointer to non-trivially copyable type 'CFF::cff1_font_dict_values_t' [-Wnontrivial-memcall]
  179 |   memcpy (obj, std::addressof (Null (Type)), sizeof (*obj));
      |           ^
/home/mm/map2-audio/juce-engine/build/_deps/juce-src/modules/juce_graphics/fonts/harfbuzz/hb-null.hh:186:38: note: in instantiation of function template specialization 'Crap<CFF::cff1_font_dict_values_t>' requested here
  186 |   static Type & get_crap () { return Crap<Type> (); }
      |                                      ^
/home/mm/map2-audio/juce-engine/build/_deps/juce-src/modules/juce_graphics/fonts/harfbuzz/hb-vector.hh:210:30: note: in instantiation of member function 'CrapHelper<CFF::cff1_font_dict_values_t>::get_crap' requested here
  210 |       return std::addressof (Crap (Type));
      |                              ^
/home/mm/map2-audio/juce-engine/build/_deps/juce-src/modules/juce_graphics/fonts/harfbuzz/hb-null.hh:188:38: note: expanded from macro 'Crap'
  188 | #define Crap(Type) CrapHelper<Type>::get_crap ()
      |                                      ^
/home/mm/map2-audio/juce-engine/build/_deps/juce-src/modules/juce_graphics/fonts/harfbuzz/hb-ot-cff1-table.hh:1185:21: note: in instantiation of member function 'hb_vector_t<CFF::cff1_font_dict_values_t>::push' requested here
 1185 |           font = fontDicts.push ();
      |                            ^
/home/mm/map2-audio/juce-engine/build/_deps/juce-src/modules/juce_graphics/fonts/harfbuzz/hb-ot-cff1-table.hh:1382:39: note: in instantiation of member function 'OT::cff1::accelerator_templ_t<CFF::cff1_private_dict_opset_t, CFF::cff1_private_dict_values_base_t<CFF::dict_val_t>>::accelerator_templ_t' requested here
 1382 |     accelerator_t (hb_face_t *face) : SUPER (face)
      |                                       ^
/home/mm/map2-audio/juce-engine/build/_deps/juce-src/modules/juce_graphics/fonts/harfbuzz/hb-null.hh:179:11: note: explicitly cast the pointer to silence this warning
  179 |   memcpy (obj, std::addressof (Null (Type)), sizeof (*obj));
      |           ^
      |           (void*)
/home/mm/map2-audio/juce-engine/build/_deps/juce-src/modules/juce_graphics/fonts/harfbuzz/hb-null.hh:179:11: warning: first argument in call to 'memcpy' is a pointer to non-trivially copyable type 'CFF::cff1_private_dict_values_base_t<CFF::op_str_t>' [-Wnontrivial-memcall]
  179 |   memcpy (obj, std::addressof (Null (Type)), sizeof (*obj));
      |           ^
/home/mm/map2-audio/juce-engine/build/_deps/juce-src/modules/juce_graphics/fonts/harfbuzz/hb-null.hh:186:38: note: in instantiation of function template specialization 'Crap<CFF::cff1_private_dict_values_base_t<CFF::op_str_t>>' requested here
  186 |   static Type & get_crap () { return Crap<Type> (); }
      |                                      ^
/home/mm/map2-audio/juce-engine/build/_deps/juce-src/modules/juce_graphics/fonts/harfbuzz/hb-vector.hh:159:14: note: in instantiation of member function 'CrapHelper<CFF::cff1_private_dict_values_base_t<CFF::op_str_t>>::get_crap' requested here
  159 |       return Crap (Type);
      |              ^
/home/mm/map2-audio/juce-engine/build/_deps/juce-src/modules/juce_graphics/fonts/harfbuzz/hb-null.hh:188:38: note: expanded from macro 'Crap'
  188 | #define Crap(Type) CrapHelper<Type>::get_crap ()
      |                                      ^
/home/mm/map2-audio/juce-engine/build/_deps/juce-src/modules/juce_graphics/fonts/harfbuzz/hb-ot-cff1-table.hh:1172:2: note: in instantiation of member function 'hb_vector_t<CFF::cff1_private_dict_values_base_t<CFF::op_str_t>>::operator[]' requested here
 1172 |         privateDicts[i].init ();
      |         ^
/home/mm/map2-audio/juce-engine/build/_deps/juce-src/modules/juce_graphics/fonts/harfbuzz/hb-ot-cff1-table.hh:1516:46: note: in instantiation of member function 'OT::cff1::accelerator_templ_t<CFF::cff1_private_dict_opset_subset_t, CFF::cff1_private_dict_values_base_t<CFF::op_str_t>>::accelerator_templ_t' requested here
 1516 |     accelerator_subset_t (hb_face_t *face) : SUPER (face) {}
      |                                              ^
/home/mm/map2-audio/juce-engine/build/_deps/juce-src/modules/juce_graphics/fonts/harfbuzz/hb-null.hh:179:11: note: explicitly cast the pointer to silence this warning
  179 |   memcpy (obj, std::addressof (Null (Type)), sizeof (*obj));
      |           ^
      |           (void*)
/home/mm/map2-audio/juce-engine/build/_deps/juce-src/modules/juce_graphics/fonts/harfbuzz/hb-null.hh:179:11: warning: first argument in call to 'memcpy' is a pointer to non-trivially copyable type 'CFF::cff2_font_dict_values_t' [-Wnontrivial-memcall]
  179 |   memcpy (obj, std::addressof (Null (Type)), sizeof (*obj));
      |           ^
/home/mm/map2-audio/juce-engine/build/_deps/juce-src/modules/juce_graphics/fonts/harfbuzz/hb-null.hh:186:38: note: in instantiation of function template specialization 'Crap<CFF::cff2_font_dict_values_t>' requested here
  186 |   static Type & get_crap () { return Crap<Type> (); }
      |                                      ^
/home/mm/map2-audio/juce-engine/build/_deps/juce-src/modules/juce_graphics/fonts/harfbuzz/hb-ot-cff2-table.hh:461:25: note: in instantiation of member function 'CrapHelper<CFF::cff2_font_dict_values_t>::get_crap' requested here
  461 |         if (unlikely (font == &Crap (cff2_font_dict_values_t))) goto fail;
      |                                ^
/home/mm/map2-audio/juce-engine/build/_deps/juce-src/modules/juce_graphics/fonts/harfbuzz/hb-null.hh:188:38: note: expanded from macro 'Crap'
  188 | #define Crap(Type) CrapHelper<Type>::get_crap ()
      |                                      ^
/home/mm/map2-audio/juce-engine/build/_deps/juce-src/modules/juce_graphics/fonts/harfbuzz/hb.hh:260:47: note: expanded from macro 'unlikely'
  260 | #define unlikely(expr) __builtin_expect (bool(expr), 0)
      |                                               ^
/home/mm/map2-audio/juce-engine/build/_deps/juce-src/modules/juce_graphics/fonts/harfbuzz/hb-ot-cff2-table.hh:526:39: note: in instantiation of member function 'OT::cff2::accelerator_templ_t<CFF::cff2_private_dict_opset_t, CFF::cff2_private_dict_values_base_t<CFF::dict_val_t>>::accelerator_templ_t' requested here
  526 |     accelerator_t (hb_face_t *face) : accelerator_templ_t (face) {}
      |                                       ^
/home/mm/map2-audio/juce-engine/build/_deps/juce-src/modules/juce_graphics/fonts/harfbuzz/hb-null.hh:179:11: note: explicitly cast the pointer to silence this warning
  179 |   memcpy (obj, std::addressof (Null (Type)), sizeof (*obj));
      |           ^
      |           (void*)
/home/mm/map2-audio/juce-engine/build/_deps/juce-src/modules/juce_graphics/fonts/harfbuzz/hb-null.hh:179:11: warning: first argument in call to 'memcpy' is a pointer to non-trivially copyable type 'CFF::cff2_private_dict_values_base_t<CFF::dict_val_t>' [-Wnontrivial-memcall]
  179 |   memcpy (obj, std::addressof (Null (Type)), sizeof (*obj));
      |           ^
/home/mm/map2-audio/juce-engine/build/_deps/juce-src/modules/juce_graphics/fonts/harfbuzz/hb-null.hh:186:38: note: in instantiation of function template specialization 'Crap<CFF::cff2_private_dict_values_base_t<CFF::dict_val_t>>' requested here
  186 |   static Type & get_crap () { return Crap<Type> (); }
      |                                      ^
/home/mm/map2-audio/juce-engine/build/_deps/juce-src/modules/juce_graphics/fonts/harfbuzz/hb-vector.hh:159:14: note: in instantiation of member function 'CrapHelper<CFF::cff2_private_dict_values_base_t<CFF::dict_val_t>>::get_crap' requested here
  159 |       return Crap (Type);
      |              ^
/home/mm/map2-audio/juce-engine/build/_deps/juce-src/modules/juce_graphics/fonts/harfbuzz/hb-null.hh:188:38: note: expanded from macro 'Crap'
  188 | #define Crap(Type) CrapHelper<Type>::get_crap ()
      |                                      ^
/home/mm/map2-audio/juce-engine/build/_deps/juce-src/modules/juce_graphics/fonts/harfbuzz/hb-ot-cff2-table.hh:470:2: note: in instantiation of member function 'hb_vector_t<CFF::cff2_private_dict_values_base_t<CFF::dict_val_t>>::operator[]' requested here
  470 |         privateDicts[i].init ();
      |         ^
/home/mm/map2-audio/juce-engine/build/_deps/juce-src/modules/juce_graphics/fonts/harfbuzz/hb-ot-cff2-table.hh:526:39: note: in instantiation of member function 'OT::cff2::accelerator_templ_t<CFF::cff2_private_dict_opset_t, CFF::cff2_private_dict_values_base_t<CFF::dict_val_t>>::accelerator_templ_t' requested here
  526 |     accelerator_t (hb_face_t *face) : accelerator_templ_t (face) {}
      |                                       ^
/home/mm/map2-audio/juce-engine/build/_deps/juce-src/modules/juce_graphics/fonts/harfbuzz/hb-null.hh:179:11: note: explicitly cast the pointer to silence this warning
  179 |   memcpy (obj, std::addressof (Null (Type)), sizeof (*obj));
      |           ^
      |           (void*)
/home/mm/map2-audio/juce-engine/build/_deps/juce-src/modules/juce_graphics/fonts/harfbuzz/hb-null.hh:179:11: warning: first argument in call to 'memcpy' is a pointer to non-trivially copyable type 'CFF::cff2_private_dict_values_base_t<CFF::op_str_t>' [-Wnontrivial-memcall]
  179 |   memcpy (obj, std::addressof (Null (Type)), sizeof (*obj));
      |           ^
/home/mm/map2-audio/juce-engine/build/_deps/juce-src/modules/juce_graphics/fonts/harfbuzz/hb-null.hh:186:38: note: in instantiation of function template specialization 'Crap<CFF::cff2_private_dict_values_base_t<CFF::op_str_t>>' requested here
  186 |   static Type & get_crap () { return Crap<Type> (); }
      |                                      ^
/home/mm/map2-audio/juce-engine/build/_deps/juce-src/modules/juce_graphics/fonts/harfbuzz/hb-vector.hh:159:14: note: in instantiation of member function 'CrapHelper<CFF::cff2_private_dict_values_base_t<CFF::op_str_t>>::get_crap' requested here
  159 |       return Crap (Type);
      |              ^
/home/mm/map2-audio/juce-engine/build/_deps/juce-src/modules/juce_graphics/fonts/harfbuzz/hb-null.hh:188:38: note: expanded from macro 'Crap'
  188 | #define Crap(Type) CrapHelper<Type>::get_crap ()
      |                                      ^
/home/mm/map2-audio/juce-engine/build/_deps/juce-src/modules/juce_graphics/fonts/harfbuzz/hb-ot-cff2-table.hh:470:2: note: in instantiation of member function 'hb_vector_t<CFF::cff2_private_dict_values_base_t<CFF::op_str_t>>::operator[]' requested here
  470 |         privateDicts[i].init ();
      |         ^
/home/mm/map2-audio/juce-engine/build/_deps/juce-src/modules/juce_graphics/fonts/harfbuzz/hb-ot-cff2-table.hh:537:46: note: in instantiation of member function 'OT::cff2::accelerator_templ_t<CFF::cff2_private_dict_opset_subset_t, CFF::cff2_private_dict_values_base_t<CFF::op_str_t>>::accelerator_templ_t' requested here
  537 |     accelerator_subset_t (hb_face_t *face) : SUPER (face) {}
      |                                              ^
/home/mm/map2-audio/juce-engine/build/_deps/juce-src/modules/juce_graphics/fonts/harfbuzz/hb-null.hh:179:11: note: explicitly cast the pointer to silence this warning
  179 |   memcpy (obj, std::addressof (Null (Type)), sizeof (*obj));
      |           ^
      |           (void*)
/home/mm/map2-audio/juce-engine/build/_deps/juce-src/modules/juce_graphics/fonts/harfbuzz/hb-null.hh:179:11: warning: first argument in call to 'memcpy' is a pointer to non-trivially copyable type 'OT::IndexSubtableRecord' [-Wnontrivial-memcall]
  179 |   memcpy (obj, std::addressof (Null (Type)), sizeof (*obj));
      |           ^
/home/mm/map2-audio/juce-engine/build/_deps/juce-src/modules/juce_graphics/fonts/harfbuzz/hb-null.hh:186:38: note: in instantiation of function template specialization 'Crap<OT::IndexSubtableRecord>' requested here
  186 |   static Type & get_crap () { return Crap<Type> (); }
      |                                      ^
/home/mm/map2-audio/juce-engine/build/_deps/juce-src/modules/juce_graphics/fonts/harfbuzz/hb-vector.hh:159:14: note: in instantiation of member function 'CrapHelper<OT::IndexSubtableRecord>::get_crap' requested here
  159 |       return Crap (Type);
      |              ^
/home/mm/map2-audio/juce-engine/build/_deps/juce-src/modules/juce_graphics/fonts/harfbuzz/hb-null.hh:188:38: note: expanded from macro 'Crap'
  188 | #define Crap(Type) CrapHelper<Type>::get_crap ()
      |                                      ^
/home/mm/map2-audio/juce-engine/build/_deps/juce-src/modules/juce_graphics/fonts/harfbuzz/OT/Color/CBDT/CBDT.hh:607:66: note: in instantiation of member function 'hb_vector_t<OT::IndexSubtableRecord>::operator[]' requested here
  607 |       IndexSubtableRecord* record = c->serializer->embed (records[i]);
      |                                                                  ^
/home/mm/map2-audio/juce-engine/build/_deps/juce-src/modules/juce_graphics/fonts/harfbuzz/hb-null.hh:179:11: note: explicitly cast the pointer to silence this warning
  179 |   memcpy (obj, std::addressof (Null (Type)), sizeof (*obj));
      |           ^
      |           (void*)
/home/mm/map2-audio/juce-engine/build/_deps/juce-src/modules/juce_graphics/fonts/harfbuzz/hb-null.hh:179:11: warning: first argument in call to 'memcpy' is a pointer to non-trivially copyable type 'OT::index_map_subset_plan_t' [-Wnontrivial-memcall]
  179 |   memcpy (obj, std::addressof (Null (Type)), sizeof (*obj));
      |           ^
/home/mm/map2-audio/juce-engine/build/_deps/juce-src/modules/juce_graphics/fonts/harfbuzz/hb-null.hh:186:38: note: in instantiation of function template specialization 'Crap<OT::index_map_subset_plan_t>' requested here
  186 |   static Type & get_crap () { return Crap<Type> (); }
      |                                      ^
/home/mm/map2-audio/juce-engine/build/_deps/juce-src/modules/juce_graphics/fonts/harfbuzz/hb-vector.hh:159:14: note: in instantiation of member function 'CrapHelper<OT::index_map_subset_plan_t>::get_crap' requested here
  159 |       return Crap (Type);
      |              ^
/home/mm/map2-audio/juce-engine/build/_deps/juce-src/modules/juce_graphics/fonts/harfbuzz/hb-null.hh:188:38: note: expanded from macro 'Crap'
  188 | #define Crap(Type) CrapHelper<Type>::get_crap ()
      |                                      ^
/home/mm/map2-audio/juce-engine/build/_deps/juce-src/modules/juce_graphics/fonts/harfbuzz/OT/glyf/../../hb-ot-var-hvar-table.hh:207:20: note: in instantiation of member function 'hb_vector_t<OT::index_map_subset_plan_t>::operator[]' requested here
  207 |     index_map_plans[0].init (*index_maps[0], outer_map, inner_sets, plan, false);
      |                    ^
/home/mm/map2-audio/juce-engine/build/_deps/juce-src/modules/juce_graphics/fonts/harfbuzz/hb-null.hh:179:11: note: explicitly cast the pointer to silence this warning
  179 |   memcpy (obj, std::addressof (Null (Type)), sizeof (*obj));
      |           ^
      |           (void*)
19 warnings generated.
[ 62%] Building CXX object CMakeFiles/PassionFXPlugin.dir/home/mm/map2-audio/juce-engine/build/_deps/juce-src/modules/juce_audio_devices/juce_audio_devices.cpp.o
[ 65%] Building CXX object CMakeFiles/PassionFXPlugin.dir/home/mm/map2-audio/juce-engine/build/_deps/juce-src/modules/juce_dsp/juce_dsp.cpp.o
In file included from /home/mm/map2-audio/juce-engine/Source/PassionFXProcessor.cpp:13:
In file included from /home/mm/map2-audio/juce-engine/Source/PassionFXProcessor.h:15:
/home/mm/map2-audio/juce-engine/Source/Common.h:218:18: warning: non-static data member 'format' of 'PluginInfoExtended' shadows member inherited from type 'PluginInfo' [-Wshadow-field]
  218 |     PluginFormat format = PluginFormat::Unknown;
      |                  ^
/home/mm/map2-audio/juce-engine/Source/Common.h:129:18: note: declared here
  129 |     PluginFormat format = PluginFormat::Unknown;  // NEW: Plugin format
      |                  ^
/home/mm/map2-audio/juce-engine/Source/Common.h:219:17: warning: non-static data member 'formatName' of 'PluginInfoExtended' shadows member inherited from type 'PluginInfo' [-Wshadow-field]
  219 |     std::string formatName;
      |                 ^
/home/mm/map2-audio/juce-engine/Source/Common.h:130:17: note: declared here
  130 |     std::string formatName;                        // NEW: Human-readable format
      |                 ^
/home/mm/map2-audio/juce-engine/Source/Common.h:220:17: warning: non-static data member 'filePath' of 'PluginInfoExtended' shadows member inherited from type 'PluginInfo' [-Wshadow-field]
  220 |     std::string filePath;
      |                 ^
/home/mm/map2-audio/juce-engine/Source/Common.h:131:17: note: declared here
  131 |     std::string filePath;                          // NEW: Path to plugin file
      |                 ^
/home/mm/map2-audio/juce-engine/Source/Common.h:221:9: warning: non-static data member 'latencySamples' of 'PluginInfoExtended' shadows member inherited from type 'PluginInfo' [-Wshadow-field]
  221 |     int latencySamples = 0;
      |         ^
/home/mm/map2-audio/juce-engine/Source/Common.h:132:9: note: declared here
  132 |     int latencySamples = 0;                        // NEW: Reported latency
      |         ^
/home/mm/map2-audio/juce-engine/Source/Common.h:256:13: warning: enumeration value 'Unknown' not explicitly handled in switch [-Wswitch-enum]
  256 |     switch (format) {
      |             ^~~~~~
/home/mm/map2-audio/juce-engine/Source/Common.h:294:42: warning: implicit conversion from 'int' to 'float' may lose precision [-Wimplicit-int-float-conversion]
  294 |     return static_cast<int>((frequency * fftSize) / sampleRate);
      |                                        ~ ^~~~~~~
/home/mm/map2-audio/juce-engine/Source/PassionFXProcessor.cpp:24:19: warning: implicit conversion changes signedness: 'int' to 'size_type' (aka 'unsigned long') [-Wsign-conversion]
   24 |     buffer.resize(maxSamples, 0.0f);
      |            ~~~~~~ ^~~~~~~~~~
/home/mm/map2-audio/juce-engine/Source/PassionFXProcessor.cpp:34:28: warning: implicit conversion changes signedness: 'int' to 'size_type' (aka 'unsigned long') [-Wsign-conversion]
   34 |     float delayed = buffer[readPos];
      |                     ~~~~~~ ^~~~~~~
/home/mm/map2-audio/juce-engine/Source/PassionFXProcessor.cpp:36:12: warning: implicit conversion changes signedness: 'int' to 'size_type' (aka 'unsigned long') [-Wsign-conversion]
   36 |     buffer[writePos] = input + delayed * feedback;
      |     ~~~~~~ ^~~~~~~~
/home/mm/map2-audio/juce-engine/Source/PassionFXProcessor.cpp:66:45: warning: implicit conversion changes signedness: 'int' to 'size_type' (aka 'unsigned long') [-Wsign-conversion]
   66 |         chorusVoiceState_[i].bufferL.resize(chorusBufferSize, 0.0f);
      |                                      ~~~~~~ ^~~~~~~~~~~~~~~~
/home/mm/map2-audio/juce-engine/Source/PassionFXProcessor.cpp:66:27: warning: implicit conversion changes signedness: 'int' to 'size_type' (aka 'unsigned long') [-Wsign-conversion]
   66 |         chorusVoiceState_[i].bufferL.resize(chorusBufferSize, 0.0f);
      |         ~~~~~~~~~~~~~~~~~ ^
/home/mm/map2-audio/juce-engine/Source/PassionFXProcessor.cpp:67:45: warning: implicit conversion changes signedness: 'int' to 'size_type' (aka 'unsigned long') [-Wsign-conversion]
   67 |         chorusVoiceState_[i].bufferR.resize(chorusBufferSize, 0.0f);
      |                                      ~~~~~~ ^~~~~~~~~~~~~~~~
/home/mm/map2-audio/juce-engine/Source/PassionFXProcessor.cpp:67:27: warning: implicit conversion changes signedness: 'int' to 'size_type' (aka 'unsigned long') [-Wsign-conversion]
   67 |         chorusVoiceState_[i].bufferR.resize(chorusBufferSize, 0.0f);
      |         ~~~~~~~~~~~~~~~~~ ^
/home/mm/map2-audio/juce-engine/Source/PassionFXProcessor.cpp:68:27: warning: implicit conversion changes signedness: 'int' to 'size_type' (aka 'unsigned long') [-Wsign-conversion]
   68 |         chorusVoiceState_[i].writePos = 0;
      |         ~~~~~~~~~~~~~~~~~ ^
/home/mm/map2-audio/juce-engine/Source/PassionFXProcessor.cpp:69:27: warning: implicit conversion changes signedness: 'int' to 'size_type' (aka 'unsigned long') [-Wsign-conversion]
   69 |         chorusVoiceState_[i].lfoPhase = static_cast<double>(i) / MAX_CHORUS_VOICES;
      |         ~~~~~~~~~~~~~~~~~ ^
/home/mm/map2-audio/juce-engine/Source/PassionFXProcessor.cpp:74:26: warning: implicit conversion changes signedness: 'int' to 'size_type' (aka 'unsigned long') [-Wsign-conversion]
   74 |     pitchBufferL_.resize(pitchBufSize, 0.0f);
      |                   ~~~~~~ ^~~~~~~~~~~~
/home/mm/map2-audio/juce-engine/Source/PassionFXProcessor.cpp:75:26: warning: implicit conversion changes signedness: 'int' to 'size_type' (aka 'unsigned long') [-Wsign-conversion]
   75 |     pitchBufferR_.resize(pitchBufSize, 0.0f);
      |                   ~~~~~~ ^~~~~~~~~~~~
/home/mm/map2-audio/juce-engine/Source/PassionFXProcessor.cpp:79:23: warning: implicit conversion changes signedness: 'int' to 'size_type' (aka 'unsigned long') [-Wsign-conversion]
   79 |         pitchGrainsL_[i].readPos = phase * PITCH_GRAIN_SIZE;
      |         ~~~~~~~~~~~~~ ^
/home/mm/map2-audio/juce-engine/Source/PassionFXProcessor.cpp:80:23: warning: implicit conversion changes signedness: 'int' to 'size_type' (aka 'unsigned long') [-Wsign-conversion]
   80 |         pitchGrainsL_[i].sampleCount = static_cast<int>(phase * PITCH_GRAIN_SIZE);
      |         ~~~~~~~~~~~~~ ^
/home/mm/map2-audio/juce-engine/Source/PassionFXProcessor.cpp:81:23: warning: implicit conversion changes signedness: 'int' to 'size_type' (aka 'unsigned long') [-Wsign-conversion]
   81 |         pitchGrainsL_[i].active = true;
      |         ~~~~~~~~~~~~~ ^
/home/mm/map2-audio/juce-engine/Source/PassionFXProcessor.cpp:82:23: warning: implicit conversion changes signedness: 'int' to 'size_type' (aka 'unsigned long') [-Wsign-conversion]
   82 |         pitchGrainsR_[i].readPos = phase * PITCH_GRAIN_SIZE;
      |         ~~~~~~~~~~~~~ ^
/home/mm/map2-audio/juce-engine/Source/PassionFXProcessor.cpp:83:23: warning: implicit conversion changes signedness: 'int' to 'size_type' (aka 'unsigned long') [-Wsign-conversion]
   83 |         pitchGrainsR_[i].sampleCount = static_cast<int>(phase * PITCH_GRAIN_SIZE);
      |         ~~~~~~~~~~~~~ ^
/home/mm/map2-audio/juce-engine/Source/PassionFXProcessor.cpp:84:23: warning: implicit conversion changes signedness: 'int' to 'size_type' (aka 'unsigned long') [-Wsign-conversion]
   84 |         pitchGrainsR_[i].active = true;
      |         ~~~~~~~~~~~~~ ^
/home/mm/map2-audio/juce-engine/Source/PassionFXProcessor.cpp:89:25: warning: implicit conversion changes signedness: 'int' to 'size_type' (aka 'unsigned long') [-Wsign-conversion]
   89 |     harmBufferL_.resize(harmBufSize, 0.0f);
      |                  ~~~~~~ ^~~~~~~~~~~
/home/mm/map2-audio/juce-engine/Source/PassionFXProcessor.cpp:90:25: warning: implicit conversion changes signedness: 'int' to 'size_type' (aka 'unsigned long') [-Wsign-conversion]
   90 |     harmBufferR_.resize(harmBufSize, 0.0f);
      |                  ~~~~~~ ^~~~~~~~~~~
/home/mm/map2-audio/juce-engine/Source/PassionFXProcessor.cpp:94:24: warning: implicit conversion changes signedness: 'int' to 'size_type' (aka 'unsigned long') [-Wsign-conversion]
   94 |         harmGrainsV1L_[i] = { phase * PITCH_GRAIN_SIZE, static_cast<int>(phase * PITCH_GRAIN_SIZE) };
      |         ~~~~~~~~~~~~~~ ^
/home/mm/map2-audio/juce-engine/Source/PassionFXProcessor.cpp:95:24: warning: implicit conversion changes signedness: 'int' to 'size_type' (aka 'unsigned long') [-Wsign-conversion]
   95 |         harmGrainsV1R_[i] = { phase * PITCH_GRAIN_SIZE, static_cast<int>(phase * PITCH_GRAIN_SIZE) };
      |         ~~~~~~~~~~~~~~ ^
/home/mm/map2-audio/juce-engine/Source/PassionFXProcessor.cpp:96:24: warning: implicit conversion changes signedness: 'int' to 'size_type' (aka 'unsigned long') [-Wsign-conversion]
   96 |         harmGrainsV2L_[i] = { phase * PITCH_GRAIN_SIZE, static_cast<int>(phase * PITCH_GRAIN_SIZE) };
      |         ~~~~~~~~~~~~~~ ^
/home/mm/map2-audio/juce-engine/Source/PassionFXProcessor.cpp:97:24: warning: implicit conversion changes signedness: 'int' to 'size_type' (aka 'unsigned long') [-Wsign-conversion]
   97 |         harmGrainsV2R_[i] = { phase * PITCH_GRAIN_SIZE, static_cast<int>(phase * PITCH_GRAIN_SIZE) };
      |         ~~~~~~~~~~~~~~ ^
/home/mm/map2-audio/juce-engine/Source/PassionFXProcessor.cpp:104:26: warning: implicit conversion changes signedness: 'int' to 'size_type' (aka 'unsigned long') [-Wsign-conversion]
  104 |     delayBufferL_.resize(delayBufSize, 0.0f);
      |                   ~~~~~~ ^~~~~~~~~~~~
/home/mm/map2-audio/juce-engine/Source/PassionFXProcessor.cpp:105:26: warning: implicit conversion changes signedness: 'int' to 'size_type' (aka 'unsigned long') [-Wsign-conversion]
  105 |     delayBufferR_.resize(delayBufSize, 0.0f);
      |                   ~~~~~~ ^~~~~~~~~~~~
/home/mm/map2-audio/juce-engine/Source/PassionFXProcessor.cpp:110:28: warning: implicit conversion changes signedness: 'int' to 'size_type' (aka 'unsigned long') [-Wsign-conversion]
  110 |     delayPitchBufL_.resize(delayPitchBufSize, 0.0f);
      |                     ~~~~~~ ^~~~~~~~~~~~~~~~~
/home/mm/map2-audio/juce-engine/Source/PassionFXProcessor.cpp:111:28: warning: implicit conversion changes signedness: 'int' to 'size_type' (aka 'unsigned long') [-Wsign-conversion]
  111 |     delayPitchBufR_.resize(delayPitchBufSize, 0.0f);
      |                     ~~~~~~ ^~~~~~~~~~~~~~~~~
/home/mm/map2-audio/juce-engine/Source/PassionFXProcessor.cpp:115:28: warning: implicit conversion changes signedness: 'int' to 'size_type' (aka 'unsigned long') [-Wsign-conversion]
  115 |         delayPitchGrainsL_[i] = { phase * PITCH_GRAIN_SIZE, static_cast<int>(phase * PITCH_GRAIN_SIZE), true };
      |         ~~~~~~~~~~~~~~~~~~ ^
/home/mm/map2-audio/juce-engine/Source/PassionFXProcessor.cpp:116:28: warning: implicit conversion changes signedness: 'int' to 'size_type' (aka 'unsigned long') [-Wsign-conversion]
  116 |         delayPitchGrainsR_[i] = { phase * PITCH_GRAIN_SIZE, static_cast<int>(phase * PITCH_GRAIN_SIZE), true };
      |         ~~~~~~~~~~~~~~~~~~ ^
/home/mm/map2-audio/juce-engine/Source/PassionFXProcessor.cpp:122:58: warning: implicit conversion changes signedness: 'int' to 'size_type' (aka 'unsigned long') [-Wsign-conversion]
  122 |         int scaledDelay = static_cast<int>(REVERB_DELAYS[i] * sampleRate / 48000.0);
      |                                            ~~~~~~~~~~~~~ ^
/home/mm/map2-audio/juce-engine/Source/PassionFXProcessor.cpp:123:39: warning: implicit conversion changes signedness: 'int' to 'size_type' (aka 'unsigned long') [-Wsign-conversion]
  123 |         reverbTapsL_[i].buffer.resize(reverbBufferSize, 0.0f);
      |                                ~~~~~~ ^~~~~~~~~~~~~~~~
/home/mm/map2-audio/juce-engine/Source/PassionFXProcessor.cpp:123:22: warning: implicit conversion changes signedness: 'int' to 'size_type' (aka 'unsigned long') [-Wsign-conversion]
  123 |         reverbTapsL_[i].buffer.resize(reverbBufferSize, 0.0f);
      |         ~~~~~~~~~~~~ ^
/home/mm/map2-audio/juce-engine/Source/PassionFXProcessor.cpp:124:22: warning: implicit conversion changes signedness: 'int' to 'size_type' (aka 'unsigned long') [-Wsign-conversion]
  124 |         reverbTapsL_[i].delaySamples = scaledDelay;
      |         ~~~~~~~~~~~~ ^
/home/mm/map2-audio/juce-engine/Source/PassionFXProcessor.cpp:125:22: warning: implicit conversion changes signedness: 'int' to 'size_type' (aka 'unsigned long') [-Wsign-conversion]
  125 |         reverbTapsL_[i].modPhase = static_cast<double>(i) / NUM_REVERB_TAPS;
      |         ~~~~~~~~~~~~ ^
/home/mm/map2-audio/juce-engine/Source/PassionFXProcessor.cpp:127:39: warning: implicit conversion changes signedness: 'int' to 'size_type' (aka 'unsigned long') [-Wsign-conversion]
  127 |         reverbTapsR_[i].buffer.resize(reverbBufferSize, 0.0f);
      |                                ~~~~~~ ^~~~~~~~~~~~~~~~
/home/mm/map2-audio/juce-engine/Source/PassionFXProcessor.cpp:127:22: warning: implicit conversion changes signedness: 'int' to 'size_type' (aka 'unsigned long') [-Wsign-conversion]
  127 |         reverbTapsR_[i].buffer.resize(reverbBufferSize, 0.0f);
      |         ~~~~~~~~~~~~ ^
/home/mm/map2-audio/juce-engine/Source/PassionFXProcessor.cpp:128:22: warning: implicit conversion changes signedness: 'int' to 'size_type' (aka 'unsigned long') [-Wsign-conversion]
  128 |         reverbTapsR_[i].delaySamples = scaledDelay;
      |         ~~~~~~~~~~~~ ^
/home/mm/map2-audio/juce-engine/Source/PassionFXProcessor.cpp:129:22: warning: implicit conversion changes signedness: 'int' to 'size_type' (aka 'unsigned long') [-Wsign-conversion]
  129 |         reverbTapsR_[i].modPhase = static_cast<double>(i) / NUM_REVERB_TAPS + 0.5;
      |         ~~~~~~~~~~~~ ^
/home/mm/map2-audio/juce-engine/Source/PassionFXProcessor.cpp:136:27: warning: implicit conversion changes signedness: 'int' to 'size_type' (aka 'unsigned long') [-Wsign-conversion]
  136 |         reverbDiffusersL_[i].prepare(scaledDelay * 2);
      |         ~~~~~~~~~~~~~~~~~ ^
/home/mm/map2-audio/juce-engine/Source/PassionFXProcessor.cpp:137:27: warning: implicit conversion changes signedness: 'int' to 'size_type' (aka 'unsigned long') [-Wsign-conversion]
  137 |         reverbDiffusersL_[i].delaySamples = scaledDelay;
      |         ~~~~~~~~~~~~~~~~~ ^
/home/mm/map2-audio/juce-engine/Source/PassionFXProcessor.cpp:138:27: warning: implicit conversion changes signedness: 'int' to 'size_type' (aka 'unsigned long') [-Wsign-conversion]
  138 |         reverbDiffusersL_[i].feedback = 0.6f;
      |         ~~~~~~~~~~~~~~~~~ ^
/home/mm/map2-audio/juce-engine/Source/PassionFXProcessor.cpp:140:27: warning: implicit conversion changes signedness: 'int' to 'size_type' (aka 'unsigned long') [-Wsign-conversion]
  140 |         reverbDiffusersR_[i].prepare(scaledDelay * 2);
      |         ~~~~~~~~~~~~~~~~~ ^
/home/mm/map2-audio/juce-engine/Source/PassionFXProcessor.cpp:141:27: warning: implicit conversion changes signedness: 'int' to 'size_type' (aka 'unsigned long') [-Wsign-conversion]
  141 |         reverbDiffusersR_[i].delaySamples = scaledDelay;
      |         ~~~~~~~~~~~~~~~~~ ^
/home/mm/map2-audio/juce-engine/Source/PassionFXProcessor.cpp:142:27: warning: implicit conversion changes signedness: 'int' to 'size_type' (aka 'unsigned long') [-Wsign-conversion]
  142 |         reverbDiffusersR_[i].feedback = 0.6f;
      |         ~~~~~~~~~~~~~~~~~ ^
/home/mm/map2-audio/juce-engine/Source/PassionFXProcessor.cpp:147:28: warning: implicit conversion changes signedness: 'int' to 'size_type' (aka 'unsigned long') [-Wsign-conversion]
  147 |     shimmerBufferL_.resize(shimmerBufSize, 0.0f);
      |                     ~~~~~~ ^~~~~~~~~~~~~~
/home/mm/map2-audio/juce-engine/Source/PassionFXProcessor.cpp:148:28: warning: implicit conversion changes signedness: 'int' to 'size_type' (aka 'unsigned long') [-Wsign-conversion]
  148 |     shimmerBufferR_.resize(shimmerBufSize, 0.0f);
      |                     ~~~~~~ ^~~~~~~~~~~~~~
/home/mm/map2-audio/juce-engine/Source/PassionFXProcessor.cpp:152:25: warning: implicit conversion changes signedness: 'int' to 'size_type' (aka 'unsigned long') [-Wsign-conversion]
  152 |         shimmerGrainsL_[i] = { phase * PITCH_GRAIN_SIZE, static_cast<int>(phase * PITCH_GRAIN_SIZE), true };
      |         ~~~~~~~~~~~~~~~ ^
/home/mm/map2-audio/juce-engine/Source/PassionFXProcessor.cpp:153:25: warning: implicit conversion changes signedness: 'int' to 'size_type' (aka 'unsigned long') [-Wsign-conversion]
  153 |         shimmerGrainsR_[i] = { phase * PITCH_GRAIN_SIZE, static_cast<int>(phase * PITCH_GRAIN_SIZE), true };
      |         ~~~~~~~~~~~~~~~ ^
/home/mm/map2-audio/juce-engine/Source/PassionFXProcessor.cpp:599:60: warning: implicit conversion changes signedness: 'int' to 'size_type' (aka 'unsigned long') [-Wsign-conversion]
  599 |         float newOutL = apCoeff * outL + phaserStageState_[s].stateL;
      |                                          ~~~~~~~~~~~~~~~~~ ^
/home/mm/map2-audio/juce-engine/Source/PassionFXProcessor.cpp:600:27: warning: implicit conversion changes signedness: 'int' to 'size_type' (aka 'unsigned long') [-Wsign-conversion]
  600 |         phaserStageState_[s].stateL = outL - apCoeff * newOutL;
      |         ~~~~~~~~~~~~~~~~~ ^
/home/mm/map2-audio/juce-engine/Source/PassionFXProcessor.cpp:603:60: warning: implicit conversion changes signedness: 'int' to 'size_type' (aka 'unsigned long') [-Wsign-conversion]
  603 |         float newOutR = apCoeff * outR + phaserStageState_[s].stateR;
      |                                          ~~~~~~~~~~~~~~~~~ ^
/home/mm/map2-audio/juce-engine/Source/PassionFXProcessor.cpp:604:27: warning: implicit conversion changes signedness: 'int' to 'size_type' (aka 'unsigned long') [-Wsign-conversion]
  604 |         phaserStageState_[s].stateR = outR - apCoeff * newOutR;
      |         ~~~~~~~~~~~~~~~~~ ^
/home/mm/map2-audio/juce-engine/Source/PassionFXProcessor.cpp:640:41: warning: implicit conversion changes signedness: 'int' to 'size_type' (aka 'unsigned long') [-Wsign-conversion]
  640 |         auto& voice = chorusVoiceState_[v];
      |                       ~~~~~~~~~~~~~~~~~ ^
/home/mm/map2-audio/juce-engine/Source/PassionFXProcessor.cpp:644:29: warning: implicit conversion changes signedness: 'int' to 'size_type' (aka 'unsigned long') [-Wsign-conversion]
  644 |         voice.bufferL[voice.writePos] = sampleL;
      |         ~~~~~         ~~~~~~^~~~~~~~
/home/mm/map2-audio/juce-engine/Source/PassionFXProcessor.cpp:645:29: warning: implicit conversion changes signedness: 'int' to 'size_type' (aka 'unsigned long') [-Wsign-conversion]
  645 |         voice.bufferR[voice.writePos] = sampleR;
      |         ~~~~~         ~~~~~~^~~~~~~~
/home/mm/map2-audio/juce-engine/Source/PassionFXProcessor.cpp:695:19: warning: implicit conversion changes signedness: 'int' to 'size_type' (aka 'unsigned long') [-Wsign-conversion]
  695 |     pitchBufferL_[pitchWritePos_] = sampleL;
      |     ~~~~~~~~~~~~~ ^~~~~~~~~~~~~~
/home/mm/map2-audio/juce-engine/Source/PassionFXProcessor.cpp:696:19: warning: implicit conversion changes signedness: 'int' to 'size_type' (aka 'unsigned long') [-Wsign-conversion]
  696 |     pitchBufferR_[pitchWritePos_] = sampleR;
      |     ~~~~~~~~~~~~~ ^~~~~~~~~~~~~~
/home/mm/map2-audio/juce-engine/Source/PassionFXProcessor.cpp:703:38: warning: implicit conversion changes signedness: 'int' to 'size_type' (aka 'unsigned long') [-Wsign-conversion]
  703 |         auto& grainL = pitchGrainsL_[g];
      |                        ~~~~~~~~~~~~~ ^
/home/mm/map2-audio/juce-engine/Source/PassionFXProcessor.cpp:704:38: warning: implicit conversion changes signedness: 'int' to 'size_type' (aka 'unsigned long') [-Wsign-conversion]
  704 |         auto& grainR = pitchGrainsR_[g];
      |                        ~~~~~~~~~~~~~ ^
/home/mm/map2-audio/juce-engine/Source/PassionFXProcessor.cpp:773:18: warning: implicit conversion changes signedness: 'int' to 'size_type' (aka 'unsigned long') [-Wsign-conversion]
  773 |     harmBufferL_[harmWritePos_] = sampleL;
      |     ~~~~~~~~~~~~ ^~~~~~~~~~~~~
/home/mm/map2-audio/juce-engine/Source/PassionFXProcessor.cpp:774:18: warning: implicit conversion changes signedness: 'int' to 'size_type' (aka 'unsigned long') [-Wsign-conversion]
  774 |     harmBufferR_[harmWritePos_] = sampleR;
      |     ~~~~~~~~~~~~ ^~~~~~~~~~~~~
/home/mm/map2-audio/juce-engine/Source/PassionFXProcessor.cpp:781:35: warning: implicit conversion changes signedness: 'int' to 'size_type' (aka 'unsigned long') [-Wsign-conversion]
  781 |         auto& gL = harmGrainsV1L_[g];
      |                    ~~~~~~~~~~~~~~ ^
/home/mm/map2-audio/juce-engine/Source/PassionFXProcessor.cpp:782:35: warning: implicit conversion changes signedness: 'int' to 'size_type' (aka 'unsigned long') [-Wsign-conversion]
  782 |         auto& gR = harmGrainsV1R_[g];
      |                    ~~~~~~~~~~~~~~ ^
/home/mm/map2-audio/juce-engine/Source/PassionFXProcessor.cpp:810:35: warning: implicit conversion changes signedness: 'int' to 'size_type' (aka 'unsigned long') [-Wsign-conversion]
  810 |         auto& gL = harmGrainsV2L_[g];
      |                    ~~~~~~~~~~~~~~ ^
/home/mm/map2-audio/juce-engine/Source/PassionFXProcessor.cpp:811:35: warning: implicit conversion changes signedness: 'int' to 'size_type' (aka 'unsigned long') [-Wsign-conversion]
  811 |         auto& gR = harmGrainsV2R_[g];
      |                    ~~~~~~~~~~~~~~ ^
/home/mm/map2-audio/juce-engine/Source/PassionFXProcessor.cpp:887:25: warning: implicit conversion changes signedness: 'int' to 'size_type' (aka 'unsigned long') [-Wsign-conversion]
  887 |         delayPitchBufL_[delayPitchWritePos_] = delayedL;
      |         ~~~~~~~~~~~~~~~ ^~~~~~~~~~~~~~~~~~~
/home/mm/map2-audio/juce-engine/Source/PassionFXProcessor.cpp:888:25: warning: implicit conversion changes signedness: 'int' to 'size_type' (aka 'unsigned long') [-Wsign-conversion]
  888 |         delayPitchBufR_[delayPitchWritePos_] = delayedR;
      |         ~~~~~~~~~~~~~~~ ^~~~~~~~~~~~~~~~~~~
/home/mm/map2-audio/juce-engine/Source/PassionFXProcessor.cpp:893:43: warning: implicit conversion changes signedness: 'int' to 'size_type' (aka 'unsigned long') [-Wsign-conversion]
  893 |             auto& gL = delayPitchGrainsL_[g];
      |                        ~~~~~~~~~~~~~~~~~~ ^
/home/mm/map2-audio/juce-engine/Source/PassionFXProcessor.cpp:894:43: warning: implicit conversion changes signedness: 'int' to 'size_type' (aka 'unsigned long') [-Wsign-conversion]
  894 |             auto& gR = delayPitchGrainsR_[g];
      |                        ~~~~~~~~~~~~~~~~~~ ^
/home/mm/map2-audio/juce-engine/Source/PassionFXProcessor.cpp:933:23: warning: implicit conversion changes signedness: 'int' to 'size_type' (aka 'unsigned long') [-Wsign-conversion]
  933 |         delayBufferL_[delayWritePos_] = sampleL + feedbackL * feedback;
      |         ~~~~~~~~~~~~~ ^~~~~~~~~~~~~~
/home/mm/map2-audio/juce-engine/Source/PassionFXProcessor.cpp:934:23: warning: implicit conversion changes signedness: 'int' to 'size_type' (aka 'unsigned long') [-Wsign-conversion]
  934 |         delayBufferR_[delayWritePos_] = sampleR + feedbackR * feedback;
      |         ~~~~~~~~~~~~~ ^~~~~~~~~~~~~~
/home/mm/map2-audio/juce-engine/Source/PassionFXProcessor.cpp:1000:35: warning: implicit conversion changes signedness: 'int' to 'size_type' (aka 'unsigned long') [-Wsign-conversion]
 1000 |         auto& tapL = reverbTapsL_[t];
      |                      ~~~~~~~~~~~~ ^
/home/mm/map2-audio/juce-engine/Source/PassionFXProcessor.cpp:1001:35: warning: implicit conversion changes signedness: 'int' to 'size_type' (aka 'unsigned long') [-Wsign-conversion]
 1001 |         auto& tapR = reverbTapsR_[t];
      |                      ~~~~~~~~~~~~ ^
/home/mm/map2-audio/juce-engine/Source/PassionFXProcessor.cpp:1017:34: warning: implicit conversion changes signedness: 'int' to 'size_type' (aka 'unsigned long') [-Wsign-conversion]
 1017 |         float rawL = tapL.buffer[readPosL];
      |                      ~~~~        ^~~~~~~~
/home/mm/map2-audio/juce-engine/Source/PassionFXProcessor.cpp:1018:34: warning: implicit conversion changes signedness: 'int' to 'size_type' (aka 'unsigned long') [-Wsign-conversion]
 1018 |         float rawR = tapR.buffer[readPosR];
      |                      ~~~~        ^~~~~~~~
/home/mm/map2-audio/juce-engine/Source/PassionFXProcessor.cpp:1024:17: warning: implicit conversion changes signedness: 'int' to 'size_type' (aka 'unsigned long') [-Wsign-conversion]
 1024 |         tapOutL[t] = rawL * (1.0f - damping) + tapL.lowpassState * damping;
      |         ~~~~~~~ ^
/home/mm/map2-audio/juce-engine/Source/PassionFXProcessor.cpp:1025:17: warning: implicit conversion changes signedness: 'int' to 'size_type' (aka 'unsigned long') [-Wsign-conversion]
 1025 |         tapOutR[t] = rawR * (1.0f - damping) + tapR.lowpassState * damping;
      |         ~~~~~~~ ^
/home/mm/map2-audio/juce-engine/Source/PassionFXProcessor.cpp:1035:14: warning: implicit conversion changes signedness: 'int' to 'size_type' (aka 'unsigned long') [-Wsign-conversion]
 1035 |         hadL[i] = tapOutL[i];
      |         ~~~~ ^
/home/mm/map2-audio/juce-engine/Source/PassionFXProcessor.cpp:1035:27: warning: implicit conversion changes signedness: 'int' to 'size_type' (aka 'unsigned long') [-Wsign-conversion]
 1035 |         hadL[i] = tapOutL[i];
      |                   ~~~~~~~ ^
/home/mm/map2-audio/juce-engine/Source/PassionFXProcessor.cpp:1036:14: warning: implicit conversion changes signedness: 'int' to 'size_type' (aka 'unsigned long') [-Wsign-conversion]
 1036 |         hadR[i] = tapOutR[i];
      |         ~~~~ ^
/home/mm/map2-audio/juce-engine/Source/PassionFXProcessor.cpp:1036:27: warning: implicit conversion changes signedness: 'int' to 'size_type' (aka 'unsigned long') [-Wsign-conversion]
 1036 |         hadR[i] = tapOutR[i];
      |                   ~~~~~~~ ^
/home/mm/map2-audio/juce-engine/Source/PassionFXProcessor.cpp:1041:25: warning: implicit conversion changes signedness: 'int' to 'size_type' (aka 'unsigned long') [-Wsign-conversion]
 1041 |         float aL = hadL[i], bL = hadL[i + 1];
      |                    ~~~~ ^
/home/mm/map2-audio/juce-engine/Source/PassionFXProcessor.cpp:1041:41: warning: implicit conversion changes signedness: 'int' to 'size_type' (aka 'unsigned long') [-Wsign-conversion]
 1041 |         float aL = hadL[i], bL = hadL[i + 1];
      |                                  ~~~~ ~~^~~
/home/mm/map2-audio/juce-engine/Source/PassionFXProcessor.cpp:1042:14: warning: implicit conversion changes signedness: 'int' to 'size_type' (aka 'unsigned long') [-Wsign-conversion]
 1042 |         hadL[i]     = aL + bL;
      |         ~~~~ ^
/home/mm/map2-audio/juce-engine/Source/PassionFXProcessor.cpp:1043:16: warning: implicit conversion changes signedness: 'int' to 'size_type' (aka 'unsigned long') [-Wsign-conversion]
 1043 |         hadL[i + 1] = aL - bL;
      |         ~~~~ ~~^~~
/home/mm/map2-audio/juce-engine/Source/PassionFXProcessor.cpp:1044:25: warning: implicit conversion changes signedness: 'int' to 'size_type' (aka 'unsigned long') [-Wsign-conversion]
 1044 |         float aR = hadR[i], bR = hadR[i + 1];
      |                    ~~~~ ^
/home/mm/map2-audio/juce-engine/Source/PassionFXProcessor.cpp:1044:41: warning: implicit conversion changes signedness: 'int' to 'size_type' (aka 'unsigned long') [-Wsign-conversion]
 1044 |         float aR = hadR[i], bR = hadR[i + 1];
      |                                  ~~~~ ~~^~~
/home/mm/map2-audio/juce-engine/Source/PassionFXProcessor.cpp:1045:14: warning: implicit conversion changes signedness: 'int' to 'size_type' (aka 'unsigned long') [-Wsign-conversion]
 1045 |         hadR[i]     = aR + bR;
      |         ~~~~ ^
/home/mm/map2-audio/juce-engine/Source/PassionFXProcessor.cpp:1046:16: warning: implicit conversion changes signedness: 'int' to 'size_type' (aka 'unsigned long') [-Wsign-conversion]
 1046 |         hadR[i + 1] = aR - bR;
      |         ~~~~ ~~^~~
/home/mm/map2-audio/juce-engine/Source/PassionFXProcessor.cpp:1052:31: warning: implicit conversion changes signedness: 'int' to 'size_type' (aka 'unsigned long') [-Wsign-conversion]
 1052 |             float aL = hadL[i + j], bL = hadL[i + j + 2];
      |                        ~~~~ ~~^~~
/home/mm/map2-audio/juce-engine/Source/PassionFXProcessor.cpp:1052:53: warning: implicit conversion changes signedness: 'int' to 'size_type' (aka 'unsigned long') [-Wsign-conversion]
 1052 |             float aL = hadL[i + j], bL = hadL[i + j + 2];
      |                                          ~~~~ ~~~~~~^~~
/home/mm/map2-audio/juce-engine/Source/PassionFXProcessor.cpp:1053:20: warning: implicit conversion changes signedness: 'int' to 'size_type' (aka 'unsigned long') [-Wsign-conversion]
 1053 |             hadL[i + j]     = aL + bL;
      |             ~~~~ ~~^~~
/home/mm/map2-audio/juce-engine/Source/PassionFXProcessor.cpp:1054:24: warning: implicit conversion changes signedness: 'int' to 'size_type' (aka 'unsigned long') [-Wsign-conversion]
 1054 |             hadL[i + j + 2] = aL - bL;
      |             ~~~~ ~~~~~~^~~
/home/mm/map2-audio/juce-engine/Source/PassionFXProcessor.cpp:1055:31: warning: implicit conversion changes signedness: 'int' to 'size_type' (aka 'unsigned long') [-Wsign-conversion]
 1055 |             float aR = hadR[i + j], bR = hadR[i + j + 2];
      |                        ~~~~ ~~^~~
/home/mm/map2-audio/juce-engine/Source/PassionFXProcessor.cpp:1055:53: warning: implicit conversion changes signedness: 'int' to 'size_type' (aka 'unsigned long') [-Wsign-conversion]
 1055 |             float aR = hadR[i + j], bR = hadR[i + j + 2];
      |                                          ~~~~ ~~~~~~^~~
/home/mm/map2-audio/juce-engine/Source/PassionFXProcessor.cpp:1056:20: warning: implicit conversion changes signedness: 'int' to 'size_type' (aka 'unsigned long') [-Wsign-conversion]
 1056 |             hadR[i + j]     = aR + bR;
      |             ~~~~ ~~^~~
/home/mm/map2-audio/juce-engine/Source/PassionFXProcessor.cpp:1057:24: warning: implicit conversion changes signedness: 'int' to 'size_type' (aka 'unsigned long') [-Wsign-conversion]
 1057 |             hadR[i + j + 2] = aR - bR;
      |             ~~~~ ~~~~~~^~~
/home/mm/map2-audio/juce-engine/Source/PassionFXProcessor.cpp:1063:25: warning: implicit conversion changes signedness: 'int' to 'size_type' (aka 'unsigned long') [-Wsign-conversion]
 1063 |         float aL = hadL[j], bL = hadL[j + 4];
      |                    ~~~~ ^
/home/mm/map2-audio/juce-engine/Source/PassionFXProcessor.cpp:1063:41: warning: implicit conversion changes signedness: 'int' to 'size_type' (aka 'unsigned long') [-Wsign-conversion]
 1063 |         float aL = hadL[j], bL = hadL[j + 4];
      |                                  ~~~~ ~~^~~
/home/mm/map2-audio/juce-engine/Source/PassionFXProcessor.cpp:1064:14: warning: implicit conversion changes signedness: 'int' to 'size_type' (aka 'unsigned long') [-Wsign-conversion]
 1064 |         hadL[j]     = aL + bL;
      |         ~~~~ ^
/home/mm/map2-audio/juce-engine/Source/PassionFXProcessor.cpp:1065:16: warning: implicit conversion changes signedness: 'int' to 'size_type' (aka 'unsigned long') [-Wsign-conversion]
 1065 |         hadL[j + 4] = aL - bL;
      |         ~~~~ ~~^~~
/home/mm/map2-audio/juce-engine/Source/PassionFXProcessor.cpp:1066:25: warning: implicit conversion changes signedness: 'int' to 'size_type' (aka 'unsigned long') [-Wsign-conversion]
 1066 |         float aR = hadR[j], bR = hadR[j + 4];
      |                    ~~~~ ^
/home/mm/map2-audio/juce-engine/Source/PassionFXProcessor.cpp:1066:41: warning: implicit conversion changes signedness: 'int' to 'size_type' (aka 'unsigned long') [-Wsign-conversion]
 1066 |         float aR = hadR[j], bR = hadR[j + 4];
      |                                  ~~~~ ~~^~~
/home/mm/map2-audio/juce-engine/Source/PassionFXProcessor.cpp:1067:14: warning: implicit conversion changes signedness: 'int' to 'size_type' (aka 'unsigned long') [-Wsign-conversion]
 1067 |         hadR[j]     = aR + bR;
      |         ~~~~ ^
/home/mm/map2-audio/juce-engine/Source/PassionFXProcessor.cpp:1068:16: warning: implicit conversion changes signedness: 'int' to 'size_type' (aka 'unsigned long') [-Wsign-conversion]
 1068 |         hadR[j + 4] = aR - bR;
      |         ~~~~ ~~^~~
/home/mm/map2-audio/juce-engine/Source/PassionFXProcessor.cpp:1074:14: warning: implicit conversion changes signedness: 'int' to 'size_type' (aka 'unsigned long') [-Wsign-conversion]
 1074 |         hadL[i] *= hadNorm;
      |         ~~~~ ^
/home/mm/map2-audio/juce-engine/Source/PassionFXProcessor.cpp:1075:14: warning: implicit conversion changes signedness: 'int' to 'size_type' (aka 'unsigned long') [-Wsign-conversion]
 1075 |         hadR[i] *= hadNorm;
      |         ~~~~ ^
/home/mm/map2-audio/juce-engine/Source/PassionFXProcessor.cpp:1080:35: warning: implicit conversion changes signedness: 'int' to 'size_type' (aka 'unsigned long') [-Wsign-conversion]
 1080 |         auto& tapL = reverbTapsL_[t];
      |                      ~~~~~~~~~~~~ ^
/home/mm/map2-audio/juce-engine/Source/PassionFXProcessor.cpp:1081:35: warning: implicit conversion changes signedness: 'int' to 'size_type' (aka 'unsigned long') [-Wsign-conversion]
 1081 |         auto& tapR = reverbTapsR_[t];
      |                      ~~~~~~~~~~~~ ^
/home/mm/map2-audio/juce-engine/Source/PassionFXProcessor.cpp:1083:41: warning: implicit conversion changes signedness: 'int' to 'size_type' (aka 'unsigned long') [-Wsign-conversion]
 1083 |         float writeL = reverbInL + hadL[t] * reverbFeedback;
      |                                    ~~~~ ^
/home/mm/map2-audio/juce-engine/Source/PassionFXProcessor.cpp:1084:41: warning: implicit conversion changes signedness: 'int' to 'size_type' (aka 'unsigned long') [-Wsign-conversion]
 1084 |         float writeR = reverbInR + hadR[t] * reverbFeedback;
      |                                    ~~~~ ^
/home/mm/map2-audio/juce-engine/Source/PassionFXProcessor.cpp:1090:26: warning: implicit conversion changes signedness: 'int' to 'size_type' (aka 'unsigned long') [-Wsign-conversion]
 1090 |         tapL.buffer[tapL.writePos] = writeL;
      |         ~~~~        ~~~~~^~~~~~~~
/home/mm/map2-audio/juce-engine/Source/PassionFXProcessor.cpp:1091:26: warning: implicit conversion changes signedness: 'int' to 'size_type' (aka 'unsigned long') [-Wsign-conversion]
 1091 |         tapR.buffer[tapR.writePos] = writeR;
      |         ~~~~        ~~~~~^~~~~~~~
/home/mm/map2-audio/juce-engine/Source/PassionFXProcessor.cpp:1106:31: warning: implicit conversion changes signedness: 'int' to 'size_type' (aka 'unsigned long') [-Wsign-conversion]
 1106 |         reverbOutL += tapOutL[t];
      |                       ~~~~~~~ ^
/home/mm/map2-audio/juce-engine/Source/PassionFXProcessor.cpp:1107:31: warning: implicit conversion changes signedness: 'int' to 'size_type' (aka 'unsigned long') [-Wsign-conversion]
 1107 |         reverbOutR += tapOutR[t];
      |                       ~~~~~~~ ^
/home/mm/map2-audio/juce-engine/Source/PassionFXProcessor.cpp:1121:25: warning: implicit conversion changes signedness: 'int' to 'size_type' (aka 'unsigned long') [-Wsign-conversion]
 1121 |         shimmerBufferL_[shimmerWritePos_] = shimmerInL;
      |         ~~~~~~~~~~~~~~~ ^~~~~~~~~~~~~~~~
/home/mm/map2-audio/juce-engine/Source/PassionFXProcessor.cpp:1122:25: warning: implicit conversion changes signedness: 'int' to 'size_type' (aka 'unsigned long') [-Wsign-conversion]
 1122 |         shimmerBufferR_[shimmerWritePos_] = shimmerInR;
      |         ~~~~~~~~~~~~~~~ ^~~~~~~~~~~~~~~~
/home/mm/map2-audio/juce-engine/Source/PassionFXProcessor.cpp:1127:40: warning: implicit conversion changes signedness: 'int' to 'size_type' (aka 'unsigned long') [-Wsign-conversion]
 1127 |             auto& gL = shimmerGrainsL_[g];
      |                        ~~~~~~~~~~~~~~~ ^
/home/mm/map2-audio/juce-engine/Source/PassionFXProcessor.cpp:1128:40: warning: implicit conversion changes signedness: 'int' to 'size_type' (aka 'unsigned long') [-Wsign-conversion]
 1128 |             auto& gR = shimmerGrainsR_[g];
      |                        ~~~~~~~~~~~~~~~ ^
/home/mm/map2-audio/juce-engine/Source/PassionFXProcessor.cpp:1331:50: warning: implicit conversion changes signedness: 'int' to 'size_type' (aka 'unsigned long') [-Wsign-conversion]
 1331 |     return buffer[idx0] * (1.0f - frac) + buffer[idx1] * frac;
      |                                           ~~~~~~ ^~~~
/home/mm/map2-audio/juce-engine/Source/PassionFXProcessor.cpp:1331:19: warning: implicit conversion changes signedness: 'int' to 'size_type' (aka 'unsigned long') [-Wsign-conversion]
 1331 |     return buffer[idx0] * (1.0f - frac) + buffer[idx1] * frac;
      |            ~~~~~~ ^~~~
/home/mm/map2-audio/juce-engine/Source/PassionFXProcessor.cpp:1676:13: warning: enumeration value 'NumPresets' not explicitly handled in switch [-Wswitch-enum]
 1676 |     switch (preset) {
      |             ^~~~~~
/home/mm/map2-audio/juce-engine/Source/PassionFXProcessor.cpp:2366:13: warning: enumeration value 'NumPresets' not explicitly handled in switch [-Wswitch-enum]
 2366 |     switch (preset) {
      |             ^~~~~~
129 warnings generated.
In file included from /home/mm/map2-audio/juce-engine/PassionFXPlugin/Source/PluginEditor.cpp:1:
In file included from /home/mm/map2-audio/juce-engine/PassionFXPlugin/Source/PluginEditor.h:5:
In file included from /home/mm/map2-audio/juce-engine/PassionFXPlugin/Source/PluginProcessor.h:5:
In file included from /home/mm/map2-audio/juce-engine/PassionFXPlugin/../Source/PassionFXProcessor.h:15:
/home/mm/map2-audio/juce-engine/PassionFXPlugin/../Source/Common.h:218:18: warning: non-static data member 'format' of 'PluginInfoExtended' shadows member inherited from type 'PluginInfo' [-Wshadow-field]
  218 |     PluginFormat format = PluginFormat::Unknown;
      |                  ^
/home/mm/map2-audio/juce-engine/PassionFXPlugin/../Source/Common.h:129:18: note: declared here
  129 |     PluginFormat format = PluginFormat::Unknown;  // NEW: Plugin format
      |                  ^
/home/mm/map2-audio/juce-engine/PassionFXPlugin/../Source/Common.h:219:17: warning: non-static data member 'formatName' of 'PluginInfoExtended' shadows member inherited from type 'PluginInfo' [-Wshadow-field]
  219 |     std::string formatName;
      |                 ^
/home/mm/map2-audio/juce-engine/PassionFXPlugin/../Source/Common.h:130:17: note: declared here
  130 |     std::string formatName;                        // NEW: Human-readable format
      |                 ^
/home/mm/map2-audio/juce-engine/PassionFXPlugin/../Source/Common.h:220:17: warning: non-static data member 'filePath' of 'PluginInfoExtended' shadows member inherited from type 'PluginInfo' [-Wshadow-field]
  220 |     std::string filePath;
      |                 ^
/home/mm/map2-audio/juce-engine/PassionFXPlugin/../Source/Common.h:131:17: note: declared here
  131 |     std::string filePath;                          // NEW: Path to plugin file
      |                 ^
/home/mm/map2-audio/juce-engine/PassionFXPlugin/../Source/Common.h:221:9: warning: non-static data member 'latencySamples' of 'PluginInfoExtended' shadows member inherited from type 'PluginInfo' [-Wshadow-field]
  221 |     int latencySamples = 0;
      |         ^
/home/mm/map2-audio/juce-engine/PassionFXPlugin/../Source/Common.h:132:9: note: declared here
  132 |     int latencySamples = 0;                        // NEW: Reported latency
      |         ^
/home/mm/map2-audio/juce-engine/PassionFXPlugin/../Source/Common.h:256:13: warning: enumeration value 'Unknown' not explicitly handled in switch [-Wswitch-enum]
  256 |     switch (format) {
      |             ^~~~~~
/home/mm/map2-audio/juce-engine/PassionFXPlugin/../Source/Common.h:294:42: warning: implicit conversion from 'int' to 'float' may lose precision [-Wimplicit-int-float-conversion]
  294 |     return static_cast<int>((frequency * fftSize) / sampleRate);
      |                                        ~ ^~~~~~~
6 warnings generated.
In file included from /home/mm/map2-audio/juce-engine/PassionFXPlugin/Source/PluginProcessor.cpp:1:
In file included from /home/mm/map2-audio/juce-engine/PassionFXPlugin/Source/PluginProcessor.h:5:
In file included from /home/mm/map2-audio/juce-engine/PassionFXPlugin/../Source/PassionFXProcessor.h:15:
/home/mm/map2-audio/juce-engine/PassionFXPlugin/../Source/Common.h:218:18: warning: non-static data member 'format' of 'PluginInfoExtended' shadows member inherited from type 'PluginInfo' [-Wshadow-field]
  218 |     PluginFormat format = PluginFormat::Unknown;
      |                  ^
/home/mm/map2-audio/juce-engine/PassionFXPlugin/../Source/Common.h:129:18: note: declared here
  129 |     PluginFormat format = PluginFormat::Unknown;  // NEW: Plugin format
      |                  ^
/home/mm/map2-audio/juce-engine/PassionFXPlugin/../Source/Common.h:219:17: warning: non-static data member 'formatName' of 'PluginInfoExtended' shadows member inherited from type 'PluginInfo' [-Wshadow-field]
  219 |     std::string formatName;
      |                 ^
/home/mm/map2-audio/juce-engine/PassionFXPlugin/../Source/Common.h:130:17: note: declared here
  130 |     std::string formatName;                        // NEW: Human-readable format
      |                 ^
/home/mm/map2-audio/juce-engine/PassionFXPlugin/../Source/Common.h:220:17: warning: non-static data member 'filePath' of 'PluginInfoExtended' shadows member inherited from type 'PluginInfo' [-Wshadow-field]
  220 |     std::string filePath;
      |                 ^
/home/mm/map2-audio/juce-engine/PassionFXPlugin/../Source/Common.h:131:17: note: declared here
  131 |     std::string filePath;                          // NEW: Path to plugin file
      |                 ^
/home/mm/map2-audio/juce-engine/PassionFXPlugin/../Source/Common.h:221:9: warning: non-static data member 'latencySamples' of 'PluginInfoExtended' shadows member inherited from type 'PluginInfo' [-Wshadow-field]
  221 |     int latencySamples = 0;
      |         ^
/home/mm/map2-audio/juce-engine/PassionFXPlugin/../Source/Common.h:132:9: note: declared here
  132 |     int latencySamples = 0;                        // NEW: Reported latency
      |         ^
/home/mm/map2-audio/juce-engine/PassionFXPlugin/../Source/Common.h:256:13: warning: enumeration value 'Unknown' not explicitly handled in switch [-Wswitch-enum]
  256 |     switch (format) {
      |             ^~~~~~
/home/mm/map2-audio/juce-engine/PassionFXPlugin/../Source/Common.h:294:42: warning: implicit conversion from 'int' to 'float' may lose precision [-Wimplicit-int-float-conversion]
  294 |     return static_cast<int>((frequency * fftSize) / sampleRate);
      |                                        ~ ^~~~~~~
6 warnings generated.
[ 68%] Linking CXX static library "PassionFXPlugin_artefacts/Release/libMAP2 Passion FX_SharedCode.a"
[ 68%] Built target PassionFXPlugin
[ 82%] Building CXX object CMakeFiles/PassionFXPlugin_VST3.dir/home/mm/map2-audio/juce-engine/build/_deps/juce-src/modules/juce_audio_plugin_client/juce_audio_plugin_client_ARA.cpp.o
[ 82%] Building CXX object CMakeFiles/PassionFXPlugin_VST3.dir/home/mm/map2-audio/juce-engine/build/_deps/juce-src/modules/juce_audio_plugin_client/juce_audio_plugin_client_Unity.cpp.o
[ 82%] Building CXX object CMakeFiles/PassionFXPlugin_VST3.dir/home/mm/map2-audio/juce-engine/build/_deps/juce-src/modules/juce_audio_plugin_client/juce_audio_plugin_client_LV2.cpp.o
[ 82%] Building CXX object CMakeFiles/PassionFXPlugin_VST3.dir/home/mm/map2-audio/juce-engine/build/_deps/juce-src/modules/juce_audio_plugin_client/juce_audio_plugin_client_Standalone.cpp.o
[ 89%] Building CXX object CMakeFiles/PassionFXPlugin_VST3.dir/home/mm/map2-audio/juce-engine/build/_deps/juce-src/modules/juce_audio_plugin_client/juce_audio_plugin_client_AAX_utils.cpp.o
[ 89%] Building CXX object CMakeFiles/PassionFXPlugin_VST3.dir/home/mm/map2-audio/juce-engine/build/_deps/juce-src/modules/juce_audio_plugin_client/juce_audio_plugin_client_AAX.cpp.o
[ 93%] Building CXX object CMakeFiles/PassionFXPlugin_VST3.dir/home/mm/map2-audio/juce-engine/build/_deps/juce-src/modules/juce_audio_plugin_client/juce_audio_plugin_client_VST2.cpp.o
[ 96%] Building CXX object CMakeFiles/PassionFXPlugin_VST3.dir/home/mm/map2-audio/juce-engine/build/_deps/juce-src/modules/juce_audio_plugin_client/juce_audio_plugin_client_VST3.cpp.o
In file included from /home/mm/map2-audio/juce-engine/build/_deps/juce-src/modules/juce_audio_plugin_client/juce_audio_plugin_client_VST3.cpp:51:
In file included from /home/mm/map2-audio/juce-engine/build/_deps/juce-src/modules/juce_audio_processors/format_types/juce_VST3Headers.h:143:
In file included from /home/mm/map2-audio/juce-engine/build/_deps/juce-src/modules/juce_audio_processors/format_types/VST3_SDK/base/source/fstring.cpp:41:
/home/mm/map2-audio/juce-engine/build/_deps/juce-src/modules/juce_audio_processors/format_types/VST3_SDK/pluginterfaces/base/fvariant.h:50:31: warning: first argument in call to 'memset' is a pointer to non-trivially copyable type 'Steinberg::FVariant' [-Wnontrivial-memcall]
   50 |         inline FVariant () { memset (this, 0, sizeof (FVariant)); }
      |                                      ^
/home/mm/map2-audio/juce-engine/build/_deps/juce-src/modules/juce_audio_processors/format_types/VST3_SDK/pluginterfaces/base/fvariant.h:50:31: note: explicitly cast the pointer to silence this warning
   50 |         inline FVariant () { memset (this, 0, sizeof (FVariant)); }
      |                                      ^
      |                                      (void*)
/home/mm/map2-audio/juce-engine/build/_deps/juce-src/modules/juce_audio_processors/format_types/VST3_SDK/pluginterfaces/base/fvariant.h:259:10: warning: first argument in call to 'memset' is a pointer to non-trivially copyable type 'Steinberg::FVariant' [-Wnontrivial-memcall]
  259 |         memset (this, 0, sizeof (FVariant));
      |                 ^
/home/mm/map2-audio/juce-engine/build/_deps/juce-src/modules/juce_audio_processors/format_types/VST3_SDK/pluginterfaces/base/fvariant.h:259:10: note: explicitly cast the pointer to silence this warning
  259 |         memset (this, 0, sizeof (FVariant));
      |                 ^
      |                 (void*)
2 warnings generated.
[100%] Linking CXX shared module "PassionFXPlugin_artefacts/Release/VST3/MAP2 Passion FX.vst3/Contents/x86_64-linux/MAP2 Passion FX.so"
removing moduleinfo.json
-- Installing: /home/mm/.vst3/MAP2 Passion FX.vst3
-- Installing: /home/mm/.vst3/MAP2 Passion FX.vst3/Contents
-- Installing: /home/mm/.vst3/MAP2 Passion FX.vst3/Contents/x86_64-linux
-- Installing: /home/mm/.vst3/MAP2 Passion FX.vst3/Contents/x86_64-linux/MAP2 Passion FX.so
[100%] Built target PassionFXPlugin_VST3
