[  3%] Generating PassionFXPlugin_artefacts/JuceLibraryCode/PassionFXPlugin_resources.rc
[  6%] Building CXX object CMakeFiles/PassionFXPlugin.dir/home/mm/map2-audio/juce-engine/build/_deps/juce-src/modules/juce_gui_extra/juce_gui_extra.cpp.obj
[  9%] Building CXX object CMakeFiles/PassionFXPlugin.dir/Source/PluginProcessor.cpp.obj
[ 12%] Building CXX object CMakeFiles/PassionFXPlugin.dir/Source/PluginEditor.cpp.obj
[ 15%] Building CXX object CMakeFiles/PassionFXPlugin.dir/home/mm/map2-audio/cmake/mingw_juce_shim.cpp.obj
[ 18%] Building CXX object CMakeFiles/PassionFXPlugin.dir/home/mm/map2-audio/juce-engine/Source/PassionFXProcessor.cpp.obj
[ 21%] Building CXX object CMakeFiles/PassionFXPlugin.dir/home/mm/map2-audio/juce-engine/build/_deps/juce-src/modules/juce_audio_processors/juce_audio_processors.cpp.obj
[ 25%] Building CXX object CMakeFiles/PassionFXPlugin.dir/home/mm/map2-audio/juce-engine/build/_deps/juce-src/modules/juce_audio_processors/juce_audio_processors_ara.cpp.obj
[ 28%] Building CXX object CMakeFiles/PassionFXPlugin.dir/home/mm/map2-audio/juce-engine/build/_deps/juce-src/modules/juce_audio_processors/juce_audio_processors_lv2_libs.cpp.obj
[ 31%] Building CXX object CMakeFiles/PassionFXPlugin.dir/home/mm/map2-audio/juce-engine/build/_deps/juce-src/modules/juce_gui_basics/juce_gui_basics.cpp.obj
[ 34%] Building RC object CMakeFiles/PassionFXPlugin_rc_lib.dir/PassionFXPlugin_artefacts/JuceLibraryCode/PassionFXPlugin_resources.rc.res
[ 37%] Building CXX object CMakeFiles/PassionFXPlugin.dir/home/mm/map2-audio/juce-engine/build/_deps/juce-src/modules/juce_graphics/juce_graphics.cpp.obj
[ 37%] Built target PassionFXPlugin_rc_lib
[ 40%] Building CXX object CMakeFiles/PassionFXPlugin.dir/home/mm/map2-audio/juce-engine/build/_deps/juce-src/modules/juce_graphics/juce_graphics_Harfbuzz.cpp.obj
[ 43%] Building CXX object CMakeFiles/PassionFXPlugin.dir/home/mm/map2-audio/juce-engine/build/_deps/juce-src/modules/juce_events/juce_events.cpp.obj
/home/mm/map2-audio/cmake/mingw_juce_shim.cpp:29:16: warning: redundant redeclaration of 'HRESULT DCompositionCreateDevice2(IUnknown*, const IID&, void**)' in same scope [-Wredundant-decls]
   29 | HRESULT WINAPI DCompositionCreateDevice2 (IUnknown*, REFIID, void**);
      |                ^~~~~~~~~~~~~~~~~~~~~~~~~
In file included from /home/mm/map2-audio/cmake/mingw_juce_shim.cpp:20:
/usr/x86_64-w64-mingw32/sys-root/mingw/include/dcomp.h:425:8: note: previous declaration of 'HRESULT DCompositionCreateDevice2(IUnknown*, const IID&, void**)'
  425 | STDAPI DCompositionCreateDevice2(IUnknown *renderingDevice, REFIID iid, void **dcompositionDevice);
      |        ^~~~~~~~~~~~~~~~~~~~~~~~~
[ 46%] Building CXX object CMakeFiles/PassionFXPlugin.dir/home/mm/map2-audio/juce-engine/build/_deps/juce-src/modules/juce_core/juce_core.cpp.obj
[ 50%] Building CXX object CMakeFiles/PassionFXPlugin.dir/home/mm/map2-audio/juce-engine/build/_deps/juce-src/modules/juce_core/juce_core_CompilationTime.cpp.obj
[ 53%] Building CXX object CMakeFiles/PassionFXPlugin.dir/home/mm/map2-audio/juce-engine/build/_deps/juce-src/modules/juce_data_structures/juce_data_structures.cpp.obj
In file included from /home/mm/map2-audio/juce-engine/build/_deps/juce-src/modules/juce_graphics/fonts/harfbuzz/hb-ot-cff1-table.cc:33,
                 from /home/mm/map2-audio/juce-engine/build/_deps/juce-src/modules/juce_graphics/fonts/harfbuzz/harfbuzz.cc:21,
                 from /home/mm/map2-audio/juce-engine/build/_deps/juce-src/modules/juce_graphics/juce_graphics_Harfbuzz.cpp:86:
/home/mm/map2-audio/juce-engine/build/_deps/juce-src/modules/juce_graphics/fonts/harfbuzz/hb-ot-cff1-table.hh: In member function 'bool OT::cff1::accelerator_t::get_glyph_from_name(const char*, int, hb_codepoint_t*) const':
/home/mm/map2-audio/juce-engine/build/_deps/juce-src/modules/juce_graphics/fonts/harfbuzz/hb-ot-cff1-table.hh:1440:60: warning: 'void* calloc(size_t, size_t)' sizes specified with 'sizeof' in the earlier argument and not in the later argument [-Wcalloc-transposed-args]
 1440 |         names = (hb_sorted_vector_t<gname_t> *) hb_calloc (sizeof (hb_sorted_vector_t<gname_t>), 1);
      |                                                            ^~~~~~~~~~~~~~~~~~~~~~~~~~~~~~~~~~~~
/home/mm/map2-audio/juce-engine/build/_deps/juce-src/modules/juce_graphics/fonts/harfbuzz/hb-ot-cff1-table.hh:1440:60: note: earlier argument should specify number of elements, later size of each element
In file included from /home/mm/map2-audio/juce-engine/build/_deps/juce-src/modules/juce_graphics/fonts/harfbuzz/hb.hh:541,
                 from /home/mm/map2-audio/juce-engine/build/_deps/juce-src/modules/juce_graphics/juce_graphics_Harfbuzz.cpp:85:
/home/mm/map2-audio/juce-engine/build/_deps/juce-src/modules/juce_graphics/fonts/harfbuzz/hb-object.hh: In instantiation of 'bool hb_object_set_user_data(Type*, hb_user_data_key_t*, void*, hb_destroy_func_t, hb_bool_t) [with Type = hb_blob_t; hb_user_data_key_t = hb_user_data_key_t; hb_destroy_func_t = void (*)(void*); hb_bool_t = int]':
/home/mm/map2-audio/juce-engine/build/_deps/juce-src/modules/juce_graphics/fonts/harfbuzz/hb-blob.cc:290:34:   required from here
  290 |   return hb_object_set_user_data (blob, key, data, destroy, replace);
      |          ~~~~~~~~~~~~~~~~~~~~~~~~^~~~~~~~~~~~~~~~~~~~~~~~~~~~~~~~~~~
/home/mm/map2-audio/juce-engine/build/_deps/juce-src/modules/juce_graphics/fonts/harfbuzz/hb-object.hh:328:53: warning: 'void* calloc(size_t, size_t)' sizes specified with 'sizeof' in the earlier argument and not in the later argument [-Wcalloc-transposed-args]
  328 |     user_data = (hb_user_data_array_t *) hb_calloc (sizeof (hb_user_data_array_t), 1);
      |                                                     ^~~~~~~~~~~~~~~~~~~~~~~~~~~~~
/home/mm/map2-audio/juce-engine/build/_deps/juce-src/modules/juce_graphics/fonts/harfbuzz/hb-object.hh:328:53: note: earlier argument should specify number of elements, later size of each element
/home/mm/map2-audio/juce-engine/build/_deps/juce-src/modules/juce_graphics/fonts/harfbuzz/hb-object.hh: In instantiation of 'bool hb_object_set_user_data(Type*, hb_user_data_key_t*, void*, hb_destroy_func_t, hb_bool_t) [with Type = hb_buffer_t; hb_user_data_key_t = hb_user_data_key_t; hb_destroy_func_t = void (*)(void*); hb_bool_t = int]':
/home/mm/map2-audio/juce-engine/build/_deps/juce-src/modules/juce_graphics/fonts/harfbuzz/hb-buffer.cc:872:34:   required from here
  872 |   return hb_object_set_user_data (buffer, key, data, destroy, replace);
      |          ~~~~~~~~~~~~~~~~~~~~~~~~^~~~~~~~~~~~~~~~~~~~~~~~~~~~~~~~~~~~~
/home/mm/map2-audio/juce-engine/build/_deps/juce-src/modules/juce_graphics/fonts/harfbuzz/hb-object.hh:328:53: warning: 'void* calloc(size_t, size_t)' sizes specified with 'sizeof' in the earlier argument and not in the later argument [-Wcalloc-transposed-args]
  328 |     user_data = (hb_user_data_array_t *) hb_calloc (sizeof (hb_user_data_array_t), 1);
      |                                                     ^~~~~~~~~~~~~~~~~~~~~~~~~~~~~
/home/mm/map2-audio/juce-engine/build/_deps/juce-src/modules/juce_graphics/fonts/harfbuzz/hb-object.hh:328:53: note: earlier argument should specify number of elements, later size of each element
/home/mm/map2-audio/juce-engine/build/_deps/juce-src/modules/juce_graphics/fonts/harfbuzz/hb-object.hh: In instantiation of 'bool hb_object_set_user_data(Type*, hb_user_data_key_t*, void*, hb_destroy_func_t, hb_bool_t) [with Type = hb_draw_funcs_t; hb_user_data_key_t = hb_user_data_key_t; hb_destroy_func_t = void (*)(void*); hb_bool_t = int]':
/home/mm/map2-audio/juce-engine/build/_deps/juce-src/modules/juce_graphics/fonts/harfbuzz/hb-draw.cc:288:34:   required from here
  288 |   return hb_object_set_user_data (dfuncs, key, data, destroy, replace);
      |          ~~~~~~~~~~~~~~~~~~~~~~~~^~~~~~~~~~~~~~~~~~~~~~~~~~~~~~~~~~~~~
/home/mm/map2-audio/juce-engine/build/_deps/juce-src/modules/juce_graphics/fonts/harfbuzz/hb-object.hh:328:53: warning: 'void* calloc(size_t, size_t)' sizes specified with 'sizeof' in the earlier argument and not in the later argument [-Wcalloc-transposed-args]
  328 |     user_data = (hb_user_data_array_t *) hb_calloc (sizeof (hb_user_data_array_t), 1);
      |                                                     ^~~~~~~~~~~~~~~~~~~~~~~~~~~~~
/home/mm/map2-audio/juce-engine/build/_deps/juce-src/modules/juce_graphics/fonts/harfbuzz/hb-object.hh:328:53: note: earlier argument should specify number of elements, later size of each element
/home/mm/map2-audio/juce-engine/build/_deps/juce-src/modules/juce_graphics/fonts/harfbuzz/hb-object.hh: In instantiation of 'bool hb_object_set_user_data(Type*, hb_user_data_key_t*, void*, hb_destroy_func_t, hb_bool_t) [with Type = hb_face_t; hb_user_data_key_t = hb_user_data_key_t; hb_destroy_func_t = void (*)(void*); hb_bool_t = int]':
/home/mm/map2-audio/juce-engine/build/_deps/juce-src/modules/juce_graphics/fonts/harfbuzz/hb-face.cc:336:34:   required from here
  336 |   return hb_object_set_user_data (face, key, data, destroy, replace);
      |          ~~~~~~~~~~~~~~~~~~~~~~~~^~~~~~~~~~~~~~~~~~~~~~~~~~~~~~~~~~~
/home/mm/map2-audio/juce-engine/build/_deps/juce-src/modules/juce_graphics/fonts/harfbuzz/hb-object.hh:328:53: warning: 'void* calloc(size_t, size_t)' sizes specified with 'sizeof' in the earlier argument and not in the later argument [-Wcalloc-transposed-args]
  328 |     user_data = (hb_user_data_array_t *) hb_calloc (sizeof (hb_user_data_array_t), 1);
      |                                                     ^~~~~~~~~~~~~~~~~~~~~~~~~~~~~
/home/mm/map2-audio/juce-engine/build/_deps/juce-src/modules/juce_graphics/fonts/harfbuzz/hb-object.hh:328:53: note: earlier argument should specify number of elements, later size of each element
/home/mm/map2-audio/juce-engine/build/_deps/juce-src/modules/juce_graphics/fonts/harfbuzz/hb-object.hh: In instantiation of 'bool hb_object_set_user_data(Type*, hb_user_data_key_t*, void*, hb_destroy_func_t, hb_bool_t) [with Type = hb_font_funcs_t; hb_user_data_key_t = hb_user_data_key_t; hb_destroy_func_t = void (*)(void*); hb_bool_t = int]':
/home/mm/map2-audio/juce-engine/build/_deps/juce-src/modules/juce_graphics/fonts/harfbuzz/hb-font.cc:815:34:   required from here
  815 |   return hb_object_set_user_data (ffuncs, key, data, destroy, replace);
      |          ~~~~~~~~~~~~~~~~~~~~~~~~^~~~~~~~~~~~~~~~~~~~~~~~~~~~~~~~~~~~~
/home/mm/map2-audio/juce-engine/build/_deps/juce-src/modules/juce_graphics/fonts/harfbuzz/hb-object.hh:328:53: warning: 'void* calloc(size_t, size_t)' sizes specified with 'sizeof' in the earlier argument and not in the later argument [-Wcalloc-transposed-args]
  328 |     user_data = (hb_user_data_array_t *) hb_calloc (sizeof (hb_user_data_array_t), 1);
      |                                                     ^~~~~~~~~~~~~~~~~~~~~~~~~~~~~
/home/mm/map2-audio/juce-engine/build/_deps/juce-src/modules/juce_graphics/fonts/harfbuzz/hb-object.hh:328:53: note: earlier argument should specify number of elements, later size of each element
/home/mm/map2-audio/juce-engine/build/_deps/juce-src/modules/juce_graphics/fonts/harfbuzz/hb-object.hh: In instantiation of 'bool hb_object_set_user_data(Type*, hb_user_data_key_t*, void*, hb_destroy_func_t, hb_bool_t) [with Type = hb_font_t; hb_user_data_key_t = hb_user_data_key_t; hb_destroy_func_t = void (*)(void*); hb_bool_t = int]':
/home/mm/map2-audio/juce-engine/build/_deps/juce-src/modules/juce_graphics/fonts/harfbuzz/hb-font.cc:2028:34:   required from here
 2028 |   return hb_object_set_user_data (font, key, data, destroy, replace);
      |          ~~~~~~~~~~~~~~~~~~~~~~~~^~~~~~~~~~~~~~~~~~~~~~~~~~~~~~~~~~~
/home/mm/map2-audio/juce-engine/build/_deps/juce-src/modules/juce_graphics/fonts/harfbuzz/hb-object.hh:328:53: warning: 'void* calloc(size_t, size_t)' sizes specified with 'sizeof' in the earlier argument and not in the later argument [-Wcalloc-transposed-args]
  328 |     user_data = (hb_user_data_array_t *) hb_calloc (sizeof (hb_user_data_array_t), 1);
      |                                                     ^~~~~~~~~~~~~~~~~~~~~~~~~~~~~
/home/mm/map2-audio/juce-engine/build/_deps/juce-src/modules/juce_graphics/fonts/harfbuzz/hb-object.hh:328:53: note: earlier argument should specify number of elements, later size of each element
/home/mm/map2-audio/juce-engine/build/_deps/juce-src/modules/juce_graphics/fonts/harfbuzz/hb-object.hh: In instantiation of 'bool hb_object_set_user_data(Type*, hb_user_data_key_t*, void*, hb_destroy_func_t, hb_bool_t) [with Type = hb_map_t; hb_user_data_key_t = hb_user_data_key_t; hb_destroy_func_t = void (*)(void*); hb_bool_t = int]':
/home/mm/map2-audio/juce-engine/build/_deps/juce-src/modules/juce_graphics/fonts/harfbuzz/hb-map.cc:132:34:   required from here
  132 |   return hb_object_set_user_data (map, key, data, destroy, replace);
      |          ~~~~~~~~~~~~~~~~~~~~~~~~^~~~~~~~~~~~~~~~~~~~~~~~~~~~~~~~~~
/home/mm/map2-audio/juce-engine/build/_deps/juce-src/modules/juce_graphics/fonts/harfbuzz/hb-object.hh:328:53: warning: 'void* calloc(size_t, size_t)' sizes specified with 'sizeof' in the earlier argument and not in the later argument [-Wcalloc-transposed-args]
  328 |     user_data = (hb_user_data_array_t *) hb_calloc (sizeof (hb_user_data_array_t), 1);
      |                                                     ^~~~~~~~~~~~~~~~~~~~~~~~~~~~~
/home/mm/map2-audio/juce-engine/build/_deps/juce-src/modules/juce_graphics/fonts/harfbuzz/hb-object.hh:328:53: note: earlier argument should specify number of elements, later size of each element
/home/mm/map2-audio/juce-engine/build/_deps/juce-src/modules/juce_graphics/fonts/harfbuzz/hb-object.hh: In instantiation of 'bool hb_object_set_user_data(Type*, hb_user_data_key_t*, void*, hb_destroy_func_t, hb_bool_t) [with Type = hb_paint_funcs_t; hb_user_data_key_t = hb_user_data_key_t; hb_destroy_func_t = void (*)(void*); hb_bool_t = int]':
/home/mm/map2-audio/juce-engine/build/_deps/juce-src/modules/juce_graphics/fonts/harfbuzz/hb-paint.cc:334:34:   required from here
  334 |   return hb_object_set_user_data (funcs, key, data, destroy, replace);
      |          ~~~~~~~~~~~~~~~~~~~~~~~~^~~~~~~~~~~~~~~~~~~~~~~~~~~~~~~~~~~~
/home/mm/map2-audio/juce-engine/build/_deps/juce-src/modules/juce_graphics/fonts/harfbuzz/hb-object.hh:328:53: warning: 'void* calloc(size_t, size_t)' sizes specified with 'sizeof' in the earlier argument and not in the later argument [-Wcalloc-transposed-args]
  328 |     user_data = (hb_user_data_array_t *) hb_calloc (sizeof (hb_user_data_array_t), 1);
      |                                                     ^~~~~~~~~~~~~~~~~~~~~~~~~~~~~
/home/mm/map2-audio/juce-engine/build/_deps/juce-src/modules/juce_graphics/fonts/harfbuzz/hb-object.hh:328:53: note: earlier argument should specify number of elements, later size of each element
/home/mm/map2-audio/juce-engine/build/_deps/juce-src/modules/juce_graphics/fonts/harfbuzz/hb-object.hh: In instantiation of 'bool hb_object_set_user_data(Type*, hb_user_data_key_t*, void*, hb_destroy_func_t, hb_bool_t) [with Type = hb_set_t; hb_user_data_key_t = hb_user_data_key_t; hb_destroy_func_t = void (*)(void*); hb_bool_t = int]':
/home/mm/map2-audio/juce-engine/build/_deps/juce-src/modules/juce_graphics/fonts/harfbuzz/hb-set.cc:132:34:   required from here
  132 |   return hb_object_set_user_data (set, key, data, destroy, replace);
      |          ~~~~~~~~~~~~~~~~~~~~~~~~^~~~~~~~~~~~~~~~~~~~~~~~~~~~~~~~~~
/home/mm/map2-audio/juce-engine/build/_deps/juce-src/modules/juce_graphics/fonts/harfbuzz/hb-object.hh:328:53: warning: 'void* calloc(size_t, size_t)' sizes specified with 'sizeof' in the earlier argument and not in the later argument [-Wcalloc-transposed-args]
  328 |     user_data = (hb_user_data_array_t *) hb_calloc (sizeof (hb_user_data_array_t), 1);
      |                                                     ^~~~~~~~~~~~~~~~~~~~~~~~~~~~~
/home/mm/map2-audio/juce-engine/build/_deps/juce-src/modules/juce_graphics/fonts/harfbuzz/hb-object.hh:328:53: note: earlier argument should specify number of elements, later size of each element
/home/mm/map2-audio/juce-engine/build/_deps/juce-src/modules/juce_graphics/fonts/harfbuzz/hb-object.hh: In instantiation of 'bool hb_object_set_user_data(Type*, hb_user_data_key_t*, void*, hb_destroy_func_t, hb_bool_t) [with Type = hb_shape_plan_t; hb_user_data_key_t = hb_user_data_key_t; hb_destroy_func_t = void (*)(void*); hb_bool_t = int]':
/home/mm/map2-audio/juce-engine/build/_deps/juce-src/modules/juce_graphics/fonts/harfbuzz/hb-shape-plan.cc:347:34:   required from here
  347 |   return hb_object_set_user_data (shape_plan, key, data, destroy, replace);
      |          ~~~~~~~~~~~~~~~~~~~~~~~~^~~~~~~~~~~~~~~~~~~~~~~~~~~~~~~~~~~~~~~~~
/home/mm/map2-audio/juce-engine/build/_deps/juce-src/modules/juce_graphics/fonts/harfbuzz/hb-object.hh:328:53: warning: 'void* calloc(size_t, size_t)' sizes specified with 'sizeof' in the earlier argument and not in the later argument [-Wcalloc-transposed-args]
  328 |     user_data = (hb_user_data_array_t *) hb_calloc (sizeof (hb_user_data_array_t), 1);
      |                                                     ^~~~~~~~~~~~~~~~~~~~~~~~~~~~~
/home/mm/map2-audio/juce-engine/build/_deps/juce-src/modules/juce_graphics/fonts/harfbuzz/hb-object.hh:328:53: note: earlier argument should specify number of elements, later size of each element
/home/mm/map2-audio/juce-engine/build/_deps/juce-src/modules/juce_graphics/fonts/harfbuzz/hb-object.hh: In instantiation of 'bool hb_object_set_user_data(Type*, hb_user_data_key_t*, void*, hb_destroy_func_t, hb_bool_t) [with Type = hb_unicode_funcs_t; hb_user_data_key_t = hb_user_data_key_t; hb_destroy_func_t = void (*)(void*); hb_bool_t = int]':
/home/mm/map2-audio/juce-engine/build/_deps/juce-src/modules/juce_graphics/fonts/harfbuzz/hb-unicode.cc:295:34:   required from here
  295 |   return hb_object_set_user_data (ufuncs, key, data, destroy, replace);
      |          ~~~~~~~~~~~~~~~~~~~~~~~~^~~~~~~~~~~~~~~~~~~~~~~~~~~~~~~~~~~~~
/home/mm/map2-audio/juce-engine/build/_deps/juce-src/modules/juce_graphics/fonts/harfbuzz/hb-object.hh:328:53: warning: 'void* calloc(size_t, size_t)' sizes specified with 'sizeof' in the earlier argument and not in the later argument [-Wcalloc-transposed-args]
  328 |     user_data = (hb_user_data_array_t *) hb_calloc (sizeof (hb_user_data_array_t), 1);
      |                                                     ^~~~~~~~~~~~~~~~~~~~~~~~~~~~~
/home/mm/map2-audio/juce-engine/build/_deps/juce-src/modules/juce_graphics/fonts/harfbuzz/hb-object.hh:328:53: note: earlier argument should specify number of elements, later size of each element
In file included from /home/mm/map2-audio/juce-engine/build/_deps/juce-src/modules/juce_graphics/fonts/harfbuzz/hb.hh:536:
In function 'int hb_memcmp(const void*, const void*, unsigned int)',
    inlined from 'int hb_array_t< <template-parameter-1-1> >::cmp(const hb_array_t< <template-parameter-1-1> >&) const [with Type = const char]' at /home/mm/map2-audio/juce-engine/build/_deps/juce-src/modules/juce_graphics/fonts/harfbuzz/hb-array.hh:169:22,
    inlined from 'static int OT::post::accelerator_t::cmp_key(const void*, const void*, void*)' at /home/mm/map2-audio/juce-engine/build/_deps/juce-src/modules/juce_graphics/fonts/harfbuzz/hb-ot-post-table.hh:251:44,
    inlined from 'bool hb_bsearch_impl(unsigned int*, const K&, V*, size_t, size_t, int (*)(const void*, const void*, Ts ...), Ts ...) [with V = short unsigned int; K = hb_array_t<const char>; Ts = {void*}]' at /home/mm/map2-audio/juce-engine/build/_deps/juce-src/modules/juce_graphics/fonts/harfbuzz/hb-algs.hh:1074:20,
    inlined from 'V* hb_bsearch(const K&, V*, size_t, size_t, int (*)(const void*, const void*, Ts ...), Ts ...) [with V = short unsigned int; K = hb_array_t<const char>; Ts = {void*}]' at /home/mm/map2-audio/juce-engine/build/_deps/juce-src/modules/juce_graphics/fonts/harfbuzz/hb-algs.hh:1112:26,
    inlined from 'bool OT::post::accelerator_t::get_glyph_from_name(const char*, int, hb_codepoint_t*) const' at /home/mm/map2-audio/juce-engine/build/_deps/juce-src/modules/juce_graphics/fonts/harfbuzz/hb-ot-post-table.hh:207:30,
    inlined from 'hb_bool_t hb_ot_get_glyph_from_name(hb_font_t*, void*, const char*, int, hb_codepoint_t*, void*)' at /home/mm/map2-audio/juce-engine/build/_deps/juce-src/modules/juce_graphics/fonts/harfbuzz/hb-ot-font.cc:473:42:
/home/mm/map2-audio/juce-engine/build/_deps/juce-src/modules/juce_graphics/fonts/harfbuzz/hb-algs.hh:984:17: warning: 'int memcmp(const void*, const void*, size_t)' specified bound [2147483648, 4294967295] exceeds source size 1850 [-Wstringop-overread]
  984 |   return memcmp (a, b, len);
      |          ~~~~~~~^~~~~~~~~~~
In file included from /home/mm/map2-audio/juce-engine/build/_deps/juce-src/modules/juce_graphics/fonts/harfbuzz/harfbuzz.cc:5:
/home/mm/map2-audio/juce-engine/build/_deps/juce-src/modules/juce_graphics/fonts/harfbuzz/hb-buffer-verify.cc: In member function 'bool hb_buffer_t::verify(hb_buffer_t*, hb_font_t*, const hb_feature_t*, unsigned int, const char* const*)':
/home/mm/map2-audio/juce-engine/build/_deps/juce-src/modules/juce_graphics/fonts/harfbuzz/hb-buffer-verify.cc:34:29: warning: '%s' directive argument is null [-Wformat-overflow=]
   34 | #define BUFFER_VERIFY_ERROR "buffer verify error: "
      |                             ^
/home/mm/map2-audio/juce-engine/build/_deps/juce-src/modules/juce_graphics/fonts/harfbuzz/hb-buffer-verify.cc:415:40: note: in expansion of macro 'BUFFER_VERIFY_ERROR'
  415 |       buffer_verify_error (this, font, BUFFER_VERIFY_ERROR "text was: %s.", bytes.arrayZ);
      |                                        ^~~~~~~~~~~~~~~~~~~
/home/mm/map2-audio/juce-engine/build/_deps/juce-src/modules/juce_graphics/juce_graphics.cpp:89: warning: ignoring '#pragma comment ' [-Wunknown-pragmas]
   89 |   #pragma comment(lib, "Dwrite.lib")
/home/mm/map2-audio/juce-engine/build/_deps/juce-src/modules/juce_graphics/juce_graphics.cpp:90: warning: ignoring '#pragma comment ' [-Wunknown-pragmas]
   90 |   #pragma comment(lib, "D2d1.lib")
/home/mm/map2-audio/juce-engine/build/_deps/juce-src/modules/juce_graphics/juce_graphics.cpp:91: warning: ignoring '#pragma comment ' [-Wunknown-pragmas]
   91 |   #pragma comment(lib, "DXGI.lib")
/home/mm/map2-audio/juce-engine/build/_deps/juce-src/modules/juce_graphics/juce_graphics.cpp:92: warning: ignoring '#pragma comment ' [-Wunknown-pragmas]
   92 |   #pragma comment(lib, "D3D11.lib")
/home/mm/map2-audio/juce-engine/build/_deps/juce-src/modules/juce_graphics/juce_graphics.cpp:93: warning: ignoring '#pragma comment ' [-Wunknown-pragmas]
   93 |   #pragma comment(lib, "DComp.lib")
/home/mm/map2-audio/juce-engine/build/_deps/juce-src/modules/juce_graphics/juce_graphics.cpp:94: warning: ignoring '#pragma comment ' [-Wunknown-pragmas]
   94 |   #pragma comment(lib, "dxguid.lib")
In file included from /home/mm/map2-audio/juce-engine/build/_deps/juce-src/modules/juce_graphics/juce_graphics.cpp:209:
/home/mm/map2-audio/juce-engine/build/_deps/juce-src/modules/juce_graphics/native/juce_DirectWriteTypeface_windows.cpp: In constructor 'juce::WindowsDirectWriteTypeface::WindowsDirectWriteTypeface(const juce::String&, const juce::String&, juce::ComSmartPtr<IDWriteFont>, juce::ComSmartPtr<IDWriteFontFace>, juce::HbFont, juce::TypefaceAscentDescent, juce::ComSmartPtr<IDWriteFontCollection>)':
/home/mm/map2-audio/juce-engine/build/_deps/juce-src/modules/juce_graphics/native/juce_DirectWriteTypeface_windows.cpp:815:47: warning: declaration of 'style' shadows a member of 'juce::WindowsDirectWriteTypeface' [-Wshadow]
  815 |                                 const String& style,
      |                                 ~~~~~~~~~~~~~~^~~~~
In file included from /home/mm/map2-audio/juce-engine/build/_deps/juce-src/modules/juce_graphics/juce_graphics.h:137,
                 from /home/mm/map2-audio/juce-engine/build/_deps/juce-src/modules/juce_graphics/juce_graphics.cpp:50:
/home/mm/map2-audio/juce-engine/build/_deps/juce-src/modules/juce_graphics/fonts/juce_Typeface.h:391:12: note: shadowed declaration is here
  391 |     String style;
      |            ^~~~~
/home/mm/map2-audio/juce-engine/build/_deps/juce-src/modules/juce_graphics/native/juce_DirectWriteTypeface_windows.cpp:814:47: warning: declaration of 'name' shadows a member of 'juce::WindowsDirectWriteTypeface' [-Wshadow]
  814 |     WindowsDirectWriteTypeface (const String& name,
      |                                 ~~~~~~~~~~~~~~^~~~
/home/mm/map2-audio/juce-engine/build/_deps/juce-src/modules/juce_graphics/fonts/juce_Typeface.h:390:12: note: shadowed declaration is here
  390 |     String name;
      |            ^~~~
In file included from /home/mm/map2-audio/juce-engine/build/_deps/juce-src/modules/juce_graphics/juce_graphics.cpp:211:
/home/mm/map2-audio/juce-engine/build/_deps/juce-src/modules/juce_graphics/native/juce_Direct2DHelpers_windows.cpp: In static member function 'static bool juce::D2DHelpers::isTransformAxisAligned(const juce::AffineTransform&)':
/home/mm/map2-audio/juce-engine/build/_deps/juce-src/modules/juce_graphics/native/juce_Direct2DHelpers_windows.cpp:114:32: warning: comparing floating-point with '==' or '!=' is unsafe [-Wfloat-equal]
  114 |         return transform.mat01 == 0.0f && transform.mat10 == 0.0f;
      |                ~~~~~~~~~~~~~~~~^~~~~~~
/home/mm/map2-audio/juce-engine/build/_deps/juce-src/modules/juce_graphics/native/juce_Direct2DHelpers_windows.cpp:114:59: warning: comparing floating-point with '==' or '!=' is unsafe [-Wfloat-equal]
  114 |         return transform.mat01 == 0.0f && transform.mat10 == 0.0f;
      |                                           ~~~~~~~~~~~~~~~~^~~~~~~
In file included from /home/mm/map2-audio/juce-engine/build/_deps/juce-src/modules/juce_graphics/juce_graphics.cpp:214:
/home/mm/map2-audio/juce-engine/build/_deps/juce-src/modules/juce_graphics/native/juce_Direct2DGraphicsContext_windows.cpp: In member function 'bool juce::Direct2DGraphicsContext::SavedState::isCurrentTransformAxisAligned() const':
/home/mm/map2-audio/juce-engine/build/_deps/juce-src/modules/juce_graphics/native/juce_Direct2DGraphicsContext_windows.cpp:421:94: warning: comparing floating-point with '==' or '!=' is unsafe [-Wfloat-equal]
  421 |         return currentTransform.isOnlyTranslated || (currentTransform.complexTransform.mat01 == 0.0f && currentTransform.complexTransform.mat10 == 0.0f);
      |                                                      ~~~~~~~~~~~~~~~~~~~~~~~~~~~~~~~~~~~~~~~~^~~~~~~
/home/mm/map2-audio/juce-engine/build/_deps/juce-src/modules/juce_graphics/native/juce_Direct2DGraphicsContext_windows.cpp:421:145: warning: comparing floating-point with '==' or '!=' is unsafe [-Wfloat-equal]
  421 |         return currentTransform.isOnlyTranslated || (currentTransform.complexTransform.mat01 == 0.0f && currentTransform.complexTransform.mat10 == 0.0f);
      |                                                                                                         ~~~~~~~~~~~~~~~~~~~~~~~~~~~~~~~~~~~~~~~~^~~~~~~
[ 56%] Building CXX object CMakeFiles/PassionFXPlugin.dir/home/mm/map2-audio/juce-engine/build/_deps/juce-src/modules/juce_audio_basics/juce_audio_basics.cpp.obj
[ 59%] Building CXX object CMakeFiles/PassionFXPlugin.dir/home/mm/map2-audio/juce-engine/build/_deps/juce-src/modules/juce_audio_utils/juce_audio_utils.cpp.obj
[ 62%] Building CXX object CMakeFiles/PassionFXPlugin.dir/home/mm/map2-audio/juce-engine/build/_deps/juce-src/modules/juce_audio_formats/juce_audio_formats.cpp.obj
[ 65%] Building CXX object CMakeFiles/PassionFXPlugin.dir/home/mm/map2-audio/juce-engine/build/_deps/juce-src/modules/juce_audio_devices/juce_audio_devices.cpp.obj
[ 68%] Building CXX object CMakeFiles/PassionFXPlugin.dir/home/mm/map2-audio/juce-engine/build/_deps/juce-src/modules/juce_dsp/juce_dsp.cpp.obj
In file included from /home/mm/map2-audio/juce-engine/Source/PassionFXProcessor.h:15,
                 from /home/mm/map2-audio/juce-engine/Source/PassionFXProcessor.cpp:13:
/home/mm/map2-audio/juce-engine/Source/Common.h: In function 'std::string map2::pluginFormatToString(PluginFormat)':
/home/mm/map2-audio/juce-engine/Source/Common.h:256:12: warning: enumeration value 'Unknown' not handled in switch [-Wswitch-enum]
  256 |     switch (format) {
      |            ^
/home/mm/map2-audio/juce-engine/Source/PassionFXProcessor.cpp: In member function 'void map2::PassionFXProcessor::AllPassFilter::prepare(int)':
/home/mm/map2-audio/juce-engine/Source/PassionFXProcessor.cpp:24:19: warning: conversion to 'std::vector<float>::size_type' {aka 'long long unsigned int'} from 'int' may change the sign of the result [-Wsign-conversion]
   24 |     buffer.resize(maxSamples, 0.0f);
      |                   ^~~~~~~~~~
/home/mm/map2-audio/juce-engine/Source/PassionFXProcessor.cpp: In member function 'float map2::PassionFXProcessor::AllPassFilter::process(float)':
/home/mm/map2-audio/juce-engine/Source/PassionFXProcessor.cpp:34:28: warning: conversion to 'std::vector<float>::size_type' {aka 'long long unsigned int'} from 'int' may change the sign of the result [-Wsign-conversion]
   34 |     float delayed = buffer[readPos];
      |                            ^~~~~~~
/home/mm/map2-audio/juce-engine/Source/PassionFXProcessor.cpp:36:12: warning: conversion to 'std::vector<float>::size_type' {aka 'long long unsigned int'} from 'int' may change the sign of the result [-Wsign-conversion]
   36 |     buffer[writePos] = input + delayed * feedback;
      |            ^~~~~~~~
/home/mm/map2-audio/juce-engine/Source/PassionFXProcessor.cpp: In member function 'void map2::PassionFXProcessor::prepare(double, int, int)':
/home/mm/map2-audio/juce-engine/Source/PassionFXProcessor.cpp:66:27: warning: conversion to 'std::array<map2::PassionFXProcessor::ChorusVoice, 6>::size_type' {aka 'long long unsigned int'} from 'int' may change the sign of the result [-Wsign-conversion]
   66 |         chorusVoiceState_[i].bufferL.resize(chorusBufferSize, 0.0f);
      |                           ^
/home/mm/map2-audio/juce-engine/Source/PassionFXProcessor.cpp:66:45: warning: conversion to 'std::vector<float>::size_type' {aka 'long long unsigned int'} from 'int' may change the sign of the result [-Wsign-conversion]
   66 |         chorusVoiceState_[i].bufferL.resize(chorusBufferSize, 0.0f);
      |                                             ^~~~~~~~~~~~~~~~
/home/mm/map2-audio/juce-engine/Source/PassionFXProcessor.cpp:67:27: warning: conversion to 'std::array<map2::PassionFXProcessor::ChorusVoice, 6>::size_type' {aka 'long long unsigned int'} from 'int' may change the sign of the result [-Wsign-conversion]
   67 |         chorusVoiceState_[i].bufferR.resize(chorusBufferSize, 0.0f);
      |                           ^
/home/mm/map2-audio/juce-engine/Source/PassionFXProcessor.cpp:67:45: warning: conversion to 'std::vector<float>::size_type' {aka 'long long unsigned int'} from 'int' may change the sign of the result [-Wsign-conversion]
   67 |         chorusVoiceState_[i].bufferR.resize(chorusBufferSize, 0.0f);
      |                                             ^~~~~~~~~~~~~~~~
/home/mm/map2-audio/juce-engine/Source/PassionFXProcessor.cpp:68:27: warning: conversion to 'std::array<map2::PassionFXProcessor::ChorusVoice, 6>::size_type' {aka 'long long unsigned int'} from 'int' may change the sign of the result [-Wsign-conversion]
   68 |         chorusVoiceState_[i].writePos = 0;
      |                           ^
/home/mm/map2-audio/juce-engine/Source/PassionFXProcessor.cpp:69:27: warning: conversion to 'std::array<map2::PassionFXProcessor::ChorusVoice, 6>::size_type' {aka 'long long unsigned int'} from 'int' may change the sign of the result [-Wsign-conversion]
   69 |         chorusVoiceState_[i].lfoPhase = static_cast<double>(i) / MAX_CHORUS_VOICES;
      |                           ^
/home/mm/map2-audio/juce-engine/Source/PassionFXProcessor.cpp:74:26: warning: conversion to 'std::vector<float>::size_type' {aka 'long long unsigned int'} from 'int' may change the sign of the result [-Wsign-conversion]
   74 |     pitchBufferL_.resize(pitchBufSize, 0.0f);
      |                          ^~~~~~~~~~~~
/home/mm/map2-audio/juce-engine/Source/PassionFXProcessor.cpp:75:26: warning: conversion to 'std::vector<float>::size_type' {aka 'long long unsigned int'} from 'int' may change the sign of the result [-Wsign-conversion]
   75 |     pitchBufferR_.resize(pitchBufSize, 0.0f);
      |                          ^~~~~~~~~~~~
/home/mm/map2-audio/juce-engine/Source/PassionFXProcessor.cpp:79:23: warning: conversion to 'std::array<map2::PassionFXProcessor::PitchGrain, 2>::size_type' {aka 'long long unsigned int'} from 'int' may change the sign of the result [-Wsign-conversion]
   79 |         pitchGrainsL_[i].readPos = phase * PITCH_GRAIN_SIZE;
      |                       ^
/home/mm/map2-audio/juce-engine/Source/PassionFXProcessor.cpp:80:23: warning: conversion to 'std::array<map2::PassionFXProcessor::PitchGrain, 2>::size_type' {aka 'long long unsigned int'} from 'int' may change the sign of the result [-Wsign-conversion]
   80 |         pitchGrainsL_[i].sampleCount = static_cast<int>(phase * PITCH_GRAIN_SIZE);
      |                       ^
/home/mm/map2-audio/juce-engine/Source/PassionFXProcessor.cpp:81:23: warning: conversion to 'std::array<map2::PassionFXProcessor::PitchGrain, 2>::size_type' {aka 'long long unsigned int'} from 'int' may change the sign of the result [-Wsign-conversion]
   81 |         pitchGrainsL_[i].active = true;
      |                       ^
/home/mm/map2-audio/juce-engine/Source/PassionFXProcessor.cpp:82:23: warning: conversion to 'std::array<map2::PassionFXProcessor::PitchGrain, 2>::size_type' {aka 'long long unsigned int'} from 'int' may change the sign of the result [-Wsign-conversion]
   82 |         pitchGrainsR_[i].readPos = phase * PITCH_GRAIN_SIZE;
      |                       ^
/home/mm/map2-audio/juce-engine/Source/PassionFXProcessor.cpp:83:23: warning: conversion to 'std::array<map2::PassionFXProcessor::PitchGrain, 2>::size_type' {aka 'long long unsigned int'} from 'int' may change the sign of the result [-Wsign-conversion]
   83 |         pitchGrainsR_[i].sampleCount = static_cast<int>(phase * PITCH_GRAIN_SIZE);
      |                       ^
/home/mm/map2-audio/juce-engine/Source/PassionFXProcessor.cpp:84:23: warning: conversion to 'std::array<map2::PassionFXProcessor::PitchGrain, 2>::size_type' {aka 'long long unsigned int'} from 'int' may change the sign of the result [-Wsign-conversion]
   84 |         pitchGrainsR_[i].active = true;
      |                       ^
/home/mm/map2-audio/juce-engine/Source/PassionFXProcessor.cpp:89:25: warning: conversion to 'std::vector<float>::size_type' {aka 'long long unsigned int'} from 'int' may change the sign of the result [-Wsign-conversion]
   89 |     harmBufferL_.resize(harmBufSize, 0.0f);
      |                         ^~~~~~~~~~~
/home/mm/map2-audio/juce-engine/Source/PassionFXProcessor.cpp:90:25: warning: conversion to 'std::vector<float>::size_type' {aka 'long long unsigned int'} from 'int' may change the sign of the result [-Wsign-conversion]
   90 |     harmBufferR_.resize(harmBufSize, 0.0f);
      |                         ^~~~~~~~~~~
/home/mm/map2-audio/juce-engine/Source/PassionFXProcessor.cpp:94:24: warning: conversion to 'std::array<map2::PassionFXProcessor::HarmGrain, 2>::size_type' {aka 'long long unsigned int'} from 'int' may change the sign of the result [-Wsign-conversion]
   94 |         harmGrainsV1L_[i] = { phase * PITCH_GRAIN_SIZE, static_cast<int>(phase * PITCH_GRAIN_SIZE) };
      |                        ^
/home/mm/map2-audio/juce-engine/Source/PassionFXProcessor.cpp:95:24: warning: conversion to 'std::array<map2::PassionFXProcessor::HarmGrain, 2>::size_type' {aka 'long long unsigned int'} from 'int' may change the sign of the result [-Wsign-conversion]
   95 |         harmGrainsV1R_[i] = { phase * PITCH_GRAIN_SIZE, static_cast<int>(phase * PITCH_GRAIN_SIZE) };
      |                        ^
/home/mm/map2-audio/juce-engine/Source/PassionFXProcessor.cpp:96:24: warning: conversion to 'std::array<map2::PassionFXProcessor::HarmGrain, 2>::size_type' {aka 'long long unsigned int'} from 'int' may change the sign of the result [-Wsign-conversion]
   96 |         harmGrainsV2L_[i] = { phase * PITCH_GRAIN_SIZE, static_cast<int>(phase * PITCH_GRAIN_SIZE) };
      |                        ^
/home/mm/map2-audio/juce-engine/Source/PassionFXProcessor.cpp:97:24: warning: conversion to 'std::array<map2::PassionFXProcessor::HarmGrain, 2>::size_type' {aka 'long long unsigned int'} from 'int' may change the sign of the result [-Wsign-conversion]
   97 |         harmGrainsV2R_[i] = { phase * PITCH_GRAIN_SIZE, static_cast<int>(phase * PITCH_GRAIN_SIZE) };
      |                        ^
/home/mm/map2-audio/juce-engine/Source/PassionFXProcessor.cpp:104:26: warning: conversion to 'std::vector<float>::size_type' {aka 'long long unsigned int'} from 'int' may change the sign of the result [-Wsign-conversion]
  104 |     delayBufferL_.resize(delayBufSize, 0.0f);
      |                          ^~~~~~~~~~~~
/home/mm/map2-audio/juce-engine/Source/PassionFXProcessor.cpp:105:26: warning: conversion to 'std::vector<float>::size_type' {aka 'long long unsigned int'} from 'int' may change the sign of the result [-Wsign-conversion]
  105 |     delayBufferR_.resize(delayBufSize, 0.0f);
      |                          ^~~~~~~~~~~~
/home/mm/map2-audio/juce-engine/Source/PassionFXProcessor.cpp:110:28: warning: conversion to 'std::vector<float>::size_type' {aka 'long long unsigned int'} from 'int' may change the sign of the result [-Wsign-conversion]
  110 |     delayPitchBufL_.resize(delayPitchBufSize, 0.0f);
      |                            ^~~~~~~~~~~~~~~~~
/home/mm/map2-audio/juce-engine/Source/PassionFXProcessor.cpp:111:28: warning: conversion to 'std::vector<float>::size_type' {aka 'long long unsigned int'} from 'int' may change the sign of the result [-Wsign-conversion]
  111 |     delayPitchBufR_.resize(delayPitchBufSize, 0.0f);
      |                            ^~~~~~~~~~~~~~~~~
/home/mm/map2-audio/juce-engine/Source/PassionFXProcessor.cpp:115:28: warning: conversion to 'std::array<map2::PassionFXProcessor::PitchGrain, 2>::size_type' {aka 'long long unsigned int'} from 'int' may change the sign of the result [-Wsign-conversion]
  115 |         delayPitchGrainsL_[i] = { phase * PITCH_GRAIN_SIZE, static_cast<int>(phase * PITCH_GRAIN_SIZE), true };
      |                            ^
/home/mm/map2-audio/juce-engine/Source/PassionFXProcessor.cpp:116:28: warning: conversion to 'std::array<map2::PassionFXProcessor::PitchGrain, 2>::size_type' {aka 'long long unsigned int'} from 'int' may change the sign of the result [-Wsign-conversion]
  116 |         delayPitchGrainsR_[i] = { phase * PITCH_GRAIN_SIZE, static_cast<int>(phase * PITCH_GRAIN_SIZE), true };
      |                            ^
/home/mm/map2-audio/juce-engine/Source/PassionFXProcessor.cpp:122:58: warning: conversion to 'std::array<int, 8>::size_type' {aka 'long long unsigned int'} from 'int' may change the sign of the result [-Wsign-conversion]
  122 |         int scaledDelay = static_cast<int>(REVERB_DELAYS[i] * sampleRate / 48000.0);
      |                                                          ^
/home/mm/map2-audio/juce-engine/Source/PassionFXProcessor.cpp:123:22: warning: conversion to 'std::array<map2::PassionFXProcessor::ReverbTap, 8>::size_type' {aka 'long long unsigned int'} from 'int' may change the sign of the result [-Wsign-conversion]
  123 |         reverbTapsL_[i].buffer.resize(reverbBufferSize, 0.0f);
      |                      ^
/home/mm/map2-audio/juce-engine/Source/PassionFXProcessor.cpp:123:39: warning: conversion to 'std::vector<float>::size_type' {aka 'long long unsigned int'} from 'int' may change the sign of the result [-Wsign-conversion]
  123 |         reverbTapsL_[i].buffer.resize(reverbBufferSize, 0.0f);
      |                                       ^~~~~~~~~~~~~~~~
/home/mm/map2-audio/juce-engine/Source/PassionFXProcessor.cpp:124:22: warning: conversion to 'std::array<map2::PassionFXProcessor::ReverbTap, 8>::size_type' {aka 'long long unsigned int'} from 'int' may change the sign of the result [-Wsign-conversion]
  124 |         reverbTapsL_[i].delaySamples = scaledDelay;
      |                      ^
/home/mm/map2-audio/juce-engine/Source/PassionFXProcessor.cpp:125:22: warning: conversion to 'std::array<map2::PassionFXProcessor::ReverbTap, 8>::size_type' {aka 'long long unsigned int'} from 'int' may change the sign of the result [-Wsign-conversion]
  125 |         reverbTapsL_[i].modPhase = static_cast<double>(i) / NUM_REVERB_TAPS;
      |                      ^
/home/mm/map2-audio/juce-engine/Source/PassionFXProcessor.cpp:127:22: warning: conversion to 'std::array<map2::PassionFXProcessor::ReverbTap, 8>::size_type' {aka 'long long unsigned int'} from 'int' may change the sign of the result [-Wsign-conversion]
  127 |         reverbTapsR_[i].buffer.resize(reverbBufferSize, 0.0f);
      |                      ^
/home/mm/map2-audio/juce-engine/Source/PassionFXProcessor.cpp:127:39: warning: conversion to 'std::vector<float>::size_type' {aka 'long long unsigned int'} from 'int' may change the sign of the result [-Wsign-conversion]
  127 |         reverbTapsR_[i].buffer.resize(reverbBufferSize, 0.0f);
      |                                       ^~~~~~~~~~~~~~~~
/home/mm/map2-audio/juce-engine/Source/PassionFXProcessor.cpp:128:22: warning: conversion to 'std::array<map2::PassionFXProcessor::ReverbTap, 8>::size_type' {aka 'long long unsigned int'} from 'int' may change the sign of the result [-Wsign-conversion]
  128 |         reverbTapsR_[i].delaySamples = scaledDelay;
      |                      ^
/home/mm/map2-audio/juce-engine/Source/PassionFXProcessor.cpp:129:22: warning: conversion to 'std::array<map2::PassionFXProcessor::ReverbTap, 8>::size_type' {aka 'long long unsigned int'} from 'int' may change the sign of the result [-Wsign-conversion]
  129 |         reverbTapsR_[i].modPhase = static_cast<double>(i) / NUM_REVERB_TAPS + 0.5;
      |                      ^
/home/mm/map2-audio/juce-engine/Source/PassionFXProcessor.cpp:136:27: warning: conversion to 'std::array<map2::PassionFXProcessor::AllPassFilter, 4>::size_type' {aka 'long long unsigned int'} from 'int' may change the sign of the result [-Wsign-conversion]
  136 |         reverbDiffusersL_[i].prepare(scaledDelay * 2);
      |                           ^
/home/mm/map2-audio/juce-engine/Source/PassionFXProcessor.cpp:137:27: warning: conversion to 'std::array<map2::PassionFXProcessor::AllPassFilter, 4>::size_type' {aka 'long long unsigned int'} from 'int' may change the sign of the result [-Wsign-conversion]
  137 |         reverbDiffusersL_[i].delaySamples = scaledDelay;
      |                           ^
/home/mm/map2-audio/juce-engine/Source/PassionFXProcessor.cpp:138:27: warning: conversion to 'std::array<map2::PassionFXProcessor::AllPassFilter, 4>::size_type' {aka 'long long unsigned int'} from 'int' may change the sign of the result [-Wsign-conversion]
  138 |         reverbDiffusersL_[i].feedback = 0.6f;
      |                           ^
/home/mm/map2-audio/juce-engine/Source/PassionFXProcessor.cpp:140:27: warning: conversion to 'std::array<map2::PassionFXProcessor::AllPassFilter, 4>::size_type' {aka 'long long unsigned int'} from 'int' may change the sign of the result [-Wsign-conversion]
  140 |         reverbDiffusersR_[i].prepare(scaledDelay * 2);
      |                           ^
/home/mm/map2-audio/juce-engine/Source/PassionFXProcessor.cpp:141:27: warning: conversion to 'std::array<map2::PassionFXProcessor::AllPassFilter, 4>::size_type' {aka 'long long unsigned int'} from 'int' may change the sign of the result [-Wsign-conversion]
  141 |         reverbDiffusersR_[i].delaySamples = scaledDelay;
      |                           ^
/home/mm/map2-audio/juce-engine/Source/PassionFXProcessor.cpp:142:27: warning: conversion to 'std::array<map2::PassionFXProcessor::AllPassFilter, 4>::size_type' {aka 'long long unsigned int'} from 'int' may change the sign of the result [-Wsign-conversion]
  142 |         reverbDiffusersR_[i].feedback = 0.6f;
      |                           ^
/home/mm/map2-audio/juce-engine/Source/PassionFXProcessor.cpp:147:28: warning: conversion to 'std::vector<float>::size_type' {aka 'long long unsigned int'} from 'int' may change the sign of the result [-Wsign-conversion]
  147 |     shimmerBufferL_.resize(shimmerBufSize, 0.0f);
      |                            ^~~~~~~~~~~~~~
/home/mm/map2-audio/juce-engine/Source/PassionFXProcessor.cpp:148:28: warning: conversion to 'std::vector<float>::size_type' {aka 'long long unsigned int'} from 'int' may change the sign of the result [-Wsign-conversion]
  148 |     shimmerBufferR_.resize(shimmerBufSize, 0.0f);
      |                            ^~~~~~~~~~~~~~
/home/mm/map2-audio/juce-engine/Source/PassionFXProcessor.cpp:152:25: warning: conversion to 'std::array<map2::PassionFXProcessor::PitchGrain, 2>::size_type' {aka 'long long unsigned int'} from 'int' may change the sign of the result [-Wsign-conversion]
  152 |         shimmerGrainsL_[i] = { phase * PITCH_GRAIN_SIZE, static_cast<int>(phase * PITCH_GRAIN_SIZE), true };
      |                         ^
/home/mm/map2-audio/juce-engine/Source/PassionFXProcessor.cpp:153:25: warning: conversion to 'std::array<map2::PassionFXProcessor::PitchGrain, 2>::size_type' {aka 'long long unsigned int'} from 'int' may change the sign of the result [-Wsign-conversion]
  153 |         shimmerGrainsR_[i] = { phase * PITCH_GRAIN_SIZE, static_cast<int>(phase * PITCH_GRAIN_SIZE), true };
      |                         ^
/home/mm/map2-audio/juce-engine/Source/PassionFXProcessor.cpp: In member function 'void map2::PassionFXProcessor::processPhaser(float&, float&)':
/home/mm/map2-audio/juce-engine/Source/PassionFXProcessor.cpp:599:60: warning: conversion to 'std::array<map2::PassionFXProcessor::PhaserStage, 16>::size_type' {aka 'long long unsigned int'} from 'int' may change the sign of the result [-Wsign-conversion]
  599 |         float newOutL = apCoeff * outL + phaserStageState_[s].stateL;
      |                                                            ^
/home/mm/map2-audio/juce-engine/Source/PassionFXProcessor.cpp:600:27: warning: conversion to 'std::array<map2::PassionFXProcessor::PhaserStage, 16>::size_type' {aka 'long long unsigned int'} from 'int' may change the sign of the result [-Wsign-conversion]
  600 |         phaserStageState_[s].stateL = outL - apCoeff * newOutL;
      |                           ^
/home/mm/map2-audio/juce-engine/Source/PassionFXProcessor.cpp:603:60: warning: conversion to 'std::array<map2::PassionFXProcessor::PhaserStage, 16>::size_type' {aka 'long long unsigned int'} from 'int' may change the sign of the result [-Wsign-conversion]
  603 |         float newOutR = apCoeff * outR + phaserStageState_[s].stateR;
      |                                                            ^
/home/mm/map2-audio/juce-engine/Source/PassionFXProcessor.cpp:604:27: warning: conversion to 'std::array<map2::PassionFXProcessor::PhaserStage, 16>::size_type' {aka 'long long unsigned int'} from 'int' may change the sign of the result [-Wsign-conversion]
  604 |         phaserStageState_[s].stateR = outR - apCoeff * newOutR;
      |                           ^
/home/mm/map2-audio/juce-engine/Source/PassionFXProcessor.cpp: In member function 'void map2::PassionFXProcessor::processChorus(float&, float&)':
/home/mm/map2-audio/juce-engine/Source/PassionFXProcessor.cpp:640:41: warning: conversion to 'std::array<map2::PassionFXProcessor::ChorusVoice, 6>::size_type' {aka 'long long unsigned int'} from 'int' may change the sign of the result [-Wsign-conversion]
  640 |         auto& voice = chorusVoiceState_[v];
      |                                         ^
/home/mm/map2-audio/juce-engine/Source/PassionFXProcessor.cpp:644:29: warning: conversion to 'std::vector<float>::size_type' {aka 'long long unsigned int'} from 'int' may change the sign of the result [-Wsign-conversion]
  644 |         voice.bufferL[voice.writePos] = sampleL;
      |                       ~~~~~~^~~~~~~~
/home/mm/map2-audio/juce-engine/Source/PassionFXProcessor.cpp:645:29: warning: conversion to 'std::vector<float>::size_type' {aka 'long long unsigned int'} from 'int' may change the sign of the result [-Wsign-conversion]
  645 |         voice.bufferR[voice.writePos] = sampleR;
      |                       ~~~~~~^~~~~~~~
/home/mm/map2-audio/juce-engine/Source/PassionFXProcessor.cpp: In member function 'void map2::PassionFXProcessor::processPitchShifter(float&, float&)':
/home/mm/map2-audio/juce-engine/Source/PassionFXProcessor.cpp:695:19: warning: conversion to 'std::vector<float>::size_type' {aka 'long long unsigned int'} from 'int' may change the sign of the result [-Wsign-conversion]
  695 |     pitchBufferL_[pitchWritePos_] = sampleL;
      |                   ^~~~~~~~~~~~~~
/home/mm/map2-audio/juce-engine/Source/PassionFXProcessor.cpp:696:19: warning: conversion to 'std::vector<float>::size_type' {aka 'long long unsigned int'} from 'int' may change the sign of the result [-Wsign-conversion]
  696 |     pitchBufferR_[pitchWritePos_] = sampleR;
      |                   ^~~~~~~~~~~~~~
/home/mm/map2-audio/juce-engine/Source/PassionFXProcessor.cpp:703:38: warning: conversion to 'std::array<map2::PassionFXProcessor::PitchGrain, 2>::size_type' {aka 'long long unsigned int'} from 'int' may change the sign of the result [-Wsign-conversion]
  703 |         auto& grainL = pitchGrainsL_[g];
      |                                      ^
/home/mm/map2-audio/juce-engine/Source/PassionFXProcessor.cpp:704:38: warning: conversion to 'std::array<map2::PassionFXProcessor::PitchGrain, 2>::size_type' {aka 'long long unsigned int'} from 'int' may change the sign of the result [-Wsign-conversion]
  704 |         auto& grainR = pitchGrainsR_[g];
      |                                      ^
/home/mm/map2-audio/juce-engine/Source/PassionFXProcessor.cpp: In member function 'void map2::PassionFXProcessor::processHarmonizer(float&, float&)':
/home/mm/map2-audio/juce-engine/Source/PassionFXProcessor.cpp:773:18: warning: conversion to 'std::vector<float>::size_type' {aka 'long long unsigned int'} from 'int' may change the sign of the result [-Wsign-conversion]
  773 |     harmBufferL_[harmWritePos_] = sampleL;
      |                  ^~~~~~~~~~~~~
/home/mm/map2-audio/juce-engine/Source/PassionFXProcessor.cpp:774:18: warning: conversion to 'std::vector<float>::size_type' {aka 'long long unsigned int'} from 'int' may change the sign of the result [-Wsign-conversion]
  774 |     harmBufferR_[harmWritePos_] = sampleR;
      |                  ^~~~~~~~~~~~~
/home/mm/map2-audio/juce-engine/Source/PassionFXProcessor.cpp:781:35: warning: conversion to 'std::array<map2::PassionFXProcessor::HarmGrain, 2>::size_type' {aka 'long long unsigned int'} from 'int' may change the sign of the result [-Wsign-conversion]
  781 |         auto& gL = harmGrainsV1L_[g];
      |                                   ^
/home/mm/map2-audio/juce-engine/Source/PassionFXProcessor.cpp:782:35: warning: conversion to 'std::array<map2::PassionFXProcessor::HarmGrain, 2>::size_type' {aka 'long long unsigned int'} from 'int' may change the sign of the result [-Wsign-conversion]
  782 |         auto& gR = harmGrainsV1R_[g];
      |                                   ^
/home/mm/map2-audio/juce-engine/Source/PassionFXProcessor.cpp:810:35: warning: conversion to 'std::array<map2::PassionFXProcessor::HarmGrain, 2>::size_type' {aka 'long long unsigned int'} from 'int' may change the sign of the result [-Wsign-conversion]
  810 |         auto& gL = harmGrainsV2L_[g];
      |                                   ^
/home/mm/map2-audio/juce-engine/Source/PassionFXProcessor.cpp:811:35: warning: conversion to 'std::array<map2::PassionFXProcessor::HarmGrain, 2>::size_type' {aka 'long long unsigned int'} from 'int' may change the sign of the result [-Wsign-conversion]
  811 |         auto& gR = harmGrainsV2R_[g];
      |                                   ^
/home/mm/map2-audio/juce-engine/Source/PassionFXProcessor.cpp: In member function 'void map2::PassionFXProcessor::processDelay(float&, float&)':
/home/mm/map2-audio/juce-engine/Source/PassionFXProcessor.cpp:887:25: warning: conversion to 'std::vector<float>::size_type' {aka 'long long unsigned int'} from 'int' may change the sign of the result [-Wsign-conversion]
  887 |         delayPitchBufL_[delayPitchWritePos_] = delayedL;
      |                         ^~~~~~~~~~~~~~~~~~~
/home/mm/map2-audio/juce-engine/Source/PassionFXProcessor.cpp:888:25: warning: conversion to 'std::vector<float>::size_type' {aka 'long long unsigned int'} from 'int' may change the sign of the result [-Wsign-conversion]
  888 |         delayPitchBufR_[delayPitchWritePos_] = delayedR;
      |                         ^~~~~~~~~~~~~~~~~~~
/home/mm/map2-audio/juce-engine/Source/PassionFXProcessor.cpp:893:43: warning: conversion to 'std::array<map2::PassionFXProcessor::PitchGrain, 2>::size_type' {aka 'long long unsigned int'} from 'int' may change the sign of the result [-Wsign-conversion]
  893 |             auto& gL = delayPitchGrainsL_[g];
      |                                           ^
/home/mm/map2-audio/juce-engine/Source/PassionFXProcessor.cpp:894:43: warning: conversion to 'std::array<map2::PassionFXProcessor::PitchGrain, 2>::size_type' {aka 'long long unsigned int'} from 'int' may change the sign of the result [-Wsign-conversion]
  894 |             auto& gR = delayPitchGrainsR_[g];
      |                                           ^
/home/mm/map2-audio/juce-engine/Source/PassionFXProcessor.cpp:933:23: warning: conversion to 'std::vector<float>::size_type' {aka 'long long unsigned int'} from 'int' may change the sign of the result [-Wsign-conversion]
  933 |         delayBufferL_[delayWritePos_] = sampleL + feedbackL * feedback;
      |                       ^~~~~~~~~~~~~~
/home/mm/map2-audio/juce-engine/Source/PassionFXProcessor.cpp:934:23: warning: conversion to 'std::vector<float>::size_type' {aka 'long long unsigned int'} from 'int' may change the sign of the result [-Wsign-conversion]
  934 |         delayBufferR_[delayWritePos_] = sampleR + feedbackR * feedback;
      |                       ^~~~~~~~~~~~~~
/home/mm/map2-audio/juce-engine/Source/PassionFXProcessor.cpp: In member function 'void map2::PassionFXProcessor::processReverb(float&, float&)':
/home/mm/map2-audio/juce-engine/Source/PassionFXProcessor.cpp:1000:35: warning: conversion to 'std::array<map2::PassionFXProcessor::ReverbTap, 8>::size_type' {aka 'long long unsigned int'} from 'int' may change the sign of the result [-Wsign-conversion]
 1000 |         auto& tapL = reverbTapsL_[t];
      |                                   ^
/home/mm/map2-audio/juce-engine/Source/PassionFXProcessor.cpp:1001:35: warning: conversion to 'std::array<map2::PassionFXProcessor::ReverbTap, 8>::size_type' {aka 'long long unsigned int'} from 'int' may change the sign of the result [-Wsign-conversion]
 1001 |         auto& tapR = reverbTapsR_[t];
      |                                   ^
/home/mm/map2-audio/juce-engine/Source/PassionFXProcessor.cpp:1017:34: warning: conversion to 'std::vector<float>::size_type' {aka 'long long unsigned int'} from 'int' may change the sign of the result [-Wsign-conversion]
 1017 |         float rawL = tapL.buffer[readPosL];
      |                                  ^~~~~~~~
/home/mm/map2-audio/juce-engine/Source/PassionFXProcessor.cpp:1018:34: warning: conversion to 'std::vector<float>::size_type' {aka 'long long unsigned int'} from 'int' may change the sign of the result [-Wsign-conversion]
 1018 |         float rawR = tapR.buffer[readPosR];
      |                                  ^~~~~~~~
/home/mm/map2-audio/juce-engine/Source/PassionFXProcessor.cpp:1024:17: warning: conversion to 'std::array<float, 8>::size_type' {aka 'long long unsigned int'} from 'int' may change the sign of the result [-Wsign-conversion]
 1024 |         tapOutL[t] = rawL * (1.0f - damping) + tapL.lowpassState * damping;
      |                 ^
/home/mm/map2-audio/juce-engine/Source/PassionFXProcessor.cpp:1025:17: warning: conversion to 'std::array<float, 8>::size_type' {aka 'long long unsigned int'} from 'int' may change the sign of the result [-Wsign-conversion]
 1025 |         tapOutR[t] = rawR * (1.0f - damping) + tapR.lowpassState * damping;
      |                 ^
/home/mm/map2-audio/juce-engine/Source/PassionFXProcessor.cpp:1035:14: warning: conversion to 'std::array<float, 8>::size_type' {aka 'long long unsigned int'} from 'int' may change the sign of the result [-Wsign-conversion]
 1035 |         hadL[i] = tapOutL[i];
      |              ^
/home/mm/map2-audio/juce-engine/Source/PassionFXProcessor.cpp:1035:27: warning: conversion to 'std::array<float, 8>::size_type' {aka 'long long unsigned int'} from 'int' may change the sign of the result [-Wsign-conversion]
 1035 |         hadL[i] = tapOutL[i];
      |                           ^
/home/mm/map2-audio/juce-engine/Source/PassionFXProcessor.cpp:1036:14: warning: conversion to 'std::array<float, 8>::size_type' {aka 'long long unsigned int'} from 'int' may change the sign of the result [-Wsign-conversion]
 1036 |         hadR[i] = tapOutR[i];
      |              ^
/home/mm/map2-audio/juce-engine/Source/PassionFXProcessor.cpp:1036:27: warning: conversion to 'std::array<float, 8>::size_type' {aka 'long long unsigned int'} from 'int' may change the sign of the result [-Wsign-conversion]
 1036 |         hadR[i] = tapOutR[i];
      |                           ^
/home/mm/map2-audio/juce-engine/Source/PassionFXProcessor.cpp:1041:25: warning: conversion to 'std::array<float, 8>::size_type' {aka 'long long unsigned int'} from 'int' may change the sign of the result [-Wsign-conversion]
 1041 |         float aL = hadL[i], bL = hadL[i + 1];
      |                         ^
/home/mm/map2-audio/juce-engine/Source/PassionFXProcessor.cpp:1041:41: warning: conversion to 'std::array<float, 8>::size_type' {aka 'long long unsigned int'} from 'int' may change the sign of the result [-Wsign-conversion]
 1041 |         float aL = hadL[i], bL = hadL[i + 1];
      |                                       ~~^~~
/home/mm/map2-audio/juce-engine/Source/PassionFXProcessor.cpp:1042:14: warning: conversion to 'std::array<float, 8>::size_type' {aka 'long long unsigned int'} from 'int' may change the sign of the result [-Wsign-conversion]
 1042 |         hadL[i]     = aL + bL;
      |              ^
/home/mm/map2-audio/juce-engine/Source/PassionFXProcessor.cpp:1043:16: warning: conversion to 'std::array<float, 8>::size_type' {aka 'long long unsigned int'} from 'int' may change the sign of the result [-Wsign-conversion]
 1043 |         hadL[i + 1] = aL - bL;
      |              ~~^~~
/home/mm/map2-audio/juce-engine/Source/PassionFXProcessor.cpp:1044:25: warning: conversion to 'std::array<float, 8>::size_type' {aka 'long long unsigned int'} from 'int' may change the sign of the result [-Wsign-conversion]
 1044 |         float aR = hadR[i], bR = hadR[i + 1];
      |                         ^
/home/mm/map2-audio/juce-engine/Source/PassionFXProcessor.cpp:1044:41: warning: conversion to 'std::array<float, 8>::size_type' {aka 'long long unsigned int'} from 'int' may change the sign of the result [-Wsign-conversion]
 1044 |         float aR = hadR[i], bR = hadR[i + 1];
      |                                       ~~^~~
/home/mm/map2-audio/juce-engine/Source/PassionFXProcessor.cpp:1045:14: warning: conversion to 'std::array<float, 8>::size_type' {aka 'long long unsigned int'} from 'int' may change the sign of the result [-Wsign-conversion]
 1045 |         hadR[i]     = aR + bR;
      |              ^
/home/mm/map2-audio/juce-engine/Source/PassionFXProcessor.cpp:1046:16: warning: conversion to 'std::array<float, 8>::size_type' {aka 'long long unsigned int'} from 'int' may change the sign of the result [-Wsign-conversion]
 1046 |         hadR[i + 1] = aR - bR;
      |              ~~^~~
/home/mm/map2-audio/juce-engine/Source/PassionFXProcessor.cpp:1052:31: warning: conversion to 'std::array<float, 8>::size_type' {aka 'long long unsigned int'} from 'int' may change the sign of the result [-Wsign-conversion]
 1052 |             float aL = hadL[i + j], bL = hadL[i + j + 2];
      |                             ~~^~~
/home/mm/map2-audio/juce-engine/Source/PassionFXProcessor.cpp:1052:53: warning: conversion to 'std::array<float, 8>::size_type' {aka 'long long unsigned int'} from 'int' may change the sign of the result [-Wsign-conversion]
 1052 |             float aL = hadL[i + j], bL = hadL[i + j + 2];
      |                                               ~~~~~~^~~
/home/mm/map2-audio/juce-engine/Source/PassionFXProcessor.cpp:1053:20: warning: conversion to 'std::array<float, 8>::size_type' {aka 'long long unsigned int'} from 'int' may change the sign of the result [-Wsign-conversion]
 1053 |             hadL[i + j]     = aL + bL;
      |                  ~~^~~
/home/mm/map2-audio/juce-engine/Source/PassionFXProcessor.cpp:1054:24: warning: conversion to 'std::array<float, 8>::size_type' {aka 'long long unsigned int'} from 'int' may change the sign of the result [-Wsign-conversion]
 1054 |             hadL[i + j + 2] = aL - bL;
      |                  ~~~~~~^~~
/home/mm/map2-audio/juce-engine/Source/PassionFXProcessor.cpp:1055:31: warning: conversion to 'std::array<float, 8>::size_type' {aka 'long long unsigned int'} from 'int' may change the sign of the result [-Wsign-conversion]
 1055 |             float aR = hadR[i + j], bR = hadR[i + j + 2];
      |                             ~~^~~
/home/mm/map2-audio/juce-engine/Source/PassionFXProcessor.cpp:1055:53: warning: conversion to 'std::array<float, 8>::size_type' {aka 'long long unsigned int'} from 'int' may change the sign of the result [-Wsign-conversion]
 1055 |             float aR = hadR[i + j], bR = hadR[i + j + 2];
      |                                               ~~~~~~^~~
/home/mm/map2-audio/juce-engine/Source/PassionFXProcessor.cpp:1056:20: warning: conversion to 'std::array<float, 8>::size_type' {aka 'long long unsigned int'} from 'int' may change the sign of the result [-Wsign-conversion]
 1056 |             hadR[i + j]     = aR + bR;
      |                  ~~^~~
/home/mm/map2-audio/juce-engine/Source/PassionFXProcessor.cpp:1057:24: warning: conversion to 'std::array<float, 8>::size_type' {aka 'long long unsigned int'} from 'int' may change the sign of the result [-Wsign-conversion]
 1057 |             hadR[i + j + 2] = aR - bR;
      |                  ~~~~~~^~~
/home/mm/map2-audio/juce-engine/Source/PassionFXProcessor.cpp:1063:25: warning: conversion to 'std::array<float, 8>::size_type' {aka 'long long unsigned int'} from 'int' may change the sign of the result [-Wsign-conversion]
 1063 |         float aL = hadL[j], bL = hadL[j + 4];
      |                         ^
/home/mm/map2-audio/juce-engine/Source/PassionFXProcessor.cpp:1063:41: warning: conversion to 'std::array<float, 8>::size_type' {aka 'long long unsigned int'} from 'int' may change the sign of the result [-Wsign-conversion]
 1063 |         float aL = hadL[j], bL = hadL[j + 4];
      |                                       ~~^~~
/home/mm/map2-audio/juce-engine/Source/PassionFXProcessor.cpp:1064:14: warning: conversion to 'std::array<float, 8>::size_type' {aka 'long long unsigned int'} from 'int' may change the sign of the result [-Wsign-conversion]
 1064 |         hadL[j]     = aL + bL;
      |              ^
/home/mm/map2-audio/juce-engine/Source/PassionFXProcessor.cpp:1065:16: warning: conversion to 'std::array<float, 8>::size_type' {aka 'long long unsigned int'} from 'int' may change the sign of the result [-Wsign-conversion]
 1065 |         hadL[j + 4] = aL - bL;
      |              ~~^~~
/home/mm/map2-audio/juce-engine/Source/PassionFXProcessor.cpp:1066:25: warning: conversion to 'std::array<float, 8>::size_type' {aka 'long long unsigned int'} from 'int' may change the sign of the result [-Wsign-conversion]
 1066 |         float aR = hadR[j], bR = hadR[j + 4];
      |                         ^
/home/mm/map2-audio/juce-engine/Source/PassionFXProcessor.cpp:1066:41: warning: conversion to 'std::array<float, 8>::size_type' {aka 'long long unsigned int'} from 'int' may change the sign of the result [-Wsign-conversion]
 1066 |         float aR = hadR[j], bR = hadR[j + 4];
      |                                       ~~^~~
/home/mm/map2-audio/juce-engine/Source/PassionFXProcessor.cpp:1067:14: warning: conversion to 'std::array<float, 8>::size_type' {aka 'long long unsigned int'} from 'int' may change the sign of the result [-Wsign-conversion]
 1067 |         hadR[j]     = aR + bR;
      |              ^
/home/mm/map2-audio/juce-engine/Source/PassionFXProcessor.cpp:1068:16: warning: conversion to 'std::array<float, 8>::size_type' {aka 'long long unsigned int'} from 'int' may change the sign of the result [-Wsign-conversion]
 1068 |         hadR[j + 4] = aR - bR;
      |              ~~^~~
/home/mm/map2-audio/juce-engine/Source/PassionFXProcessor.cpp:1074:14: warning: conversion to 'std::array<float, 8>::size_type' {aka 'long long unsigned int'} from 'int' may change the sign of the result [-Wsign-conversion]
 1074 |         hadL[i] *= hadNorm;
      |              ^
/home/mm/map2-audio/juce-engine/Source/PassionFXProcessor.cpp:1075:14: warning: conversion to 'std::array<float, 8>::size_type' {aka 'long long unsigned int'} from 'int' may change the sign of the result [-Wsign-conversion]
 1075 |         hadR[i] *= hadNorm;
      |              ^
/home/mm/map2-audio/juce-engine/Source/PassionFXProcessor.cpp:1080:35: warning: conversion to 'std::array<map2::PassionFXProcessor::ReverbTap, 8>::size_type' {aka 'long long unsigned int'} from 'int' may change the sign of the result [-Wsign-conversion]
 1080 |         auto& tapL = reverbTapsL_[t];
      |                                   ^
/home/mm/map2-audio/juce-engine/Source/PassionFXProcessor.cpp:1081:35: warning: conversion to 'std::array<map2::PassionFXProcessor::ReverbTap, 8>::size_type' {aka 'long long unsigned int'} from 'int' may change the sign of the result [-Wsign-conversion]
 1081 |         auto& tapR = reverbTapsR_[t];
      |                                   ^
/home/mm/map2-audio/juce-engine/Source/PassionFXProcessor.cpp:1083:41: warning: conversion to 'std::array<float, 8>::size_type' {aka 'long long unsigned int'} from 'int' may change the sign of the result [-Wsign-conversion]
 1083 |         float writeL = reverbInL + hadL[t] * reverbFeedback;
      |                                         ^
/home/mm/map2-audio/juce-engine/Source/PassionFXProcessor.cpp:1084:41: warning: conversion to 'std::array<float, 8>::size_type' {aka 'long long unsigned int'} from 'int' may change the sign of the result [-Wsign-conversion]
 1084 |         float writeR = reverbInR + hadR[t] * reverbFeedback;
      |                                         ^
/home/mm/map2-audio/juce-engine/Source/PassionFXProcessor.cpp:1090:26: warning: conversion to 'std::vector<float>::size_type' {aka 'long long unsigned int'} from 'int' may change the sign of the result [-Wsign-conversion]
 1090 |         tapL.buffer[tapL.writePos] = writeL;
      |                     ~~~~~^~~~~~~~
/home/mm/map2-audio/juce-engine/Source/PassionFXProcessor.cpp:1091:26: warning: conversion to 'std::vector<float>::size_type' {aka 'long long unsigned int'} from 'int' may change the sign of the result [-Wsign-conversion]
 1091 |         tapR.buffer[tapR.writePos] = writeR;
      |                     ~~~~~^~~~~~~~
/home/mm/map2-audio/juce-engine/Source/PassionFXProcessor.cpp:1106:31: warning: conversion to 'std::array<float, 8>::size_type' {aka 'long long unsigned int'} from 'int' may change the sign of the result [-Wsign-conversion]
 1106 |         reverbOutL += tapOutL[t];
      |                               ^
/home/mm/map2-audio/juce-engine/Source/PassionFXProcessor.cpp:1107:31: warning: conversion to 'std::array<float, 8>::size_type' {aka 'long long unsigned int'} from 'int' may change the sign of the result [-Wsign-conversion]
 1107 |         reverbOutR += tapOutR[t];
      |                               ^
/home/mm/map2-audio/juce-engine/Source/PassionFXProcessor.cpp:1121:25: warning: conversion to 'std::vector<float>::size_type' {aka 'long long unsigned int'} from 'int' may change the sign of the result [-Wsign-conversion]
 1121 |         shimmerBufferL_[shimmerWritePos_] = shimmerInL;
      |                         ^~~~~~~~~~~~~~~~
/home/mm/map2-audio/juce-engine/Source/PassionFXProcessor.cpp:1122:25: warning: conversion to 'std::vector<float>::size_type' {aka 'long long unsigned int'} from 'int' may change the sign of the result [-Wsign-conversion]
 1122 |         shimmerBufferR_[shimmerWritePos_] = shimmerInR;
      |                         ^~~~~~~~~~~~~~~~
/home/mm/map2-audio/juce-engine/Source/PassionFXProcessor.cpp:1127:40: warning: conversion to 'std::array<map2::PassionFXProcessor::PitchGrain, 2>::size_type' {aka 'long long unsigned int'} from 'int' may change the sign of the result [-Wsign-conversion]
 1127 |             auto& gL = shimmerGrainsL_[g];
      |                                        ^
/home/mm/map2-audio/juce-engine/Source/PassionFXProcessor.cpp:1128:40: warning: conversion to 'std::array<map2::PassionFXProcessor::PitchGrain, 2>::size_type' {aka 'long long unsigned int'} from 'int' may change the sign of the result [-Wsign-conversion]
 1128 |             auto& gR = shimmerGrainsR_[g];
      |                                        ^
/home/mm/map2-audio/juce-engine/Source/PassionFXProcessor.cpp: In member function 'float map2::PassionFXProcessor::readDelayLine(const std::vector<float>&, int, float) const':
/home/mm/map2-audio/juce-engine/Source/PassionFXProcessor.cpp:1331:19: warning: conversion to 'std::vector<float>::size_type' {aka 'long long unsigned int'} from 'int' may change the sign of the result [-Wsign-conversion]
 1331 |     return buffer[idx0] * (1.0f - frac) + buffer[idx1] * frac;
      |                   ^~~~
/home/mm/map2-audio/juce-engine/Source/PassionFXProcessor.cpp:1331:50: warning: conversion to 'std::vector<float>::size_type' {aka 'long long unsigned int'} from 'int' may change the sign of the result [-Wsign-conversion]
 1331 |     return buffer[idx0] * (1.0f - frac) + buffer[idx1] * frac;
      |                                                  ^~~~
/home/mm/map2-audio/juce-engine/Source/PassionFXProcessor.cpp: In member function 'void map2::PassionFXProcessor::applyPreset(Preset)':
/home/mm/map2-audio/juce-engine/Source/PassionFXProcessor.cpp:1676:12: warning: enumeration value 'NumPresets' not handled in switch [-Wswitch-enum]
 1676 |     switch (preset) {
      |            ^
/home/mm/map2-audio/juce-engine/Source/PassionFXProcessor.cpp: In static member function 'static map2::PassionFXProcessor::PresetInfo map2::PassionFXProcessor::getPresetInfo(Preset)':
/home/mm/map2-audio/juce-engine/Source/PassionFXProcessor.cpp:2366:12: warning: enumeration value 'NumPresets' not handled in switch [-Wswitch-enum]
 2366 |     switch (preset) {
      |            ^
In file included from /home/mm/map2-audio/juce-engine/PassionFXPlugin/../Source/PassionFXProcessor.h:15,
                 from /home/mm/map2-audio/juce-engine/PassionFXPlugin/Source/PluginProcessor.h:5,
                 from /home/mm/map2-audio/juce-engine/PassionFXPlugin/Source/PluginEditor.h:5,
                 from /home/mm/map2-audio/juce-engine/PassionFXPlugin/Source/PluginEditor.cpp:1:
/home/mm/map2-audio/juce-engine/PassionFXPlugin/../Source/Common.h: In function 'std::string map2::pluginFormatToString(PluginFormat)':
/home/mm/map2-audio/juce-engine/PassionFXPlugin/../Source/Common.h:256:12: warning: enumeration value 'Unknown' not handled in switch [-Wswitch-enum]
  256 |     switch (format) {
      |            ^
In file included from /home/mm/map2-audio/juce-engine/build/_deps/juce-src/modules/juce_audio_processors/juce_audio_processors.h:154,
                 from /home/mm/map2-audio/juce-engine/PassionFXPlugin/Source/PluginProcessor.h:3:
/home/mm/map2-audio/juce-engine/build/_deps/juce-src/modules/juce_audio_processors/processors/juce_AudioProcessor.h: At global scope:
/home/mm/map2-audio/juce-engine/build/_deps/juce-src/modules/juce_audio_processors/processors/juce_AudioProcessor.h:289:18: warning: 'virtual void juce::AudioProcessor::processBlock(juce::AudioBuffer<double>&, juce::MidiBuffer&)' was hidden [-Woverloaded-virtual=]
  289 |     virtual void processBlock (AudioBuffer<double>& buffer,
      |                  ^~~~~~~~~~~~
/home/mm/map2-audio/juce-engine/PassionFXPlugin/Source/PluginProcessor.h:16:10: note:   by 'virtual void PassionFXAudioProcessor::processBlock(juce::AudioBuffer<float>&, juce::MidiBuffer&)'
   16 |     void processBlock(juce::AudioBuffer<float>&, juce::MidiBuffer&) override;
      |          ^~~~~~~~~~~~
In file included from /home/mm/map2-audio/juce-engine/PassionFXPlugin/../Source/PassionFXProcessor.h:15,
                 from /home/mm/map2-audio/juce-engine/PassionFXPlugin/Source/PluginProcessor.h:5,
                 from /home/mm/map2-audio/juce-engine/PassionFXPlugin/Source/PluginProcessor.cpp:1:
/home/mm/map2-audio/juce-engine/PassionFXPlugin/../Source/Common.h: In function 'std::string map2::pluginFormatToString(PluginFormat)':
/home/mm/map2-audio/juce-engine/PassionFXPlugin/../Source/Common.h:256:12: warning: enumeration value 'Unknown' not handled in switch [-Wswitch-enum]
  256 |     switch (format) {
      |            ^
In file included from /home/mm/map2-audio/juce-engine/build/_deps/juce-src/modules/juce_audio_processors/juce_audio_processors.h:154,
                 from /home/mm/map2-audio/juce-engine/PassionFXPlugin/Source/PluginProcessor.h:3:
/home/mm/map2-audio/juce-engine/build/_deps/juce-src/modules/juce_audio_processors/processors/juce_AudioProcessor.h: At global scope:
/home/mm/map2-audio/juce-engine/build/_deps/juce-src/modules/juce_audio_processors/processors/juce_AudioProcessor.h:289:18: warning: 'virtual void juce::AudioProcessor::processBlock(juce::AudioBuffer<double>&, juce::MidiBuffer&)' was hidden [-Woverloaded-virtual=]
  289 |     virtual void processBlock (AudioBuffer<double>& buffer,
      |                  ^~~~~~~~~~~~
/home/mm/map2-audio/juce-engine/PassionFXPlugin/Source/PluginProcessor.h:16:10: note:   by 'virtual void PassionFXAudioProcessor::processBlock(juce::AudioBuffer<float>&, juce::MidiBuffer&)'
   16 |     void processBlock(juce::AudioBuffer<float>&, juce::MidiBuffer&) override;
      |          ^~~~~~~~~~~~
[ 71%] Linking CXX static library "PassionFXPlugin_artefacts/Release/libMAP2 Passion FX_SharedCode.a"
[ 71%] Built target PassionFXPlugin
[ 75%] Building CXX object CMakeFiles/PassionFXPlugin_VST3.dir/home/mm/map2-audio/juce-engine/build/_deps/juce-src/modules/juce_audio_plugin_client/juce_audio_plugin_client_AAX.cpp.obj
[ 78%] Building CXX object CMakeFiles/PassionFXPlugin_VST3.dir/home/mm/map2-audio/juce-engine/build/_deps/juce-src/modules/juce_audio_plugin_client/juce_audio_plugin_client_Standalone.cpp.obj
[ 84%] Building CXX object CMakeFiles/PassionFXPlugin_VST3.dir/home/mm/map2-audio/juce-engine/build/_deps/juce-src/modules/juce_audio_plugin_client/juce_audio_plugin_client_LV2.cpp.obj
[ 84%] Building CXX object CMakeFiles/PassionFXPlugin_VST3.dir/home/mm/map2-audio/juce-engine/build/_deps/juce-src/modules/juce_audio_plugin_client/juce_audio_plugin_client_Unity.cpp.obj
[ 87%] Building CXX object CMakeFiles/PassionFXPlugin_VST3.dir/home/mm/map2-audio/juce-engine/build/_deps/juce-src/modules/juce_audio_plugin_client/juce_audio_plugin_client_ARA.cpp.obj
[ 90%] Building CXX object CMakeFiles/PassionFXPlugin_VST3.dir/home/mm/map2-audio/juce-engine/build/_deps/juce-src/modules/juce_audio_plugin_client/juce_audio_plugin_client_AAX_utils.cpp.obj
[ 93%] Building CXX object CMakeFiles/PassionFXPlugin_VST3.dir/home/mm/map2-audio/juce-engine/build/_deps/juce-src/modules/juce_audio_plugin_client/juce_audio_plugin_client_VST2.cpp.obj
[ 96%] Building CXX object CMakeFiles/PassionFXPlugin_VST3.dir/home/mm/map2-audio/juce-engine/build/_deps/juce-src/modules/juce_audio_plugin_client/juce_audio_plugin_client_VST3.cpp.obj
[100%] Linking CXX shared module "PassionFXPlugin_artefacts/Release/VST3/MAP2 Passion FX.vst3/Contents/x86_64-win/MAP2 Passion FX.vst3"
removing moduleinfo.json
[100%] Built target PassionFXPlugin_VST3
