[  6%] Building CXX object CMakeFiles/ShoeGazePlugin.dir/home/mm/map2-audio/juce-engine/build/_deps/juce-src/modules/juce_audio_processors/juce_audio_processors_lv2_libs.cpp.o
[  6%] Building CXX object CMakeFiles/ShoeGazePlugin.dir/home/mm/map2-audio/juce-engine/build/_deps/juce-src/modules/juce_audio_processors/juce_audio_processors_ara.cpp.o
[ 10%] Building CXX object CMakeFiles/ShoeGazePlugin.dir/Source/PluginProcessor.cpp.o
[ 17%] Building CXX object CMakeFiles/ShoeGazePlugin.dir/Source/PluginEditor.cpp.o
[ 17%] Building CXX object CMakeFiles/ShoeGazePlugin.dir/home/mm/map2-audio/juce-engine/Source/ShoeGazeProcessor.cpp.o
[ 20%] Building CXX object CMakeFiles/ShoeGazePlugin.dir/home/mm/map2-audio/juce-engine/build/_deps/juce-src/modules/juce_audio_processors/juce_audio_processors.cpp.o
[ 24%] Building CXX object CMakeFiles/ShoeGazePlugin.dir/home/mm/map2-audio/juce-engine/build/_deps/juce-src/modules/juce_gui_extra/juce_gui_extra.cpp.o
[ 27%] Building CXX object CMakeFiles/ShoeGazePlugin.dir/home/mm/map2-audio/juce-engine/build/_deps/juce-src/modules/juce_gui_basics/juce_gui_basics.cpp.o
[ 31%] Building CXX object CMakeFiles/ShoeGazePlugin.dir/home/mm/map2-audio/juce-engine/build/_deps/juce-src/modules/juce_graphics/juce_graphics.cpp.o
[ 34%] Building CXX object CMakeFiles/ShoeGazePlugin.dir/home/mm/map2-audio/juce-engine/build/_deps/juce-src/modules/juce_graphics/juce_graphics_Harfbuzz.cpp.o
[ 37%] Building CXX object CMakeFiles/ShoeGazePlugin.dir/home/mm/map2-audio/juce-engine/build/_deps/juce-src/modules/juce_events/juce_events.cpp.o
[ 41%] Building CXX object CMakeFiles/ShoeGazePlugin.dir/home/mm/map2-audio/juce-engine/build/_deps/juce-src/modules/juce_core/juce_core.cpp.o
In file included from /home/mm/map2-audio/juce-engine/build/_deps/juce-src/modules/juce_graphics/juce_graphics_Harfbuzz.cpp:85:
In file included from /home/mm/map2-audio/juce-engine/build/_deps/juce-src/modules/juce_graphics/fonts/harfbuzz/hb.hh:535:
/home/mm/map2-audio/juce-engine/build/_deps/juce-src/modules/juce_graphics/fonts/harfbuzz/hb-null.hh:179:11: warning: first argument in call to 'memcpy' is a pointer to non-trivially copyable type 'hb_hashmap_t<unsigned int, hb_vector_t<unsigned int>>::item_t' [-Wnontrivial-memcall]
  179 |   memcpy (obj, std::addressof (Null (Type)), sizeof (*obj));
      |           ^
/home/mm/map2-audio/juce-engine/build/_deps/juce-src/modules/juce_graphics/fonts/harfbuzz/hb-null.hh:186:38: note: in instantiation of function template specialization 'Crap<hb_hashmap_t<unsigned int, hb_vector_t<unsigned int>>::item_t>' requested here
  186 |   static Type & get_crap () { return Crap<Type> (); }
      |                                      ^
/home/mm/map2-audio/juce-engine/build/_deps/juce-src/modules/juce_graphics/fonts/harfbuzz/hb-null.hh:192:33: note: in instantiation of member function 'CrapHelper<hb_hashmap_t<unsigned int, hb_vector_t<unsigned int>>::item_t>::get_crap' requested here
  192 |   static Type & get () { return Crap (Type); }
      |                                 ^
/home/mm/map2-audio/juce-engine/build/_deps/juce-src/modules/juce_graphics/fonts/harfbuzz/hb-null.hh:188:38: note: expanded from macro 'Crap'
  188 | #define Crap(Type) CrapHelper<Type>::get_crap ()
      |                                      ^
/home/mm/map2-audio/juce-engine/build/_deps/juce-src/modules/juce_graphics/fonts/harfbuzz/hb-array.hh:83:36: note: in instantiation of member function 'CrapOrNullHelper<hb_hashmap_t<unsigned int, hb_vector_t<unsigned int>>::item_t>::get' requested here
   83 |     if (unlikely (!length)) return CrapOrNull (Type);
      |                                    ^
/home/mm/map2-audio/juce-engine/build/_deps/juce-src/modules/juce_graphics/fonts/harfbuzz/hb-null.hh:198:50: note: expanded from macro 'CrapOrNull'
  198 | #define CrapOrNull(Type) CrapOrNullHelper<Type>::get ()
      |                                                  ^
/home/mm/map2-audio/juce-engine/build/_deps/juce-src/modules/juce_graphics/fonts/harfbuzz/hb-iter.hh:89:41: note: in instantiation of member function 'hb_array_t<hb_hashmap_t<unsigned int, hb_vector_t<unsigned int>>::item_t>::__item__' requested here
   89 |   item_t operator * () { return thiz()->__item__ (); }
      |                                         ^
/home/mm/map2-audio/juce-engine/build/_deps/juce-src/modules/juce_graphics/fonts/harfbuzz/hb-iter.hh:446:55: note: in instantiation of member function 'hb_iter_t<hb_array_t<hb_hashmap_t<unsigned int, hb_vector_t<unsigned int>>::item_t>, hb_hashmap_t<unsigned int, hb_vector_t<unsigned int>>::item_t &>::operator*' requested here
  446 |   { while (it && !hb_has (p.get (), hb_get (f.get (), *it))) ++it; }
      |                                                       ^
/home/mm/map2-audio/juce-engine/build/_deps/juce-src/modules/juce_graphics/fonts/harfbuzz/hb-iter.hh:472:12: note: in instantiation of member function 'hb_filter_iter_t<hb_array_t<hb_hashmap_t<unsigned int, hb_vector_t<unsigned int>>::item_t>, bool (item_t::*)() const, const (unnamed struct at /home/mm/map2-audio/juce-engine/build/_deps/juce-src/modules/juce_graphics/fonts/harfbuzz/hb-algs.hh:224:1) &>::hb_filter_iter_t' requested here
  472 |   { return hb_filter_iter_t<Iter, Pred, Proj> (it, p, f); }
      |            ^
/home/mm/map2-audio/juce-engine/build/_deps/juce-src/modules/juce_graphics/fonts/harfbuzz/hb-iter.hh:359:51: note: in instantiation of function template specialization 'hb_filter_iter_factory_t<bool (item_t::*)() const, const (unnamed struct at /home/mm/map2-audio/juce-engine/build/_deps/juce-src/modules/juce_graphics/fonts/harfbuzz/hb-algs.hh:224:1) &>::operator()<hb_array_t<hb_hashmap_t<unsigned int, hb_vector_t<unsigned int>>::item_t>, nullptr>' requested here
  359 | operator | (Lhs&& lhs, Rhs&& rhs) HB_AUTO_RETURN (std::forward<Rhs> (rhs) (std::forward<Lhs> (lhs)))
      |                                                   ^
/home/mm/map2-audio/juce-engine/build/_deps/juce-src/modules/juce_graphics/fonts/harfbuzz/hb-meta.hh:76:55: note: expanded from macro 'HB_AUTO_RETURN'
   76 | #define HB_AUTO_RETURN(E) -> decltype ((E)) { return (E); }
      |                                                       ^
/home/mm/map2-audio/juce-engine/build/_deps/juce-src/modules/juce_graphics/fonts/harfbuzz/hb-map.hh:427:5: note: in instantiation of function template specialization 'operator|<hb_array_t<hb_hashmap_t<unsigned int, hb_vector_t<unsigned int>>::item_t>, hb_filter_iter_factory_t<bool (item_t::*)() const, const (unnamed struct at /home/mm/map2-audio/juce-engine/build/_deps/juce-src/modules/juce_graphics/fonts/harfbuzz/hb-algs.hh:224:1) &>, nullptr>' requested here
  427 |     | hb_filter (&item_t::is_real)
      |     ^
/home/mm/map2-audio/juce-engine/build/_deps/juce-src/modules/juce_graphics/fonts/harfbuzz/hb-meta.hh:76:55: note: expanded from macro 'HB_AUTO_RETURN'
   76 | #define HB_AUTO_RETURN(E) -> decltype ((E)) { return (E); }
      |                                                       ^
/home/mm/map2-audio/juce-engine/build/_deps/juce-src/modules/juce_graphics/fonts/harfbuzz/hb-map.hh:451:13: note: in instantiation of member function 'hb_hashmap_t<unsigned int, hb_vector_t<unsigned int>>::iter_items' requested here
  451 |     + this->iter_items ()
      |             ^
/home/mm/map2-audio/juce-engine/build/_deps/juce-src/modules/juce_graphics/fonts/harfbuzz/hb-meta.hh:76:55: note: expanded from macro 'HB_AUTO_RETURN'
   76 | #define HB_AUTO_RETURN(E) -> decltype ((E)) { return (E); }
      |                                                       ^
/home/mm/map2-audio/juce-engine/build/_deps/juce-src/modules/juce_graphics/fonts/harfbuzz/hb-multimap.hh:78:36: note: in instantiation of member function 'hb_hashmap_t<unsigned int, hb_vector_t<unsigned int>>::values_ref' requested here
   78 |     for (const auto &m : multiples.values_ref ())
      |                                    ^
/home/mm/map2-audio/juce-engine/build/_deps/juce-src/modules/juce_graphics/fonts/harfbuzz/hb-null.hh:179:11: note: explicitly cast the pointer to silence this warning
  179 |   memcpy (obj, std::addressof (Null (Type)), sizeof (*obj));
      |           ^
      |           (void*)
/home/mm/map2-audio/juce-engine/build/_deps/juce-src/modules/juce_graphics/fonts/harfbuzz/hb-null.hh:179:11: warning: first argument in call to 'memcpy' is a pointer to non-trivially copyable type 'hb_hashmap_t<unsigned int, Triple>' [-Wnontrivial-memcall]
  179 |   memcpy (obj, std::addressof (Null (Type)), sizeof (*obj));
      |           ^
/home/mm/map2-audio/juce-engine/build/_deps/juce-src/modules/juce_graphics/fonts/harfbuzz/hb-null.hh:186:38: note: in instantiation of function template specialization 'Crap<hb_hashmap_t<unsigned int, Triple>>' requested here
  186 |   static Type & get_crap () { return Crap<Type> (); }
      |                                      ^
/home/mm/map2-audio/juce-engine/build/_deps/juce-src/modules/juce_graphics/fonts/harfbuzz/hb-vector.hh:219:30: note: in instantiation of member function 'CrapHelper<hb_hashmap_t<unsigned int, Triple>>::get_crap' requested here
  219 |       return std::addressof (Crap (Type));
      |                              ^
/home/mm/map2-audio/juce-engine/build/_deps/juce-src/modules/juce_graphics/fonts/harfbuzz/hb-null.hh:188:38: note: expanded from macro 'Crap'
  188 | #define Crap(Type) CrapHelper<Type>::get_crap ()
      |                                      ^
/home/mm/map2-audio/juce-engine/build/_deps/juce-src/modules/juce_graphics/fonts/harfbuzz/hb-ot-layout-common.hh:2661:15: note: in instantiation of function template specialization 'hb_vector_t<hb_hashmap_t<unsigned int, Triple>>::push<hb_hashmap_t<unsigned int, Triple>>' requested here
 2661 |       regions.push (std::move (axis_tuples));
      |               ^
/home/mm/map2-audio/juce-engine/build/_deps/juce-src/modules/juce_graphics/fonts/harfbuzz/hb-null.hh:179:11: note: explicitly cast the pointer to silence this warning
  179 |   memcpy (obj, std::addressof (Null (Type)), sizeof (*obj));
      |           ^
      |           (void*)
/home/mm/map2-audio/juce-engine/build/_deps/juce-src/modules/juce_graphics/fonts/harfbuzz/hb-null.hh:179:11: warning: first argument in call to 'memcpy' is a pointer to non-trivially copyable type 'hb_inc_bimap_t' [-Wnontrivial-memcall]
  179 |   memcpy (obj, std::addressof (Null (Type)), sizeof (*obj));
      |           ^
/home/mm/map2-audio/juce-engine/build/_deps/juce-src/modules/juce_graphics/fonts/harfbuzz/hb-null.hh:186:38: note: in instantiation of function template specialization 'Crap<hb_inc_bimap_t>' requested here
  186 |   static Type & get_crap () { return Crap<Type> (); }
      |                                      ^
/home/mm/map2-audio/juce-engine/build/_deps/juce-src/modules/juce_graphics/fonts/harfbuzz/hb-vector.hh:210:30: note: in instantiation of member function 'CrapHelper<hb_inc_bimap_t>::get_crap' requested here
  210 |       return std::addressof (Crap (Type));
      |                              ^
/home/mm/map2-audio/juce-engine/build/_deps/juce-src/modules/juce_graphics/fonts/harfbuzz/hb-null.hh:188:38: note: expanded from macro 'Crap'
  188 | #define Crap(Type) CrapHelper<Type>::get_crap ()
      |                                      ^
/home/mm/map2-audio/juce-engine/build/_deps/juce-src/modules/juce_graphics/fonts/harfbuzz/hb-ot-layout-common.hh:3210:40: note: in instantiation of member function 'hb_vector_t<hb_inc_bimap_t>::push' requested here
 3210 |       hb_inc_bimap_t *map = inner_maps.push ();
      |                                        ^
/home/mm/map2-audio/juce-engine/build/_deps/juce-src/modules/juce_graphics/fonts/harfbuzz/hb-null.hh:179:11: note: explicitly cast the pointer to silence this warning
  179 |   memcpy (obj, std::addressof (Null (Type)), sizeof (*obj));
      |           ^
      |           (void*)
/home/mm/map2-audio/juce-engine/build/_deps/juce-src/modules/juce_graphics/fonts/harfbuzz/hb-null.hh:179:11: warning: first argument in call to 'memcpy' is a pointer to non-trivially copyable type 'OT::tuple_delta_t' [-Wnontrivial-memcall]
  179 |   memcpy (obj, std::addressof (Null (Type)), sizeof (*obj));
      |           ^
/home/mm/map2-audio/juce-engine/build/_deps/juce-src/modules/juce_graphics/fonts/harfbuzz/hb-null.hh:186:38: note: in instantiation of function template specialization 'Crap<OT::tuple_delta_t>' requested here
  186 |   static Type & get_crap () { return Crap<Type> (); }
      |                                      ^
/home/mm/map2-audio/juce-engine/build/_deps/juce-src/modules/juce_graphics/fonts/harfbuzz/hb-vector.hh:219:30: note: in instantiation of member function 'CrapHelper<OT::tuple_delta_t>::get_crap' requested here
  219 |       return std::addressof (Crap (Type));
      |                              ^
/home/mm/map2-audio/juce-engine/build/_deps/juce-src/modules/juce_graphics/fonts/harfbuzz/hb-null.hh:188:38: note: expanded from macro 'Crap'
  188 | #define Crap(Type) CrapHelper<Type>::get_crap ()
      |                                      ^
/home/mm/map2-audio/juce-engine/build/_deps/juce-src/modules/juce_graphics/fonts/harfbuzz/OT/Layout/GDEF/../../../hb-ot-var-common.hh:544:11: note: in instantiation of function template specialization 'hb_vector_t<OT::tuple_delta_t>::push<const OT::tuple_delta_t &>' requested here
  544 |       out.push (*this);
      |           ^
/home/mm/map2-audio/juce-engine/build/_deps/juce-src/modules/juce_graphics/fonts/harfbuzz/hb-null.hh:179:11: note: explicitly cast the pointer to silence this warning
  179 |   memcpy (obj, std::addressof (Null (Type)), sizeof (*obj));
      |           ^
      |           (void*)
/home/mm/map2-audio/juce-engine/build/_deps/juce-src/modules/juce_graphics/fonts/harfbuzz/hb-null.hh:179:11: warning: first argument in call to 'memcpy' is a pointer to non-trivially copyable type 'OT::TupleVariationData::tuple_variations_t' [-Wnontrivial-memcall]
  179 |   memcpy (obj, std::addressof (Null (Type)), sizeof (*obj));
      |           ^
/home/mm/map2-audio/juce-engine/build/_deps/juce-src/modules/juce_graphics/fonts/harfbuzz/hb-null.hh:186:38: note: in instantiation of function template specialization 'Crap<OT::TupleVariationData::tuple_variations_t>' requested here
  186 |   static Type & get_crap () { return Crap<Type> (); }
      |                                      ^
/home/mm/map2-audio/juce-engine/build/_deps/juce-src/modules/juce_graphics/fonts/harfbuzz/hb-vector.hh:219:30: note: in instantiation of member function 'CrapHelper<OT::TupleVariationData::tuple_variations_t>::get_crap' requested here
  219 |       return std::addressof (Crap (Type));
      |                              ^
/home/mm/map2-audio/juce-engine/build/_deps/juce-src/modules/juce_graphics/fonts/harfbuzz/hb-null.hh:188:38: note: expanded from macro 'Crap'
  188 | #define Crap(Type) CrapHelper<Type>::get_crap ()
      |                                      ^
/home/mm/map2-audio/juce-engine/build/_deps/juce-src/modules/juce_graphics/fonts/harfbuzz/OT/Layout/GDEF/../../../hb-ot-var-common.hh:1875:12: note: in instantiation of function template specialization 'hb_vector_t<OT::TupleVariationData::tuple_variations_t>::push<OT::TupleVariationData::tuple_variations_t>' requested here
 1875 |       vars.push (std::move (var_data_tuples));
      |            ^
/home/mm/map2-audio/juce-engine/build/_deps/juce-src/modules/juce_graphics/fonts/harfbuzz/hb-null.hh:179:11: note: explicitly cast the pointer to silence this warning
  179 |   memcpy (obj, std::addressof (Null (Type)), sizeof (*obj));
      |           ^
      |           (void*)
/home/mm/map2-audio/juce-engine/build/_deps/juce-src/modules/juce_graphics/fonts/harfbuzz/hb-null.hh:179:11: warning: first argument in call to 'memcpy' is a pointer to non-trivially copyable type 'hb_vector_t<int>' [-Wnontrivial-memcall]
  179 |   memcpy (obj, std::addressof (Null (Type)), sizeof (*obj));
      |           ^
/home/mm/map2-audio/juce-engine/build/_deps/juce-src/modules/juce_graphics/fonts/harfbuzz/hb-null.hh:186:38: note: in instantiation of function template specialization 'Crap<hb_vector_t<int>>' requested here
  186 |   static Type & get_crap () { return Crap<Type> (); }
      |                                      ^
/home/mm/map2-audio/juce-engine/build/_deps/juce-src/modules/juce_graphics/fonts/harfbuzz/hb-vector.hh:159:14: note: in instantiation of member function 'CrapHelper<hb_vector_t<int>>::get_crap' requested here
  159 |       return Crap (Type);
      |              ^
/home/mm/map2-audio/juce-engine/build/_deps/juce-src/modules/juce_graphics/fonts/harfbuzz/hb-null.hh:188:38: note: expanded from macro 'Crap'
  188 | #define Crap(Type) CrapHelper<Type>::get_crap ()
      |                                      ^
/home/mm/map2-audio/juce-engine/build/_deps/juce-src/modules/juce_graphics/fonts/harfbuzz/OT/Layout/GDEF/../../../hb-ot-var-common.hh:2005:23: note: in instantiation of member function 'hb_vector_t<hb_vector_t<int>>::operator[]' requested here
 2005 |       if (!(delta_rows[i].resize (num_cols))) return false;
      |                       ^
/home/mm/map2-audio/juce-engine/build/_deps/juce-src/modules/juce_graphics/fonts/harfbuzz/hb-null.hh:179:11: note: explicitly cast the pointer to silence this warning
  179 |   memcpy (obj, std::addressof (Null (Type)), sizeof (*obj));
      |           ^
      |           (void*)
/home/mm/map2-audio/juce-engine/build/_deps/juce-src/modules/juce_graphics/fonts/harfbuzz/hb-null.hh:179:11: warning: first argument in call to 'memcpy' is a pointer to non-trivially copyable type 'OT::delta_row_encoding_t' [-Wnontrivial-memcall]
  179 |   memcpy (obj, std::addressof (Null (Type)), sizeof (*obj));
      |           ^
/home/mm/map2-audio/juce-engine/build/_deps/juce-src/modules/juce_graphics/fonts/harfbuzz/hb-null.hh:186:38: note: in instantiation of function template specialization 'Crap<OT::delta_row_encoding_t>' requested here
  186 |   static Type & get_crap () { return Crap<Type> (); }
      |                                      ^
/home/mm/map2-audio/juce-engine/build/_deps/juce-src/modules/juce_graphics/fonts/harfbuzz/hb-vector.hh:219:30: note: in instantiation of member function 'CrapHelper<OT::delta_row_encoding_t>::get_crap' requested here
  219 |       return std::addressof (Crap (Type));
      |                              ^
/home/mm/map2-audio/juce-engine/build/_deps/juce-src/modules/juce_graphics/fonts/harfbuzz/hb-null.hh:188:38: note: expanded from macro 'Crap'
  188 | #define Crap(Type) CrapHelper<Type>::get_crap ()
      |                                      ^
/home/mm/map2-audio/juce-engine/build/_deps/juce-src/modules/juce_graphics/fonts/harfbuzz/OT/Layout/GDEF/../../../hb-ot-var-common.hh:2048:19: note: in instantiation of function template specialization 'hb_vector_t<OT::delta_row_encoding_t>::push<OT::delta_row_encoding_t>' requested here
 2048 |         encodings.push (std::move (obj));
      |                   ^
/home/mm/map2-audio/juce-engine/build/_deps/juce-src/modules/juce_graphics/fonts/harfbuzz/hb-null.hh:179:11: note: explicitly cast the pointer to silence this warning
  179 |   memcpy (obj, std::addressof (Null (Type)), sizeof (*obj));
      |           ^
      |           (void*)
/home/mm/map2-audio/juce-engine/build/_deps/juce-src/modules/juce_graphics/fonts/harfbuzz/hb-null.hh:179:11: warning: first argument in call to 'memcpy' is a pointer to non-trivially copyable type 'hb_set_t' [-Wnontrivial-memcall]
  179 |   memcpy (obj, std::addressof (Null (Type)), sizeof (*obj));
      |           ^
/home/mm/map2-audio/juce-engine/build/_deps/juce-src/modules/juce_graphics/fonts/harfbuzz/hb-null.hh:186:38: note: in instantiation of function template specialization 'Crap<hb_set_t>' requested here
  186 |   static Type & get_crap () { return Crap<Type> (); }
      |                                      ^
/home/mm/map2-audio/juce-engine/build/_deps/juce-src/modules/juce_graphics/fonts/harfbuzz/hb-vector.hh:159:14: note: in instantiation of member function 'CrapHelper<hb_set_t>::get_crap' requested here
  159 |       return Crap (Type);
      |              ^
/home/mm/map2-audio/juce-engine/build/_deps/juce-src/modules/juce_graphics/fonts/harfbuzz/hb-null.hh:188:38: note: expanded from macro 'Crap'
  188 | #define Crap(Type) CrapHelper<Type>::get_crap ()
      |                                      ^
/home/mm/map2-audio/juce-engine/build/_deps/juce-src/modules/juce_graphics/fonts/harfbuzz/OT/Layout/GPOS/../../../hb-ot-layout-gsubgpos.hh:135:31: note: in instantiation of member function 'hb_vector_t<hb_set_t>::operator[]' requested here
  135 |     return active_glyphs_stack[active_glyphs_stack.length - 2];
      |                               ^
/home/mm/map2-audio/juce-engine/build/_deps/juce-src/modules/juce_graphics/fonts/harfbuzz/hb-null.hh:179:11: note: explicitly cast the pointer to silence this warning
  179 |   memcpy (obj, std::addressof (Null (Type)), sizeof (*obj));
      |           ^
      |           (void*)
/home/mm/map2-audio/juce-engine/build/_deps/juce-src/modules/juce_graphics/fonts/harfbuzz/hb-null.hh:179:11: warning: first argument in call to 'memcpy' is a pointer to non-trivially copyable type 'hb_vector_t<hb_aat_map_t::range_flags_t, true>' [-Wnontrivial-memcall]
  179 |   memcpy (obj, std::addressof (Null (Type)), sizeof (*obj));
      |           ^
/home/mm/map2-audio/juce-engine/build/_deps/juce-src/modules/juce_graphics/fonts/harfbuzz/hb-null.hh:186:38: note: in instantiation of function template specialization 'Crap<hb_vector_t<hb_aat_map_t::range_flags_t, true>>' requested here
  186 |   static Type & get_crap () { return Crap<Type> (); }
      |                                      ^
/home/mm/map2-audio/juce-engine/build/_deps/juce-src/modules/juce_graphics/fonts/harfbuzz/hb-vector.hh:159:14: note: in instantiation of member function 'CrapHelper<hb_vector_t<hb_aat_map_t::range_flags_t, true>>::get_crap' requested here
  159 |       return Crap (Type);
      |              ^
/home/mm/map2-audio/juce-engine/build/_deps/juce-src/modules/juce_graphics/fonts/harfbuzz/hb-null.hh:188:38: note: expanded from macro 'Crap'
  188 | #define Crap(Type) CrapHelper<Type>::get_crap ()
      |                                      ^
/home/mm/map2-audio/juce-engine/build/_deps/juce-src/modules/juce_graphics/fonts/harfbuzz/hb-aat-layout-morx-table.hh:1162:23: note: in instantiation of member function 'hb_vector_t<hb_vector_t<hb_aat_map_t::range_flags_t, true>>::operator[]' requested here
 1162 |       map->chain_flags[i].push (hb_aat_map_t::range_flags_t {chain->compile_flags (mapper),
      |                       ^
/home/mm/map2-audio/juce-engine/build/_deps/juce-src/modules/juce_graphics/fonts/harfbuzz/hb-aat-layout.cc:217:10: note: in instantiation of member function 'AAT::mortmorx<AAT::ExtendedTypes, 1836020344>::compile_flags' requested here
  217 |     morx.compile_flags (mapper, map);
      |          ^
/home/mm/map2-audio/juce-engine/build/_deps/juce-src/modules/juce_graphics/fonts/harfbuzz/hb-null.hh:179:11: note: explicitly cast the pointer to silence this warning
  179 |   memcpy (obj, std::addressof (Null (Type)), sizeof (*obj));
      |           ^
      |           (void*)
/home/mm/map2-audio/juce-engine/build/_deps/juce-src/modules/juce_graphics/fonts/harfbuzz/hb-null.hh:179:11: warning: first argument in call to 'memcpy' is a pointer to non-trivially copyable type 'OT::VariationSelectorRecord' [-Wnontrivial-memcall]
  179 |   memcpy (obj, std::addressof (Null (Type)), sizeof (*obj));
      |           ^
/home/mm/map2-audio/juce-engine/build/_deps/juce-src/modules/juce_graphics/fonts/harfbuzz/hb-null.hh:186:38: note: in instantiation of function template specialization 'Crap<OT::VariationSelectorRecord>' requested here
  186 |   static Type & get_crap () { return Crap<Type> (); }
      |                                      ^
/home/mm/map2-audio/juce-engine/build/_deps/juce-src/modules/juce_graphics/fonts/harfbuzz/hb-open-type.hh:638:37: note: in instantiation of member function 'CrapHelper<OT::VariationSelectorRecord>::get_crap' requested here
  638 |     if (unlikely (i >= len)) return Crap (Type);
      |                                     ^
/home/mm/map2-audio/juce-engine/build/_deps/juce-src/modules/juce_graphics/fonts/harfbuzz/hb-null.hh:188:38: note: expanded from macro 'Crap'
  188 | #define Crap(Type) CrapHelper<Type>::get_crap ()
      |                                      ^
/home/mm/map2-audio/juce-engine/build/_deps/juce-src/modules/juce_graphics/fonts/harfbuzz/hb-ot-cmap-table.hh:1304:26: note: in instantiation of member function 'OT::ArrayOf<OT::VariationSelectorRecord, OT::IntType<unsigned int>>::operator[]' requested here
 1304 |       c->add_link (record[j].defaultUVS, obj_indices[i].first);
      |                          ^
/home/mm/map2-audio/juce-engine/build/_deps/juce-src/modules/juce_graphics/fonts/harfbuzz/hb-null.hh:179:11: note: explicitly cast the pointer to silence this warning
  179 |   memcpy (obj, std::addressof (Null (Type)), sizeof (*obj));
      |           ^
      |           (void*)
/home/mm/map2-audio/juce-engine/build/_deps/juce-src/modules/juce_graphics/fonts/harfbuzz/hb-null.hh:179:11: warning: first argument in call to 'memcpy' is a pointer to non-trivially copyable type 'CFF::parsed_cs_str_t' [-Wnontrivial-memcall]
  179 |   memcpy (obj, std::addressof (Null (Type)), sizeof (*obj));
      |           ^
/home/mm/map2-audio/juce-engine/build/_deps/juce-src/modules/juce_graphics/fonts/harfbuzz/hb-null.hh:186:38: note: in instantiation of function template specialization 'Crap<CFF::parsed_cs_str_t>' requested here
  186 |   static Type & get_crap () { return Crap<Type> (); }
      |                                      ^
/home/mm/map2-audio/juce-engine/build/_deps/juce-src/modules/juce_graphics/fonts/harfbuzz/hb-vector.hh:159:14: note: in instantiation of member function 'CrapHelper<CFF::parsed_cs_str_t>::get_crap' requested here
  159 |       return Crap (Type);
      |              ^
/home/mm/map2-audio/juce-engine/build/_deps/juce-src/modules/juce_graphics/fonts/harfbuzz/hb-null.hh:188:38: note: expanded from macro 'Crap'
  188 | #define Crap(Type) CrapHelper<Type>::get_crap ()
      |                                      ^
/home/mm/map2-audio/juce-engine/build/_deps/juce-src/modules/juce_graphics/fonts/harfbuzz/hb-subset-cff-common.hh:559:33: note: in instantiation of member function 'hb_vector_t<CFF::parsed_cs_str_t>::operator[]' requested here
  559 |           return &(*parsed_local_subrs)[context.subr_num];
      |                                        ^
/home/mm/map2-audio/juce-engine/build/_deps/juce-src/modules/juce_graphics/fonts/harfbuzz/hb-null.hh:179:11: note: explicitly cast the pointer to silence this warning
  179 |   memcpy (obj, std::addressof (Null (Type)), sizeof (*obj));
      |           ^
      |           (void*)
/home/mm/map2-audio/juce-engine/build/_deps/juce-src/modules/juce_graphics/fonts/harfbuzz/hb-null.hh:179:11: warning: first argument in call to 'memcpy' is a pointer to non-trivially copyable type 'CFF::cff1_private_dict_values_base_t<CFF::dict_val_t>' [-Wnontrivial-memcall]
  179 |   memcpy (obj, std::addressof (Null (Type)), sizeof (*obj));
      |           ^
/home/mm/map2-audio/juce-engine/build/_deps/juce-src/modules/juce_graphics/fonts/harfbuzz/hb-null.hh:186:38: note: in instantiation of function template specialization 'Crap<CFF::cff1_private_dict_values_base_t<CFF::dict_val_t>>' requested here
  186 |   static Type & get_crap () { return Crap<Type> (); }
      |                                      ^
/home/mm/map2-audio/juce-engine/build/_deps/juce-src/modules/juce_graphics/fonts/harfbuzz/hb-vector.hh:159:14: note: in instantiation of member function 'CrapHelper<CFF::cff1_private_dict_values_base_t<CFF::dict_val_t>>::get_crap' requested here
  159 |       return Crap (Type);
      |              ^
/home/mm/map2-audio/juce-engine/build/_deps/juce-src/modules/juce_graphics/fonts/harfbuzz/hb-null.hh:188:38: note: expanded from macro 'Crap'
  188 | #define Crap(Type) CrapHelper<Type>::get_crap ()
      |                                      ^
/home/mm/map2-audio/juce-engine/build/_deps/juce-src/modules/juce_graphics/fonts/harfbuzz/hb-ot-cff1-table.hh:1172:2: note: in instantiation of member function 'hb_vector_t<CFF::cff1_private_dict_values_base_t<CFF::dict_val_t>>::operator[]' requested here
 1172 |         privateDicts[i].init ();
      |         ^
/home/mm/map2-audio/juce-engine/build/_deps/juce-src/modules/juce_graphics/fonts/harfbuzz/hb-ot-cff1-table.hh:1382:39: note: in instantiation of member function 'OT::cff1::accelerator_templ_t<CFF::cff1_private_dict_opset_t, CFF::cff1_private_dict_values_base_t<CFF::dict_val_t>>::accelerator_templ_t' requested here
 1382 |     accelerator_t (hb_face_t *face) : SUPER (face)
      |                                       ^
/home/mm/map2-audio/juce-engine/build/_deps/juce-src/modules/juce_graphics/fonts/harfbuzz/hb-null.hh:179:11: note: explicitly cast the pointer to silence this warning
  179 |   memcpy (obj, std::addressof (Null (Type)), sizeof (*obj));
      |           ^
      |           (void*)
/home/mm/map2-audio/juce-engine/build/_deps/juce-src/modules/juce_graphics/fonts/harfbuzz/hb-null.hh:179:11: warning: first argument in call to 'memcpy' is a pointer to non-trivially copyable type 'CFF::cff1_font_dict_values_t' [-Wnontrivial-memcall]
  179 |   memcpy (obj, std::addressof (Null (Type)), sizeof (*obj));
      |           ^
/home/mm/map2-audio/juce-engine/build/_deps/juce-src/modules/juce_graphics/fonts/harfbuzz/hb-null.hh:186:38: note: in instantiation of function template specialization 'Crap<CFF::cff1_font_dict_values_t>' requested here
  186 |   static Type & get_crap () { return Crap<Type> (); }
      |                                      ^
/home/mm/map2-audio/juce-engine/build/_deps/juce-src/modules/juce_graphics/fonts/harfbuzz/hb-vector.hh:210:30: note: in instantiation of member function 'CrapHelper<CFF::cff1_font_dict_values_t>::get_crap' requested here
  210 |       return std::addressof (Crap (Type));
      |                              ^
/home/mm/map2-audio/juce-engine/build/_deps/juce-src/modules/juce_graphics/fonts/harfbuzz/hb-null.hh:188:38: note: expanded from macro 'Crap'
  188 | #define Crap(Type) CrapHelper<Type>::get_crap ()
      |                                      ^
/home/mm/map2-audio/juce-engine/build/_deps/juce-src/modules/juce_graphics/fonts/harfbuzz/hb-ot-cff1-table.hh:1185:21: note: in instantiation of member function 'hb_vector_t<CFF::cff1_font_dict_values_t>::push' requested here
 1185 |           font = fontDicts.push ();
      |                            ^
/home/mm/map2-audio/juce-engine/build/_deps/juce-src/modules/juce_graphics/fonts/harfbuzz/hb-ot-cff1-table.hh:1382:39: note: in instantiation of member function 'OT::cff1::accelerator_templ_t<CFF::cff1_private_dict_opset_t, CFF::cff1_private_dict_values_base_t<CFF::dict_val_t>>::accelerator_templ_t' requested here
 1382 |     accelerator_t (hb_face_t *face) : SUPER (face)
      |                                       ^
/home/mm/map2-audio/juce-engine/build/_deps/juce-src/modules/juce_graphics/fonts/harfbuzz/hb-null.hh:179:11: note: explicitly cast the pointer to silence this warning
  179 |   memcpy (obj, std::addressof (Null (Type)), sizeof (*obj));
      |           ^
      |           (void*)
/home/mm/map2-audio/juce-engine/build/_deps/juce-src/modules/juce_graphics/fonts/harfbuzz/hb-null.hh:179:11: warning: first argument in call to 'memcpy' is a pointer to non-trivially copyable type 'CFF::cff1_private_dict_values_base_t<CFF::op_str_t>' [-Wnontrivial-memcall]
  179 |   memcpy (obj, std::addressof (Null (Type)), sizeof (*obj));
      |           ^
/home/mm/map2-audio/juce-engine/build/_deps/juce-src/modules/juce_graphics/fonts/harfbuzz/hb-null.hh:186:38: note: in instantiation of function template specialization 'Crap<CFF::cff1_private_dict_values_base_t<CFF::op_str_t>>' requested here
  186 |   static Type & get_crap () { return Crap<Type> (); }
      |                                      ^
/home/mm/map2-audio/juce-engine/build/_deps/juce-src/modules/juce_graphics/fonts/harfbuzz/hb-vector.hh:159:14: note: in instantiation of member function 'CrapHelper<CFF::cff1_private_dict_values_base_t<CFF::op_str_t>>::get_crap' requested here
  159 |       return Crap (Type);
      |              ^
/home/mm/map2-audio/juce-engine/build/_deps/juce-src/modules/juce_graphics/fonts/harfbuzz/hb-null.hh:188:38: note: expanded from macro 'Crap'
  188 | #define Crap(Type) CrapHelper<Type>::get_crap ()
      |                                      ^
/home/mm/map2-audio/juce-engine/build/_deps/juce-src/modules/juce_graphics/fonts/harfbuzz/hb-ot-cff1-table.hh:1172:2: note: in instantiation of member function 'hb_vector_t<CFF::cff1_private_dict_values_base_t<CFF::op_str_t>>::operator[]' requested here
 1172 |         privateDicts[i].init ();
      |         ^
/home/mm/map2-audio/juce-engine/build/_deps/juce-src/modules/juce_graphics/fonts/harfbuzz/hb-ot-cff1-table.hh:1516:46: note: in instantiation of member function 'OT::cff1::accelerator_templ_t<CFF::cff1_private_dict_opset_subset_t, CFF::cff1_private_dict_values_base_t<CFF::op_str_t>>::accelerator_templ_t' requested here
 1516 |     accelerator_subset_t (hb_face_t *face) : SUPER (face) {}
      |                                              ^
/home/mm/map2-audio/juce-engine/build/_deps/juce-src/modules/juce_graphics/fonts/harfbuzz/hb-null.hh:179:11: note: explicitly cast the pointer to silence this warning
  179 |   memcpy (obj, std::addressof (Null (Type)), sizeof (*obj));
      |           ^
      |           (void*)
/home/mm/map2-audio/juce-engine/build/_deps/juce-src/modules/juce_graphics/fonts/harfbuzz/hb-null.hh:179:11: warning: first argument in call to 'memcpy' is a pointer to non-trivially copyable type 'CFF::cff2_font_dict_values_t' [-Wnontrivial-memcall]
  179 |   memcpy (obj, std::addressof (Null (Type)), sizeof (*obj));
      |           ^
/home/mm/map2-audio/juce-engine/build/_deps/juce-src/modules/juce_graphics/fonts/harfbuzz/hb-null.hh:186:38: note: in instantiation of function template specialization 'Crap<CFF::cff2_font_dict_values_t>' requested here
  186 |   static Type & get_crap () { return Crap<Type> (); }
      |                                      ^
/home/mm/map2-audio/juce-engine/build/_deps/juce-src/modules/juce_graphics/fonts/harfbuzz/hb-ot-cff2-table.hh:461:25: note: in instantiation of member function 'CrapHelper<CFF::cff2_font_dict_values_t>::get_crap' requested here
  461 |         if (unlikely (font == &Crap (cff2_font_dict_values_t))) goto fail;
      |                                ^
/home/mm/map2-audio/juce-engine/build/_deps/juce-src/modules/juce_graphics/fonts/harfbuzz/hb-null.hh:188:38: note: expanded from macro 'Crap'
  188 | #define Crap(Type) CrapHelper<Type>::get_crap ()
      |                                      ^
/home/mm/map2-audio/juce-engine/build/_deps/juce-src/modules/juce_graphics/fonts/harfbuzz/hb.hh:260:47: note: expanded from macro 'unlikely'
  260 | #define unlikely(expr) __builtin_expect (bool(expr), 0)
      |                                               ^
/home/mm/map2-audio/juce-engine/build/_deps/juce-src/modules/juce_graphics/fonts/harfbuzz/hb-ot-cff2-table.hh:526:39: note: in instantiation of member function 'OT::cff2::accelerator_templ_t<CFF::cff2_private_dict_opset_t, CFF::cff2_private_dict_values_base_t<CFF::dict_val_t>>::accelerator_templ_t' requested here
  526 |     accelerator_t (hb_face_t *face) : accelerator_templ_t (face) {}
      |                                       ^
/home/mm/map2-audio/juce-engine/build/_deps/juce-src/modules/juce_graphics/fonts/harfbuzz/hb-null.hh:179:11: note: explicitly cast the pointer to silence this warning
  179 |   memcpy (obj, std::addressof (Null (Type)), sizeof (*obj));
      |           ^
      |           (void*)
/home/mm/map2-audio/juce-engine/build/_deps/juce-src/modules/juce_graphics/fonts/harfbuzz/hb-null.hh:179:11: warning: first argument in call to 'memcpy' is a pointer to non-trivially copyable type 'CFF::cff2_private_dict_values_base_t<CFF::dict_val_t>' [-Wnontrivial-memcall]
  179 |   memcpy (obj, std::addressof (Null (Type)), sizeof (*obj));
      |           ^
/home/mm/map2-audio/juce-engine/build/_deps/juce-src/modules/juce_graphics/fonts/harfbuzz/hb-null.hh:186:38: note: in instantiation of function template specialization 'Crap<CFF::cff2_private_dict_values_base_t<CFF::dict_val_t>>' requested here
  186 |   static Type & get_crap () { return Crap<Type> (); }
      |                                      ^
/home/mm/map2-audio/juce-engine/build/_deps/juce-src/modules/juce_graphics/fonts/harfbuzz/hb-vector.hh:159:14: note: in instantiation of member function 'CrapHelper<CFF::cff2_private_dict_values_base_t<CFF::dict_val_t>>::get_crap' requested here
  159 |       return Crap (Type);
      |              ^
/home/mm/map2-audio/juce-engine/build/_deps/juce-src/modules/juce_graphics/fonts/harfbuzz/hb-null.hh:188:38: note: expanded from macro 'Crap'
  188 | #define Crap(Type) CrapHelper<Type>::get_crap ()
      |                                      ^
/home/mm/map2-audio/juce-engine/build/_deps/juce-src/modules/juce_graphics/fonts/harfbuzz/hb-ot-cff2-table.hh:470:2: note: in instantiation of member function 'hb_vector_t<CFF::cff2_private_dict_values_base_t<CFF::dict_val_t>>::operator[]' requested here
  470 |         privateDicts[i].init ();
      |         ^
/home/mm/map2-audio/juce-engine/build/_deps/juce-src/modules/juce_graphics/fonts/harfbuzz/hb-ot-cff2-table.hh:526:39: note: in instantiation of member function 'OT::cff2::accelerator_templ_t<CFF::cff2_private_dict_opset_t, CFF::cff2_private_dict_values_base_t<CFF::dict_val_t>>::accelerator_templ_t' requested here
  526 |     accelerator_t (hb_face_t *face) : accelerator_templ_t (face) {}
      |                                       ^
/home/mm/map2-audio/juce-engine/build/_deps/juce-src/modules/juce_graphics/fonts/harfbuzz/hb-null.hh:179:11: note: explicitly cast the pointer to silence this warning
  179 |   memcpy (obj, std::addressof (Null (Type)), sizeof (*obj));
      |           ^
      |           (void*)
/home/mm/map2-audio/juce-engine/build/_deps/juce-src/modules/juce_graphics/fonts/harfbuzz/hb-null.hh:179:11: warning: first argument in call to 'memcpy' is a pointer to non-trivially copyable type 'CFF::cff2_private_dict_values_base_t<CFF::op_str_t>' [-Wnontrivial-memcall]
  179 |   memcpy (obj, std::addressof (Null (Type)), sizeof (*obj));
      |           ^
/home/mm/map2-audio/juce-engine/build/_deps/juce-src/modules/juce_graphics/fonts/harfbuzz/hb-null.hh:186:38: note: in instantiation of function template specialization 'Crap<CFF::cff2_private_dict_values_base_t<CFF::op_str_t>>' requested here
  186 |   static Type & get_crap () { return Crap<Type> (); }
      |                                      ^
/home/mm/map2-audio/juce-engine/build/_deps/juce-src/modules/juce_graphics/fonts/harfbuzz/hb-vector.hh:159:14: note: in instantiation of member function 'CrapHelper<CFF::cff2_private_dict_values_base_t<CFF::op_str_t>>::get_crap' requested here
  159 |       return Crap (Type);
      |              ^
/home/mm/map2-audio/juce-engine/build/_deps/juce-src/modules/juce_graphics/fonts/harfbuzz/hb-null.hh:188:38: note: expanded from macro 'Crap'
  188 | #define Crap(Type) CrapHelper<Type>::get_crap ()
      |                                      ^
/home/mm/map2-audio/juce-engine/build/_deps/juce-src/modules/juce_graphics/fonts/harfbuzz/hb-ot-cff2-table.hh:470:2: note: in instantiation of member function 'hb_vector_t<CFF::cff2_private_dict_values_base_t<CFF::op_str_t>>::operator[]' requested here
  470 |         privateDicts[i].init ();
      |         ^
/home/mm/map2-audio/juce-engine/build/_deps/juce-src/modules/juce_graphics/fonts/harfbuzz/hb-ot-cff2-table.hh:537:46: note: in instantiation of member function 'OT::cff2::accelerator_templ_t<CFF::cff2_private_dict_opset_subset_t, CFF::cff2_private_dict_values_base_t<CFF::op_str_t>>::accelerator_templ_t' requested here
  537 |     accelerator_subset_t (hb_face_t *face) : SUPER (face) {}
      |                                              ^
/home/mm/map2-audio/juce-engine/build/_deps/juce-src/modules/juce_graphics/fonts/harfbuzz/hb-null.hh:179:11: note: explicitly cast the pointer to silence this warning
  179 |   memcpy (obj, std::addressof (Null (Type)), sizeof (*obj));
      |           ^
      |           (void*)
/home/mm/map2-audio/juce-engine/build/_deps/juce-src/modules/juce_graphics/fonts/harfbuzz/hb-null.hh:179:11: warning: first argument in call to 'memcpy' is a pointer to non-trivially copyable type 'OT::IndexSubtableRecord' [-Wnontrivial-memcall]
  179 |   memcpy (obj, std::addressof (Null (Type)), sizeof (*obj));
      |           ^
/home/mm/map2-audio/juce-engine/build/_deps/juce-src/modules/juce_graphics/fonts/harfbuzz/hb-null.hh:186:38: note: in instantiation of function template specialization 'Crap<OT::IndexSubtableRecord>' requested here
  186 |   static Type & get_crap () { return Crap<Type> (); }
      |                                      ^
/home/mm/map2-audio/juce-engine/build/_deps/juce-src/modules/juce_graphics/fonts/harfbuzz/hb-vector.hh:159:14: note: in instantiation of member function 'CrapHelper<OT::IndexSubtableRecord>::get_crap' requested here
  159 |       return Crap (Type);
      |              ^
/home/mm/map2-audio/juce-engine/build/_deps/juce-src/modules/juce_graphics/fonts/harfbuzz/hb-null.hh:188:38: note: expanded from macro 'Crap'
  188 | #define Crap(Type) CrapHelper<Type>::get_crap ()
      |                                      ^
/home/mm/map2-audio/juce-engine/build/_deps/juce-src/modules/juce_graphics/fonts/harfbuzz/OT/Color/CBDT/CBDT.hh:607:66: note: in instantiation of member function 'hb_vector_t<OT::IndexSubtableRecord>::operator[]' requested here
  607 |       IndexSubtableRecord* record = c->serializer->embed (records[i]);
      |                                                                  ^
/home/mm/map2-audio/juce-engine/build/_deps/juce-src/modules/juce_graphics/fonts/harfbuzz/hb-null.hh:179:11: note: explicitly cast the pointer to silence this warning
  179 |   memcpy (obj, std::addressof (Null (Type)), sizeof (*obj));
      |           ^
      |           (void*)
/home/mm/map2-audio/juce-engine/build/_deps/juce-src/modules/juce_graphics/fonts/harfbuzz/hb-null.hh:179:11: warning: first argument in call to 'memcpy' is a pointer to non-trivially copyable type 'OT::index_map_subset_plan_t' [-Wnontrivial-memcall]
  179 |   memcpy (obj, std::addressof (Null (Type)), sizeof (*obj));
      |           ^
/home/mm/map2-audio/juce-engine/build/_deps/juce-src/modules/juce_graphics/fonts/harfbuzz/hb-null.hh:186:38: note: in instantiation of function template specialization 'Crap<OT::index_map_subset_plan_t>' requested here
  186 |   static Type & get_crap () { return Crap<Type> (); }
      |                                      ^
/home/mm/map2-audio/juce-engine/build/_deps/juce-src/modules/juce_graphics/fonts/harfbuzz/hb-vector.hh:159:14: note: in instantiation of member function 'CrapHelper<OT::index_map_subset_plan_t>::get_crap' requested here
  159 |       return Crap (Type);
      |              ^
/home/mm/map2-audio/juce-engine/build/_deps/juce-src/modules/juce_graphics/fonts/harfbuzz/hb-null.hh:188:38: note: expanded from macro 'Crap'
  188 | #define Crap(Type) CrapHelper<Type>::get_crap ()
      |                                      ^
/home/mm/map2-audio/juce-engine/build/_deps/juce-src/modules/juce_graphics/fonts/harfbuzz/OT/glyf/../../hb-ot-var-hvar-table.hh:207:20: note: in instantiation of member function 'hb_vector_t<OT::index_map_subset_plan_t>::operator[]' requested here
  207 |     index_map_plans[0].init (*index_maps[0], outer_map, inner_sets, plan, false);
      |                    ^
/home/mm/map2-audio/juce-engine/build/_deps/juce-src/modules/juce_graphics/fonts/harfbuzz/hb-null.hh:179:11: note: explicitly cast the pointer to silence this warning
  179 |   memcpy (obj, std::addressof (Null (Type)), sizeof (*obj));
      |           ^
      |           (void*)
19 warnings generated.
[ 44%] Building CXX object CMakeFiles/ShoeGazePlugin.dir/home/mm/map2-audio/juce-engine/build/_deps/juce-src/modules/juce_core/juce_core_CompilationTime.cpp.o
[ 48%] Building CXX object CMakeFiles/ShoeGazePlugin.dir/home/mm/map2-audio/juce-engine/build/_deps/juce-src/modules/juce_data_structures/juce_data_structures.cpp.o
[ 51%] Building CXX object CMakeFiles/ShoeGazePlugin.dir/home/mm/map2-audio/juce-engine/build/_deps/juce-src/modules/juce_audio_basics/juce_audio_basics.cpp.o
[ 55%] Building CXX object CMakeFiles/ShoeGazePlugin.dir/home/mm/map2-audio/juce-engine/build/_deps/juce-src/modules/juce_audio_utils/juce_audio_utils.cpp.o
[ 58%] Building CXX object CMakeFiles/ShoeGazePlugin.dir/home/mm/map2-audio/juce-engine/build/_deps/juce-src/modules/juce_audio_formats/juce_audio_formats.cpp.o
[ 62%] Building CXX object CMakeFiles/ShoeGazePlugin.dir/home/mm/map2-audio/juce-engine/build/_deps/juce-src/modules/juce_audio_devices/juce_audio_devices.cpp.o
[ 65%] Building CXX object CMakeFiles/ShoeGazePlugin.dir/home/mm/map2-audio/juce-engine/build/_deps/juce-src/modules/juce_dsp/juce_dsp.cpp.o
In file included from /home/mm/map2-audio/juce-engine/Source/ShoeGazeProcessor.cpp:13:
In file included from /home/mm/map2-audio/juce-engine/Source/ShoeGazeProcessor.h:14:
/home/mm/map2-audio/juce-engine/Source/Common.h:218:18: warning: non-static data member 'format' of 'PluginInfoExtended' shadows member inherited from type 'PluginInfo' [-Wshadow-field]
  218 |     PluginFormat format = PluginFormat::Unknown;
      |                  ^
/home/mm/map2-audio/juce-engine/Source/Common.h:129:18: note: declared here
  129 |     PluginFormat format = PluginFormat::Unknown;  // NEW: Plugin format
      |                  ^
/home/mm/map2-audio/juce-engine/Source/Common.h:219:17: warning: non-static data member 'formatName' of 'PluginInfoExtended' shadows member inherited from type 'PluginInfo' [-Wshadow-field]
  219 |     std::string formatName;
      |                 ^
/home/mm/map2-audio/juce-engine/Source/Common.h:130:17: note: declared here
  130 |     std::string formatName;                        // NEW: Human-readable format
      |                 ^
/home/mm/map2-audio/juce-engine/Source/Common.h:220:17: warning: non-static data member 'filePath' of 'PluginInfoExtended' shadows member inherited from type 'PluginInfo' [-Wshadow-field]
  220 |     std::string filePath;
      |                 ^
/home/mm/map2-audio/juce-engine/Source/Common.h:131:17: note: declared here
  131 |     std::string filePath;                          // NEW: Path to plugin file
      |                 ^
/home/mm/map2-audio/juce-engine/Source/Common.h:221:9: warning: non-static data member 'latencySamples' of 'PluginInfoExtended' shadows member inherited from type 'PluginInfo' [-Wshadow-field]
  221 |     int latencySamples = 0;
      |         ^
/home/mm/map2-audio/juce-engine/Source/Common.h:132:9: note: declared here
  132 |     int latencySamples = 0;                        // NEW: Reported latency
      |         ^
/home/mm/map2-audio/juce-engine/Source/Common.h:256:13: warning: enumeration value 'Unknown' not explicitly handled in switch [-Wswitch-enum]
  256 |     switch (format) {
      |             ^~~~~~
/home/mm/map2-audio/juce-engine/Source/Common.h:294:42: warning: implicit conversion from 'int' to 'float' may lose precision [-Wimplicit-int-float-conversion]
  294 |     return static_cast<int>((frequency * fftSize) / sampleRate);
      |                                        ~ ^~~~~~~
/home/mm/map2-audio/juce-engine/Source/ShoeGazeProcessor.cpp:24:19: warning: implicit conversion changes signedness: 'int' to 'size_type' (aka 'unsigned long') [-Wsign-conversion]
   24 |     buffer.resize(maxSamples, 0.0f);
      |            ~~~~~~ ^~~~~~~~~~
/home/mm/map2-audio/juce-engine/Source/ShoeGazeProcessor.cpp:34:28: warning: implicit conversion changes signedness: 'int' to 'size_type' (aka 'unsigned long') [-Wsign-conversion]
   34 |     float delayed = buffer[readPos];
      |                     ~~~~~~ ^~~~~~~
/home/mm/map2-audio/juce-engine/Source/ShoeGazeProcessor.cpp:36:12: warning: implicit conversion changes signedness: 'int' to 'size_type' (aka 'unsigned long') [-Wsign-conversion]
   36 |     buffer[writePos] = input + delayed * feedback;
      |     ~~~~~~ ^~~~~~~~
/home/mm/map2-audio/juce-engine/Source/ShoeGazeProcessor.cpp:70:26: warning: implicit conversion changes signedness: 'int' to 'size_type' (aka 'unsigned long') [-Wsign-conversion]
   70 |     delayBufferL_.resize(maxDelaySamples, 0.0f);
      |                   ~~~~~~ ^~~~~~~~~~~~~~~
/home/mm/map2-audio/juce-engine/Source/ShoeGazeProcessor.cpp:71:26: warning: implicit conversion changes signedness: 'int' to 'size_type' (aka 'unsigned long') [-Wsign-conversion]
   71 |     delayBufferR_.resize(maxDelaySamples, 0.0f);
      |                   ~~~~~~ ^~~~~~~~~~~~~~~
/home/mm/map2-audio/juce-engine/Source/ShoeGazeProcessor.cpp:74:28: warning: implicit conversion changes signedness: 'int' to 'size_type' (aka 'unsigned long') [-Wsign-conversion]
   74 |     shimmerBufferL_.resize(shimmerBufferSize, 0.0f);
      |                     ~~~~~~ ^~~~~~~~~~~~~~~~~
/home/mm/map2-audio/juce-engine/Source/ShoeGazeProcessor.cpp:75:28: warning: implicit conversion changes signedness: 'int' to 'size_type' (aka 'unsigned long') [-Wsign-conversion]
   75 |     shimmerBufferR_.resize(shimmerBufferSize, 0.0f);
      |                     ~~~~~~ ^~~~~~~~~~~~~~~~~
/home/mm/map2-audio/juce-engine/Source/ShoeGazeProcessor.cpp:81:25: warning: implicit conversion changes signedness: 'int' to 'size_type' (aka 'unsigned long') [-Wsign-conversion]
   81 |         shimmerGrainsL_[i].readPos = phase * shimmerGrainSize_;
      |         ~~~~~~~~~~~~~~~ ^
/home/mm/map2-audio/juce-engine/Source/ShoeGazeProcessor.cpp:81:46: warning: implicit conversion from 'int' to 'float' may lose precision [-Wimplicit-int-float-conversion]
   81 |         shimmerGrainsL_[i].readPos = phase * shimmerGrainSize_;
      |                                            ~ ^~~~~~~~~~~~~~~~~
/home/mm/map2-audio/juce-engine/Source/ShoeGazeProcessor.cpp:82:25: warning: implicit conversion changes signedness: 'int' to 'size_type' (aka 'unsigned long') [-Wsign-conversion]
   82 |         shimmerGrainsL_[i].sampleCount = static_cast<int>(phase * shimmerGrainSize_);
      |         ~~~~~~~~~~~~~~~ ^
/home/mm/map2-audio/juce-engine/Source/ShoeGazeProcessor.cpp:82:67: warning: implicit conversion from 'int' to 'float' may lose precision [-Wimplicit-int-float-conversion]
   82 |         shimmerGrainsL_[i].sampleCount = static_cast<int>(phase * shimmerGrainSize_);
      |                                                                 ~ ^~~~~~~~~~~~~~~~~
/home/mm/map2-audio/juce-engine/Source/ShoeGazeProcessor.cpp:83:25: warning: implicit conversion changes signedness: 'int' to 'size_type' (aka 'unsigned long') [-Wsign-conversion]
   83 |         shimmerGrainsL_[i].active = true;
      |         ~~~~~~~~~~~~~~~ ^
/home/mm/map2-audio/juce-engine/Source/ShoeGazeProcessor.cpp:85:25: warning: implicit conversion changes signedness: 'int' to 'size_type' (aka 'unsigned long') [-Wsign-conversion]
   85 |         shimmerGrainsR_[i].readPos = phase * shimmerGrainSize_;
      |         ~~~~~~~~~~~~~~~ ^
/home/mm/map2-audio/juce-engine/Source/ShoeGazeProcessor.cpp:85:46: warning: implicit conversion from 'int' to 'float' may lose precision [-Wimplicit-int-float-conversion]
   85 |         shimmerGrainsR_[i].readPos = phase * shimmerGrainSize_;
      |                                            ~ ^~~~~~~~~~~~~~~~~
/home/mm/map2-audio/juce-engine/Source/ShoeGazeProcessor.cpp:86:25: warning: implicit conversion changes signedness: 'int' to 'size_type' (aka 'unsigned long') [-Wsign-conversion]
   86 |         shimmerGrainsR_[i].sampleCount = static_cast<int>(phase * shimmerGrainSize_);
      |         ~~~~~~~~~~~~~~~ ^
/home/mm/map2-audio/juce-engine/Source/ShoeGazeProcessor.cpp:86:67: warning: implicit conversion from 'int' to 'float' may lose precision [-Wimplicit-int-float-conversion]
   86 |         shimmerGrainsR_[i].sampleCount = static_cast<int>(phase * shimmerGrainSize_);
      |                                                                 ~ ^~~~~~~~~~~~~~~~~
/home/mm/map2-audio/juce-engine/Source/ShoeGazeProcessor.cpp:87:25: warning: implicit conversion changes signedness: 'int' to 'size_type' (aka 'unsigned long') [-Wsign-conversion]
   87 |         shimmerGrainsR_[i].active = true;
      |         ~~~~~~~~~~~~~~~ ^
/home/mm/map2-audio/juce-engine/Source/ShoeGazeProcessor.cpp:94:26: warning: implicit conversion changes signedness: 'int' to 'size_type' (aka 'unsigned long') [-Wsign-conversion]
   94 |         delayDiffusersL_[i].prepare(scaledDelay * 2);
      |         ~~~~~~~~~~~~~~~~ ^
/home/mm/map2-audio/juce-engine/Source/ShoeGazeProcessor.cpp:95:26: warning: implicit conversion changes signedness: 'int' to 'size_type' (aka 'unsigned long') [-Wsign-conversion]
   95 |         delayDiffusersL_[i].delaySamples = scaledDelay;
      |         ~~~~~~~~~~~~~~~~ ^
/home/mm/map2-audio/juce-engine/Source/ShoeGazeProcessor.cpp:96:26: warning: implicit conversion changes signedness: 'int' to 'size_type' (aka 'unsigned long') [-Wsign-conversion]
   96 |         delayDiffusersL_[i].feedback = 0.5f;
      |         ~~~~~~~~~~~~~~~~ ^
/home/mm/map2-audio/juce-engine/Source/ShoeGazeProcessor.cpp:98:26: warning: implicit conversion changes signedness: 'int' to 'size_type' (aka 'unsigned long') [-Wsign-conversion]
   98 |         delayDiffusersR_[i].prepare(scaledDelay * 2);
      |         ~~~~~~~~~~~~~~~~ ^
/home/mm/map2-audio/juce-engine/Source/ShoeGazeProcessor.cpp:99:26: warning: implicit conversion changes signedness: 'int' to 'size_type' (aka 'unsigned long') [-Wsign-conversion]
   99 |         delayDiffusersR_[i].delaySamples = scaledDelay;
      |         ~~~~~~~~~~~~~~~~ ^
/home/mm/map2-audio/juce-engine/Source/ShoeGazeProcessor.cpp:100:26: warning: implicit conversion changes signedness: 'int' to 'size_type' (aka 'unsigned long') [-Wsign-conversion]
  100 |         delayDiffusersR_[i].feedback = 0.5f;
      |         ~~~~~~~~~~~~~~~~ ^
/home/mm/map2-audio/juce-engine/Source/ShoeGazeProcessor.cpp:105:58: warning: implicit conversion changes signedness: 'int' to 'size_type' (aka 'unsigned long') [-Wsign-conversion]
  105 |         int scaledDelay = static_cast<int>(REVERB_DELAYS[i] * sampleRate / 48000.0);
      |                                            ~~~~~~~~~~~~~ ^
/home/mm/map2-audio/juce-engine/Source/ShoeGazeProcessor.cpp:106:39: warning: implicit conversion changes signedness: 'int' to 'size_type' (aka 'unsigned long') [-Wsign-conversion]
  106 |         reverbTapsL_[i].buffer.resize(reverbBufferSize, 0.0f);
      |                                ~~~~~~ ^~~~~~~~~~~~~~~~
/home/mm/map2-audio/juce-engine/Source/ShoeGazeProcessor.cpp:106:22: warning: implicit conversion changes signedness: 'int' to 'size_type' (aka 'unsigned long') [-Wsign-conversion]
  106 |         reverbTapsL_[i].buffer.resize(reverbBufferSize, 0.0f);
      |         ~~~~~~~~~~~~ ^
/home/mm/map2-audio/juce-engine/Source/ShoeGazeProcessor.cpp:107:22: warning: implicit conversion changes signedness: 'int' to 'size_type' (aka 'unsigned long') [-Wsign-conversion]
  107 |         reverbTapsL_[i].delaySamples = scaledDelay;
      |         ~~~~~~~~~~~~ ^
/home/mm/map2-audio/juce-engine/Source/ShoeGazeProcessor.cpp:108:22: warning: implicit conversion changes signedness: 'int' to 'size_type' (aka 'unsigned long') [-Wsign-conversion]
  108 |         reverbTapsL_[i].modPhase = static_cast<double>(i) / NUM_REVERB_TAPS;
      |         ~~~~~~~~~~~~ ^
/home/mm/map2-audio/juce-engine/Source/ShoeGazeProcessor.cpp:110:39: warning: implicit conversion changes signedness: 'int' to 'size_type' (aka 'unsigned long') [-Wsign-conversion]
  110 |         reverbTapsR_[i].buffer.resize(reverbBufferSize, 0.0f);
      |                                ~~~~~~ ^~~~~~~~~~~~~~~~
/home/mm/map2-audio/juce-engine/Source/ShoeGazeProcessor.cpp:110:22: warning: implicit conversion changes signedness: 'int' to 'size_type' (aka 'unsigned long') [-Wsign-conversion]
  110 |         reverbTapsR_[i].buffer.resize(reverbBufferSize, 0.0f);
      |         ~~~~~~~~~~~~ ^
/home/mm/map2-audio/juce-engine/Source/ShoeGazeProcessor.cpp:111:22: warning: implicit conversion changes signedness: 'int' to 'size_type' (aka 'unsigned long') [-Wsign-conversion]
  111 |         reverbTapsR_[i].delaySamples = scaledDelay;
      |         ~~~~~~~~~~~~ ^
/home/mm/map2-audio/juce-engine/Source/ShoeGazeProcessor.cpp:112:22: warning: implicit conversion changes signedness: 'int' to 'size_type' (aka 'unsigned long') [-Wsign-conversion]
  112 |         reverbTapsR_[i].modPhase = static_cast<double>(i) / NUM_REVERB_TAPS + 0.5;
      |         ~~~~~~~~~~~~ ^
/home/mm/map2-audio/juce-engine/Source/ShoeGazeProcessor.cpp:119:27: warning: implicit conversion changes signedness: 'int' to 'size_type' (aka 'unsigned long') [-Wsign-conversion]
  119 |         reverbDiffusersL_[i].prepare(scaledDelay * 2);
      |         ~~~~~~~~~~~~~~~~~ ^
/home/mm/map2-audio/juce-engine/Source/ShoeGazeProcessor.cpp:120:27: warning: implicit conversion changes signedness: 'int' to 'size_type' (aka 'unsigned long') [-Wsign-conversion]
  120 |         reverbDiffusersL_[i].delaySamples = scaledDelay;
      |         ~~~~~~~~~~~~~~~~~ ^
/home/mm/map2-audio/juce-engine/Source/ShoeGazeProcessor.cpp:121:27: warning: implicit conversion changes signedness: 'int' to 'size_type' (aka 'unsigned long') [-Wsign-conversion]
  121 |         reverbDiffusersL_[i].feedback = 0.6f;
      |         ~~~~~~~~~~~~~~~~~ ^
/home/mm/map2-audio/juce-engine/Source/ShoeGazeProcessor.cpp:123:27: warning: implicit conversion changes signedness: 'int' to 'size_type' (aka 'unsigned long') [-Wsign-conversion]
  123 |         reverbDiffusersR_[i].prepare(scaledDelay * 2);
      |         ~~~~~~~~~~~~~~~~~ ^
/home/mm/map2-audio/juce-engine/Source/ShoeGazeProcessor.cpp:124:27: warning: implicit conversion changes signedness: 'int' to 'size_type' (aka 'unsigned long') [-Wsign-conversion]
  124 |         reverbDiffusersR_[i].delaySamples = scaledDelay;
      |         ~~~~~~~~~~~~~~~~~ ^
/home/mm/map2-audio/juce-engine/Source/ShoeGazeProcessor.cpp:125:27: warning: implicit conversion changes signedness: 'int' to 'size_type' (aka 'unsigned long') [-Wsign-conversion]
  125 |         reverbDiffusersR_[i].feedback = 0.6f;
      |         ~~~~~~~~~~~~~~~~~ ^
/home/mm/map2-audio/juce-engine/Source/ShoeGazeProcessor.cpp:130:41: warning: implicit conversion changes signedness: 'int' to 'size_type' (aka 'unsigned long') [-Wsign-conversion]
  130 |         chorusVoicesL_[i].buffer.resize(chorusBufferSize, 0.0f);
      |                                  ~~~~~~ ^~~~~~~~~~~~~~~~
/home/mm/map2-audio/juce-engine/Source/ShoeGazeProcessor.cpp:130:24: warning: implicit conversion changes signedness: 'int' to 'size_type' (aka 'unsigned long') [-Wsign-conversion]
  130 |         chorusVoicesL_[i].buffer.resize(chorusBufferSize, 0.0f);
      |         ~~~~~~~~~~~~~~ ^
/home/mm/map2-audio/juce-engine/Source/ShoeGazeProcessor.cpp:131:24: warning: implicit conversion changes signedness: 'int' to 'size_type' (aka 'unsigned long') [-Wsign-conversion]
  131 |         chorusVoicesL_[i].lfoPhase = static_cast<double>(i) / MAX_CHORUS_VOICES;
      |         ~~~~~~~~~~~~~~ ^
/home/mm/map2-audio/juce-engine/Source/ShoeGazeProcessor.cpp:132:24: warning: implicit conversion changes signedness: 'int' to 'size_type' (aka 'unsigned long') [-Wsign-conversion]
  132 |         chorusVoicesL_[i].pan = -1.0f + 2.0f * static_cast<float>(i) / (MAX_CHORUS_VOICES - 1);
      |         ~~~~~~~~~~~~~~ ^
/home/mm/map2-audio/juce-engine/Source/ShoeGazeProcessor.cpp:134:41: warning: implicit conversion changes signedness: 'int' to 'size_type' (aka 'unsigned long') [-Wsign-conversion]
  134 |         chorusVoicesR_[i].buffer.resize(chorusBufferSize, 0.0f);
      |                                  ~~~~~~ ^~~~~~~~~~~~~~~~
/home/mm/map2-audio/juce-engine/Source/ShoeGazeProcessor.cpp:134:24: warning: implicit conversion changes signedness: 'int' to 'size_type' (aka 'unsigned long') [-Wsign-conversion]
  134 |         chorusVoicesR_[i].buffer.resize(chorusBufferSize, 0.0f);
      |         ~~~~~~~~~~~~~~ ^
/home/mm/map2-audio/juce-engine/Source/ShoeGazeProcessor.cpp:135:24: warning: implicit conversion changes signedness: 'int' to 'size_type' (aka 'unsigned long') [-Wsign-conversion]
  135 |         chorusVoicesR_[i].lfoPhase = static_cast<double>(i) / MAX_CHORUS_VOICES + 0.5;
      |         ~~~~~~~~~~~~~~ ^
/home/mm/map2-audio/juce-engine/Source/ShoeGazeProcessor.cpp:136:24: warning: implicit conversion changes signedness: 'int' to 'size_type' (aka 'unsigned long') [-Wsign-conversion]
  136 |         chorusVoicesR_[i].pan = -1.0f + 2.0f * static_cast<float>(i) / (MAX_CHORUS_VOICES - 1);
      |         ~~~~~~~~~~~~~~ ^
/home/mm/map2-audio/juce-engine/Source/ShoeGazeProcessor.cpp:321:23: warning: implicit conversion changes signedness: 'int' to 'size_type' (aka 'unsigned long') [-Wsign-conversion]
  321 |         delayBufferL_[delayWritePos_] = satL;
      |         ~~~~~~~~~~~~~ ^~~~~~~~~~~~~~
/home/mm/map2-audio/juce-engine/Source/ShoeGazeProcessor.cpp:322:23: warning: implicit conversion changes signedness: 'int' to 'size_type' (aka 'unsigned long') [-Wsign-conversion]
  322 |         delayBufferR_[delayWritePos_] = satR;
      |         ~~~~~~~~~~~~~ ^~~~~~~~~~~~~~
/home/mm/map2-audio/juce-engine/Source/ShoeGazeProcessor.cpp:325:33: warning: implicit conversion loses floating-point precision: 'double' to 'float' [-Wimplicit-float-conversion]
  325 |         float delayModulation = std::sin(delayModLfoPhase_ * 2.0 * juce::MathConstants<double>::pi);
      |               ~~~~~~~~~~~~~~~   ^~~~~~~~~~~~~~~~~~~~~~~~~~~~~~~~~~~~~~~~~~~~~~~~~~~~~~~~~~~~~~~~~~~
/home/mm/map2-audio/juce-engine/Source/ShoeGazeProcessor.cpp:347:23: warning: implicit conversion changes signedness: 'int' to 'size_type' (aka 'unsigned long') [-Wsign-conversion]
  347 |         delayBufferL_[delayWritePos_] += diffusedL * delayFb;
      |         ~~~~~~~~~~~~~ ^~~~~~~~~~~~~~
/home/mm/map2-audio/juce-engine/Source/ShoeGazeProcessor.cpp:348:23: warning: implicit conversion changes signedness: 'int' to 'size_type' (aka 'unsigned long') [-Wsign-conversion]
  348 |         delayBufferR_[delayWritePos_] += diffusedR * delayFb;
      |         ~~~~~~~~~~~~~ ^~~~~~~~~~~~~~
/home/mm/map2-audio/juce-engine/Source/ShoeGazeProcessor.cpp:367:29: warning: implicit conversion changes signedness: 'int' to 'size_type' (aka 'unsigned long') [-Wsign-conversion]
  367 |             shimmerBufferL_[shimmerWritePos_] = shimmerInL;
      |             ~~~~~~~~~~~~~~~ ^~~~~~~~~~~~~~~~
/home/mm/map2-audio/juce-engine/Source/ShoeGazeProcessor.cpp:368:29: warning: implicit conversion changes signedness: 'int' to 'size_type' (aka 'unsigned long') [-Wsign-conversion]
  368 |             shimmerBufferR_[shimmerWritePos_] = shimmerInR;
      |             ~~~~~~~~~~~~~~~ ^~~~~~~~~~~~~~~~
/home/mm/map2-audio/juce-engine/Source/ShoeGazeProcessor.cpp:378:21: warning: implicit conversion from 'int' to 'float' may lose precision [-Wimplicit-int-float-conversion]
  378 |                     shimmerBufferSize - grain.readPos);
      |                     ^~~~~~~~~~~~~~~~~ ~
/home/mm/map2-audio/juce-engine/Source/ShoeGazeProcessor.cpp:382:41: warning: implicit conversion from 'int' to 'float' may lose precision [-Wimplicit-int-float-conversion]
  382 |                 while (grain.readPos >= shimmerBufferSize) grain.readPos -= shimmerBufferSize;
      |                                      ~~ ^~~~~~~~~~~~~~~~~
/home/mm/map2-audio/juce-engine/Source/ShoeGazeProcessor.cpp:382:77: warning: implicit conversion from 'int' to 'float' may lose precision [-Wimplicit-int-float-conversion]
  382 |                 while (grain.readPos >= shimmerBufferSize) grain.readPos -= shimmerBufferSize;
      |                                                                          ~~ ^~~~~~~~~~~~~~~~~
/home/mm/map2-audio/juce-engine/Source/ShoeGazeProcessor.cpp:383:60: warning: implicit conversion from 'int' to 'float' may lose precision [-Wimplicit-int-float-conversion]
  383 |                 while (grain.readPos < 0) grain.readPos += shimmerBufferSize;
      |                                                         ~~ ^~~~~~~~~~~~~~~~~
/home/mm/map2-audio/juce-engine/Source/ShoeGazeProcessor.cpp:399:21: warning: implicit conversion from 'int' to 'float' may lose precision [-Wimplicit-int-float-conversion]
  399 |                     shimmerBufferSize - grain.readPos);
      |                     ^~~~~~~~~~~~~~~~~ ~
/home/mm/map2-audio/juce-engine/Source/ShoeGazeProcessor.cpp:403:41: warning: implicit conversion from 'int' to 'float' may lose precision [-Wimplicit-int-float-conversion]
  403 |                 while (grain.readPos >= shimmerBufferSize) grain.readPos -= shimmerBufferSize;
      |                                      ~~ ^~~~~~~~~~~~~~~~~
/home/mm/map2-audio/juce-engine/Source/ShoeGazeProcessor.cpp:403:77: warning: implicit conversion from 'int' to 'float' may lose precision [-Wimplicit-int-float-conversion]
  403 |                 while (grain.readPos >= shimmerBufferSize) grain.readPos -= shimmerBufferSize;
      |                                                                          ~~ ^~~~~~~~~~~~~~~~~
/home/mm/map2-audio/juce-engine/Source/ShoeGazeProcessor.cpp:404:60: warning: implicit conversion from 'int' to 'float' may lose precision [-Wimplicit-int-float-conversion]
  404 |                 while (grain.readPos < 0) grain.readPos += shimmerBufferSize;
      |                                                         ~~ ^~~~~~~~~~~~~~~~~
/home/mm/map2-audio/juce-engine/Source/ShoeGazeProcessor.cpp:442:39: warning: implicit conversion changes signedness: 'int' to 'size_type' (aka 'unsigned long') [-Wsign-conversion]
  442 |             auto& tapL = reverbTapsL_[t];
      |                          ~~~~~~~~~~~~ ^
/home/mm/map2-audio/juce-engine/Source/ShoeGazeProcessor.cpp:443:39: warning: implicit conversion changes signedness: 'int' to 'size_type' (aka 'unsigned long') [-Wsign-conversion]
  443 |             auto& tapR = reverbTapsR_[t];
      |                          ~~~~~~~~~~~~ ^
/home/mm/map2-audio/juce-engine/Source/ShoeGazeProcessor.cpp:460:41: warning: implicit conversion changes signedness: 'int' to 'size_type' (aka 'unsigned long') [-Wsign-conversion]
  460 |             float tapOutL = tapL.buffer[readPosL];
      |                             ~~~~        ^~~~~~~~
/home/mm/map2-audio/juce-engine/Source/ShoeGazeProcessor.cpp:461:41: warning: implicit conversion changes signedness: 'int' to 'size_type' (aka 'unsigned long') [-Wsign-conversion]
  461 |             float tapOutR = tapR.buffer[readPosR];
      |                             ~~~~        ^~~~~~~~
/home/mm/map2-audio/juce-engine/Source/ShoeGazeProcessor.cpp:475:30: warning: implicit conversion changes signedness: 'int' to 'size_type' (aka 'unsigned long') [-Wsign-conversion]
  475 |             tapL.buffer[tapL.writePos] = reverbInL + dampedR * reverbFeedback;
      |             ~~~~        ~~~~~^~~~~~~~
/home/mm/map2-audio/juce-engine/Source/ShoeGazeProcessor.cpp:476:30: warning: implicit conversion changes signedness: 'int' to 'size_type' (aka 'unsigned long') [-Wsign-conversion]
  476 |             tapR.buffer[tapR.writePos] = reverbInR + dampedL * reverbFeedback;
      |             ~~~~        ~~~~~^~~~~~~~
/home/mm/map2-audio/juce-engine/Source/ShoeGazeProcessor.cpp:506:47: warning: implicit conversion changes signedness: 'int' to 'size_type' (aka 'unsigned long') [-Wsign-conversion]
  506 |                 auto& voiceL = chorusVoicesL_[v];
      |                                ~~~~~~~~~~~~~~ ^
/home/mm/map2-audio/juce-engine/Source/ShoeGazeProcessor.cpp:507:47: warning: implicit conversion changes signedness: 'int' to 'size_type' (aka 'unsigned long') [-Wsign-conversion]
  507 |                 auto& voiceR = chorusVoicesR_[v];
      |                                ~~~~~~~~~~~~~~ ^
/home/mm/map2-audio/juce-engine/Source/ShoeGazeProcessor.cpp:510:38: warning: implicit conversion changes signedness: 'int' to 'size_type' (aka 'unsigned long') [-Wsign-conversion]
  510 |                 voiceL.buffer[voiceL.writePos] = reverbAccumL;
      |                 ~~~~~~        ~~~~~~~^~~~~~~~
/home/mm/map2-audio/juce-engine/Source/ShoeGazeProcessor.cpp:511:38: warning: implicit conversion changes signedness: 'int' to 'size_type' (aka 'unsigned long') [-Wsign-conversion]
  511 |                 voiceR.buffer[voiceR.writePos] = reverbAccumR;
      |                 ~~~~~~        ~~~~~~~^~~~~~~~
/home/mm/map2-audio/juce-engine/Source/ShoeGazeProcessor.cpp:600:82: warning: unused parameter 'toneAmount' [-Wunused-parameter]
  600 | float ShoeGazeProcessor::processSaturation(float input, float driveAmount, float toneAmount) {
      |                                                                                  ^
/home/mm/map2-audio/juce-engine/Source/ShoeGazeProcessor.cpp:669:50: warning: implicit conversion changes signedness: 'int' to 'size_type' (aka 'unsigned long') [-Wsign-conversion]
  669 |     return buffer[idx0] * (1.0f - frac) + buffer[idx1] * frac;
      |                                           ~~~~~~ ^~~~
/home/mm/map2-audio/juce-engine/Source/ShoeGazeProcessor.cpp:669:19: warning: implicit conversion changes signedness: 'int' to 'size_type' (aka 'unsigned long') [-Wsign-conversion]
  669 |     return buffer[idx0] * (1.0f - frac) + buffer[idx1] * frac;
      |            ~~~~~~ ^~~~
/home/mm/map2-audio/juce-engine/Source/ShoeGazeProcessor.cpp:703:13: warning: enumeration value 'NumPresets' not explicitly handled in switch [-Wswitch-enum]
  703 |     switch (preset) {
      |             ^~~~~~
/home/mm/map2-audio/juce-engine/Source/ShoeGazeProcessor.cpp:827:13: warning: enumeration value 'NumPresets' not explicitly handled in switch [-Wswitch-enum]
  827 |     switch (preset) {
      |             ^~~~~~
82 warnings generated.
In file included from /home/mm/map2-audio/juce-engine/ShoeGazePlugin/Source/PluginProcessor.cpp:1:
In file included from /home/mm/map2-audio/juce-engine/ShoeGazePlugin/Source/PluginProcessor.h:5:
In file included from /home/mm/map2-audio/juce-engine/ShoeGazePlugin/../Source/ShoeGazeProcessor.h:14:
/home/mm/map2-audio/juce-engine/ShoeGazePlugin/../Source/Common.h:218:18: warning: non-static data member 'format' of 'PluginInfoExtended' shadows member inherited from type 'PluginInfo' [-Wshadow-field]
  218 |     PluginFormat format = PluginFormat::Unknown;
      |                  ^
/home/mm/map2-audio/juce-engine/ShoeGazePlugin/../Source/Common.h:129:18: note: declared here
  129 |     PluginFormat format = PluginFormat::Unknown;  // NEW: Plugin format
      |                  ^
/home/mm/map2-audio/juce-engine/ShoeGazePlugin/../Source/Common.h:219:17: warning: non-static data member 'formatName' of 'PluginInfoExtended' shadows member inherited from type 'PluginInfo' [-Wshadow-field]
  219 |     std::string formatName;
      |                 ^
/home/mm/map2-audio/juce-engine/ShoeGazePlugin/../Source/Common.h:130:17: note: declared here
  130 |     std::string formatName;                        // NEW: Human-readable format
      |                 ^
/home/mm/map2-audio/juce-engine/ShoeGazePlugin/../Source/Common.h:220:17: warning: non-static data member 'filePath' of 'PluginInfoExtended' shadows member inherited from type 'PluginInfo' [-Wshadow-field]
  220 |     std::string filePath;
      |                 ^
/home/mm/map2-audio/juce-engine/ShoeGazePlugin/../Source/Common.h:131:17: note: declared here
  131 |     std::string filePath;                          // NEW: Path to plugin file
      |                 ^
/home/mm/map2-audio/juce-engine/ShoeGazePlugin/../Source/Common.h:221:9: warning: non-static data member 'latencySamples' of 'PluginInfoExtended' shadows member inherited from type 'PluginInfo' [-Wshadow-field]
  221 |     int latencySamples = 0;
      |         ^
/home/mm/map2-audio/juce-engine/ShoeGazePlugin/../Source/Common.h:132:9: note: declared here
  132 |     int latencySamples = 0;                        // NEW: Reported latency
      |         ^
/home/mm/map2-audio/juce-engine/ShoeGazePlugin/../Source/Common.h:256:13: warning: enumeration value 'Unknown' not explicitly handled in switch [-Wswitch-enum]
  256 |     switch (format) {
      |             ^~~~~~
/home/mm/map2-audio/juce-engine/ShoeGazePlugin/../Source/Common.h:294:42: warning: implicit conversion from 'int' to 'float' may lose precision [-Wimplicit-int-float-conversion]
  294 |     return static_cast<int>((frequency * fftSize) / sampleRate);
      |                                        ~ ^~~~~~~
6 warnings generated.
In file included from /home/mm/map2-audio/juce-engine/ShoeGazePlugin/Source/PluginEditor.cpp:1:
In file included from /home/mm/map2-audio/juce-engine/ShoeGazePlugin/Source/PluginEditor.h:5:
In file included from /home/mm/map2-audio/juce-engine/ShoeGazePlugin/Source/PluginProcessor.h:5:
In file included from /home/mm/map2-audio/juce-engine/ShoeGazePlugin/../Source/ShoeGazeProcessor.h:14:
/home/mm/map2-audio/juce-engine/ShoeGazePlugin/../Source/Common.h:218:18: warning: non-static data member 'format' of 'PluginInfoExtended' shadows member inherited from type 'PluginInfo' [-Wshadow-field]
  218 |     PluginFormat format = PluginFormat::Unknown;
      |                  ^
/home/mm/map2-audio/juce-engine/ShoeGazePlugin/../Source/Common.h:129:18: note: declared here
  129 |     PluginFormat format = PluginFormat::Unknown;  // NEW: Plugin format
      |                  ^
/home/mm/map2-audio/juce-engine/ShoeGazePlugin/../Source/Common.h:219:17: warning: non-static data member 'formatName' of 'PluginInfoExtended' shadows member inherited from type 'PluginInfo' [-Wshadow-field]
  219 |     std::string formatName;
      |                 ^
/home/mm/map2-audio/juce-engine/ShoeGazePlugin/../Source/Common.h:130:17: note: declared here
  130 |     std::string formatName;                        // NEW: Human-readable format
      |                 ^
/home/mm/map2-audio/juce-engine/ShoeGazePlugin/../Source/Common.h:220:17: warning: non-static data member 'filePath' of 'PluginInfoExtended' shadows member inherited from type 'PluginInfo' [-Wshadow-field]
  220 |     std::string filePath;
      |                 ^
/home/mm/map2-audio/juce-engine/ShoeGazePlugin/../Source/Common.h:131:17: note: declared here
  131 |     std::string filePath;                          // NEW: Path to plugin file
      |                 ^
/home/mm/map2-audio/juce-engine/ShoeGazePlugin/../Source/Common.h:221:9: warning: non-static data member 'latencySamples' of 'PluginInfoExtended' shadows member inherited from type 'PluginInfo' [-Wshadow-field]
  221 |     int latencySamples = 0;
      |         ^
/home/mm/map2-audio/juce-engine/ShoeGazePlugin/../Source/Common.h:132:9: note: declared here
  132 |     int latencySamples = 0;                        // NEW: Reported latency
      |         ^
/home/mm/map2-audio/juce-engine/ShoeGazePlugin/../Source/Common.h:256:13: warning: enumeration value 'Unknown' not explicitly handled in switch [-Wswitch-enum]
  256 |     switch (format) {
      |             ^~~~~~
/home/mm/map2-audio/juce-engine/ShoeGazePlugin/../Source/Common.h:294:42: warning: implicit conversion from 'int' to 'float' may lose precision [-Wimplicit-int-float-conversion]
  294 |     return static_cast<int>((frequency * fftSize) / sampleRate);
      |                                        ~ ^~~~~~~
6 warnings generated.
[ 68%] Linking CXX static library "ShoeGazePlugin_artefacts/Release/libMAP2 Shoe Gaze_SharedCode.a"
[ 68%] Built target ShoeGazePlugin
[ 72%] Building CXX object CMakeFiles/ShoeGazePlugin_VST3.dir/home/mm/map2-audio/juce-engine/build/_deps/juce-src/modules/juce_audio_plugin_client/juce_audio_plugin_client_AAX_utils.cpp.o
[ 79%] Building CXX object CMakeFiles/ShoeGazePlugin_VST3.dir/home/mm/map2-audio/juce-engine/build/_deps/juce-src/modules/juce_audio_plugin_client/juce_audio_plugin_client_Standalone.cpp.o
[ 82%] Building CXX object CMakeFiles/ShoeGazePlugin_VST3.dir/home/mm/map2-audio/juce-engine/build/_deps/juce-src/modules/juce_audio_plugin_client/juce_audio_plugin_client_LV2.cpp.o
[ 82%] Building CXX object CMakeFiles/ShoeGazePlugin_VST3.dir/home/mm/map2-audio/juce-engine/build/_deps/juce-src/modules/juce_audio_plugin_client/juce_audio_plugin_client_Unity.cpp.o
[ 86%] Building CXX object CMakeFiles/ShoeGazePlugin_VST3.dir/home/mm/map2-audio/juce-engine/build/_deps/juce-src/modules/juce_audio_plugin_client/juce_audio_plugin_client_AAX.cpp.o
[ 89%] Building CXX object CMakeFiles/ShoeGazePlugin_VST3.dir/home/mm/map2-audio/juce-engine/build/_deps/juce-src/modules/juce_audio_plugin_client/juce_audio_plugin_client_ARA.cpp.o
[ 96%] Building CXX object CMakeFiles/ShoeGazePlugin_VST3.dir/home/mm/map2-audio/juce-engine/build/_deps/juce-src/modules/juce_audio_plugin_client/juce_audio_plugin_client_VST3.cpp.o
[ 96%] Building CXX object CMakeFiles/ShoeGazePlugin_VST3.dir/home/mm/map2-audio/juce-engine/build/_deps/juce-src/modules/juce_audio_plugin_client/juce_audio_plugin_client_VST2.cpp.o
In file included from /home/mm/map2-audio/juce-engine/build/_deps/juce-src/modules/juce_audio_plugin_client/juce_audio_plugin_client_VST3.cpp:51:
In file included from /home/mm/map2-audio/juce-engine/build/_deps/juce-src/modules/juce_audio_processors/format_types/juce_VST3Headers.h:143:
In file included from /home/mm/map2-audio/juce-engine/build/_deps/juce-src/modules/juce_audio_processors/format_types/VST3_SDK/base/source/fstring.cpp:41:
/home/mm/map2-audio/juce-engine/build/_deps/juce-src/modules/juce_audio_processors/format_types/VST3_SDK/pluginterfaces/base/fvariant.h:50:31: warning: first argument in call to 'memset' is a pointer to non-trivially copyable type 'Steinberg::FVariant' [-Wnontrivial-memcall]
   50 |         inline FVariant () { memset (this, 0, sizeof (FVariant)); }
      |                                      ^
/home/mm/map2-audio/juce-engine/build/_deps/juce-src/modules/juce_audio_processors/format_types/VST3_SDK/pluginterfaces/base/fvariant.h:50:31: note: explicitly cast the pointer to silence this warning
   50 |         inline FVariant () { memset (this, 0, sizeof (FVariant)); }
      |                                      ^
      |                                      (void*)
/home/mm/map2-audio/juce-engine/build/_deps/juce-src/modules/juce_audio_processors/format_types/VST3_SDK/pluginterfaces/base/fvariant.h:259:10: warning: first argument in call to 'memset' is a pointer to non-trivially copyable type 'Steinberg::FVariant' [-Wnontrivial-memcall]
  259 |         memset (this, 0, sizeof (FVariant));
      |                 ^
/home/mm/map2-audio/juce-engine/build/_deps/juce-src/modules/juce_audio_processors/format_types/VST3_SDK/pluginterfaces/base/fvariant.h:259:10: note: explicitly cast the pointer to silence this warning
  259 |         memset (this, 0, sizeof (FVariant));
      |                 ^
      |                 (void*)
2 warnings generated.
[100%] Linking CXX shared module "ShoeGazePlugin_artefacts/Release/VST3/MAP2 Shoe Gaze.vst3/Contents/x86_64-linux/MAP2 Shoe Gaze.so"
removing moduleinfo.json
-- Installing: /home/mm/.vst3/MAP2 Shoe Gaze.vst3
-- Installing: /home/mm/.vst3/MAP2 Shoe Gaze.vst3/Contents
-- Installing: /home/mm/.vst3/MAP2 Shoe Gaze.vst3/Contents/x86_64-linux
-- Installing: /home/mm/.vst3/MAP2 Shoe Gaze.vst3/Contents/x86_64-linux/MAP2 Shoe Gaze.so
[100%] Built target ShoeGazePlugin_VST3
