[  3%] Building CXX object CMakeFiles/WDFAmpPlugin.dir/Source/PluginEditor.cpp.o
[  7%] Building CXX object CMakeFiles/WDFAmpPlugin.dir/Source/WDF/WDFTriode.cpp.o
[ 10%] Building CXX object CMakeFiles/WDFAmpPlugin.dir/Source/PluginProcessor.cpp.o
[ 14%] Building CXX object CMakeFiles/WDFAmpPlugin.dir/Source/WDF/WDFToneStack.cpp.o
[ 17%] Building CXX object CMakeFiles/WDFAmpPlugin.dir/Source/Amps/Peavey5150.cpp.o
[ 21%] Building CXX object CMakeFiles/WDFAmpPlugin.dir/Source/WDF/WDFElements.cpp.o
In file included from /home/mm/map2-audio/juce-engine/WDFAmpPlugin/Source/WDF/WDFTriode.cpp:1:
/home/mm/map2-audio/juce-engine/WDFAmpPlugin/Source/WDF/WDFTriode.h: In member function ‘void WDF::WDFTriode::setTriodeType(WDF::TriodeType)’:
/home/mm/map2-audio/juce-engine/WDFAmpPlugin/Source/WDF/WDFTriode.h:86:16: warning: enumeration value ‘Custom’ not handled in switch [-Wswitch-enum]
   86 |         switch (t) {
      |                ^
/home/mm/map2-audio/juce-engine/WDFAmpPlugin/Source/WDF/WDFTriode.h: In member function ‘double WDF::WDFTriode::computePlateCurrent(double, double) const’:
/home/mm/map2-audio/juce-engine/WDFAmpPlugin/Source/WDF/WDFTriode.h:127:16: warning: declaration of ‘Ip’ shadows a member of ‘WDF::WDFTriode’ [-Wshadow]
  127 |         double Ip = std::pow(E1, params.ex) / params.kg1;
      |                ^~
/home/mm/map2-audio/juce-engine/WDFAmpPlugin/Source/WDF/WDFTriode.h:74:12: note: shadowed declaration is here
   74 |     double Ip = 0.0;           // Plate current
      |            ^~
[ 25%] Building CXX object CMakeFiles/WDFAmpPlugin.dir/Source/Amps/Marshall800.cpp.o
In file included from /home/mm/map2-audio/juce-engine/WDFAmpPlugin/Source/Amps/Peavey5150.h:5,
                 from /home/mm/map2-audio/juce-engine/WDFAmpPlugin/Source/Amps/Peavey5150.cpp:1:
/home/mm/map2-audio/juce-engine/WDFAmpPlugin/Source/Amps/../WDF/WDFTriode.h: In member function ‘void WDF::WDFTriode::setTriodeType(WDF::TriodeType)’:
/home/mm/map2-audio/juce-engine/WDFAmpPlugin/Source/Amps/../WDF/WDFTriode.h:86:16: warning: enumeration value ‘Custom’ not handled in switch [-Wswitch-enum]
   86 |         switch (t) {
      |                ^
/home/mm/map2-audio/juce-engine/WDFAmpPlugin/Source/Amps/../WDF/WDFTriode.h: In member function ‘double WDF::WDFTriode::computePlateCurrent(double, double) const’:
/home/mm/map2-audio/juce-engine/WDFAmpPlugin/Source/Amps/../WDF/WDFTriode.h:127:16: warning: declaration of ‘Ip’ shadows a member of ‘WDF::WDFTriode’ [-Wshadow]
  127 |         double Ip = std::pow(E1, params.ex) / params.kg1;
      |                ^~
/home/mm/map2-audio/juce-engine/WDFAmpPlugin/Source/Amps/../WDF/WDFTriode.h:74:12: note: shadowed declaration is here
   74 |     double Ip = 0.0;           // Plate current
      |            ^~
In file included from /home/mm/map2-audio/juce-engine/WDFAmpPlugin/Source/Amps/Peavey5150.h:6:
/home/mm/map2-audio/juce-engine/WDFAmpPlugin/Source/Amps/../WDF/WDFToneStack.h: In member function ‘void WDF::WDFToneStack::setToneStackType(WDF::ToneStackType)’:
/home/mm/map2-audio/juce-engine/WDFAmpPlugin/Source/Amps/../WDF/WDFToneStack.h:111:16: warning: enumeration value ‘Custom’ not handled in switch [-Wswitch-enum]
  111 |         switch (t) {
      |                ^
[ 28%] Building CXX object CMakeFiles/WDFAmpPlugin.dir/Source/Amps/MesaDualRectifier.cpp.o
In file included from /home/mm/map2-audio/juce-engine/WDFAmpPlugin/Source/WDF/WDFToneStack.cpp:1:
/home/mm/map2-audio/juce-engine/WDFAmpPlugin/Source/WDF/WDFToneStack.h: In member function ‘void WDF::WDFToneStack::setToneStackType(WDF::ToneStackType)’:
/home/mm/map2-audio/juce-engine/WDFAmpPlugin/Source/WDF/WDFToneStack.h:111:16: warning: enumeration value ‘Custom’ not handled in switch [-Wswitch-enum]
  111 |         switch (t) {
      |                ^
[ 32%] Building CXX object CMakeFiles/WDFAmpPlugin.dir/Source/DSP/Oversampler.cpp.o
[ 35%] Building CXX object CMakeFiles/WDFAmpPlugin.dir/Source/UI/AmpKnob.cpp.o
In file included from /home/mm/map2-audio/juce-engine/WDFAmpPlugin/Source/Amps/Marshall800.h:5,
                 from /home/mm/map2-audio/juce-engine/WDFAmpPlugin/Source/Amps/Marshall800.cpp:1:
/home/mm/map2-audio/juce-engine/WDFAmpPlugin/Source/Amps/../WDF/WDFTriode.h: In member function ‘void WDF::WDFTriode::setTriodeType(WDF::TriodeType)’:
/home/mm/map2-audio/juce-engine/WDFAmpPlugin/Source/Amps/../WDF/WDFTriode.h:86:16: warning: enumeration value ‘Custom’ not handled in switch [-Wswitch-enum]
   86 |         switch (t) {
      |                ^
/home/mm/map2-audio/juce-engine/WDFAmpPlugin/Source/Amps/../WDF/WDFTriode.h: In member function ‘double WDF::WDFTriode::computePlateCurrent(double, double) const’:
/home/mm/map2-audio/juce-engine/WDFAmpPlugin/Source/Amps/../WDF/WDFTriode.h:127:16: warning: declaration of ‘Ip’ shadows a member of ‘WDF::WDFTriode’ [-Wshadow]
  127 |         double Ip = std::pow(E1, params.ex) / params.kg1;
      |                ^~
/home/mm/map2-audio/juce-engine/WDFAmpPlugin/Source/Amps/../WDF/WDFTriode.h:74:12: note: shadowed declaration is here
   74 |     double Ip = 0.0;           // Plate current
      |            ^~
In file included from /home/mm/map2-audio/juce-engine/WDFAmpPlugin/Source/Amps/Marshall800.h:6:
/home/mm/map2-audio/juce-engine/WDFAmpPlugin/Source/Amps/../WDF/WDFToneStack.h: In member function ‘void WDF::WDFToneStack::setToneStackType(WDF::ToneStackType)’:
/home/mm/map2-audio/juce-engine/WDFAmpPlugin/Source/Amps/../WDF/WDFToneStack.h:111:16: warning: enumeration value ‘Custom’ not handled in switch [-Wswitch-enum]
  111 |         switch (t) {
      |                ^
[ 39%] Building CXX object CMakeFiles/WDFAmpPlugin.dir/Source/UI/AmpSelector.cpp.o
In file included from /home/mm/map2-audio/juce-engine/WDFAmpPlugin/Source/Amps/MesaDualRectifier.h:5,
                 from /home/mm/map2-audio/juce-engine/WDFAmpPlugin/Source/Amps/MesaDualRectifier.cpp:1:
/home/mm/map2-audio/juce-engine/WDFAmpPlugin/Source/Amps/../WDF/WDFTriode.h: In member function ‘void WDF::WDFTriode::setTriodeType(WDF::TriodeType)’:
/home/mm/map2-audio/juce-engine/WDFAmpPlugin/Source/Amps/../WDF/WDFTriode.h:86:16: warning: enumeration value ‘Custom’ not handled in switch [-Wswitch-enum]
   86 |         switch (t) {
      |                ^
/home/mm/map2-audio/juce-engine/WDFAmpPlugin/Source/Amps/../WDF/WDFTriode.h: In member function ‘double WDF::WDFTriode::computePlateCurrent(double, double) const’:
/home/mm/map2-audio/juce-engine/WDFAmpPlugin/Source/Amps/../WDF/WDFTriode.h:127:16: warning: declaration of ‘Ip’ shadows a member of ‘WDF::WDFTriode’ [-Wshadow]
  127 |         double Ip = std::pow(E1, params.ex) / params.kg1;
      |                ^~
/home/mm/map2-audio/juce-engine/WDFAmpPlugin/Source/Amps/../WDF/WDFTriode.h:74:12: note: shadowed declaration is here
   74 |     double Ip = 0.0;           // Plate current
      |            ^~
In file included from /home/mm/map2-audio/juce-engine/WDFAmpPlugin/Source/Amps/MesaDualRectifier.h:6:
/home/mm/map2-audio/juce-engine/WDFAmpPlugin/Source/Amps/../WDF/WDFToneStack.h: In member function ‘void WDF::WDFToneStack::setToneStackType(WDF::ToneStackType)’:
/home/mm/map2-audio/juce-engine/WDFAmpPlugin/Source/Amps/../WDF/WDFToneStack.h:111:16: warning: enumeration value ‘Custom’ not handled in switch [-Wswitch-enum]
  111 |         switch (t) {
      |                ^
In file included from /home/mm/map2-audio/juce-engine/WDFAmpPlugin/Source/DSP/Oversampler.cpp:1:
/home/mm/map2-audio/juce-engine/WDFAmpPlugin/Source/DSP/Oversampler.h: In member function ‘void DSP::PolyphaseFilter::initCoefficients()’:
/home/mm/map2-audio/juce-engine/WDFAmpPlugin/Source/DSP/Oversampler.h:43:26: warning: conversion to ‘std::array<double, 32>::size_type’ {aka ‘long unsigned int’} from ‘int’ may change the sign of the result [-Wsign-conversion]
   43 |             coefficients[n] = sinc * bessel;
      |                          ^
/home/mm/map2-audio/juce-engine/WDFAmpPlugin/Source/DSP/Oversampler.h:48:57: warning: conversion to ‘std::array<double, 32>::size_type’ {aka ‘long unsigned int’} from ‘int’ may change the sign of the result [-Wsign-conversion]
   48 |         for (int n = 0; n < N; ++n) sum += coefficients[n];
      |                                                         ^
/home/mm/map2-audio/juce-engine/WDFAmpPlugin/Source/DSP/Oversampler.h:49:50: warning: conversion to ‘std::array<double, 32>::size_type’ {aka ‘long unsigned int’} from ‘int’ may change the sign of the result [-Wsign-conversion]
   49 |         for (int n = 0; n < N; ++n) coefficients[n] /= sum;
      |                                                  ^
/home/mm/map2-audio/juce-engine/WDFAmpPlugin/Source/DSP/Oversampler.h: In member function ‘void DSP::Oversampler::setOversampleFactor(int)’:
/home/mm/map2-audio/juce-engine/WDFAmpPlugin/Source/DSP/Oversampler.h:82:31: warning: conversion to ‘std::vector<double>::size_type’ {aka ‘long unsigned int’} from ‘int’ may change the sign of the result [-Wsign-conversion]
   82 |         upsampleBuffer.resize(oversampleFactor);
      |                               ^~~~~~~~~~~~~~~~
/home/mm/map2-audio/juce-engine/WDFAmpPlugin/Source/DSP/Oversampler.h: In member function ‘void DSP::Oversampler::upsample(double)’:
/home/mm/map2-audio/juce-engine/WDFAmpPlugin/Source/DSP/Oversampler.h:95:28: warning: conversion to ‘std::vector<double>::size_type’ {aka ‘long unsigned int’} from ‘int’ may change the sign of the result [-Wsign-conversion]
   95 |             upsampleBuffer[i] = 0.0;
      |                            ^
/home/mm/map2-audio/juce-engine/WDFAmpPlugin/Source/DSP/Oversampler.h:101:21: warning: conversion to ‘std::array<double, 32>::size_type’ {aka ‘long unsigned int’} from ‘int’ may change the sign of the result [-Wsign-conversion]
  101 |             history[historyIndex] = upsampleBuffer[i];
      |                     ^~~~~~~~~~~~
/home/mm/map2-audio/juce-engine/WDFAmpPlugin/Source/DSP/Oversampler.h:101:52: warning: conversion to ‘std::vector<double>::size_type’ {aka ‘long unsigned int’} from ‘int’ may change the sign of the result [-Wsign-conversion]
  101 |             history[historyIndex] = upsampleBuffer[i];
      |                                                    ^
/home/mm/map2-audio/juce-engine/WDFAmpPlugin/Source/DSP/Oversampler.h:107:37: warning: conversion to ‘std::array<double, 32>::size_type’ {aka ‘long unsigned int’} from ‘int’ may change the sign of the result [-Wsign-conversion]
  107 |                 filtered += history[idx] * filter.coefficients[j];
      |                                     ^~~
/home/mm/map2-audio/juce-engine/WDFAmpPlugin/Source/DSP/Oversampler.h:107:64: warning: conversion to ‘std::array<double, 32>::size_type’ {aka ‘long unsigned int’} from ‘int’ may change the sign of the result [-Wsign-conversion]
  107 |                 filtered += history[idx] * filter.coefficients[j];
      |                                                                ^
/home/mm/map2-audio/juce-engine/WDFAmpPlugin/Source/DSP/Oversampler.h:110:28: warning: conversion to ‘std::vector<double>::size_type’ {aka ‘long unsigned int’} from ‘int’ may change the sign of the result [-Wsign-conversion]
  110 |             upsampleBuffer[i] = filtered;
      |                            ^
/home/mm/map2-audio/juce-engine/WDFAmpPlugin/Source/DSP/Oversampler.h: In member function ‘double DSP::Oversampler::downsample()’:
/home/mm/map2-audio/juce-engine/WDFAmpPlugin/Source/DSP/Oversampler.h:128:38: warning: conversion to ‘std::vector<double>::size_type’ {aka ‘long unsigned int’} from ‘int’ may change the sign of the result [-Wsign-conversion]
  128 |             output += upsampleBuffer[i];
      |                                      ^
[ 42%] Building CXX object CMakeFiles/WDFAmpPlugin.dir/home/mm/map2-audio/juce-engine/build/_deps/juce-src/modules/juce_audio_processors/juce_audio_processors.cpp.o
[ 46%] Building CXX object CMakeFiles/WDFAmpPlugin.dir/home/mm/map2-audio/juce-engine/build/_deps/juce-src/modules/juce_audio_processors/juce_audio_processors_ara.cpp.o
[ 50%] Building CXX object CMakeFiles/WDFAmpPlugin.dir/home/mm/map2-audio/juce-engine/build/_deps/juce-src/modules/juce_audio_processors/juce_audio_processors_lv2_libs.cpp.o
[ 53%] Building CXX object CMakeFiles/WDFAmpPlugin.dir/home/mm/map2-audio/juce-engine/build/_deps/juce-src/modules/juce_gui_extra/juce_gui_extra.cpp.o
In file included from /home/mm/map2-audio/juce-engine/WDFAmpPlugin/Source/UI/AmpSelector.cpp:1:
/home/mm/map2-audio/juce-engine/WDFAmpPlugin/Source/UI/AmpSelector.h: In member function ‘juce::Colour UI::AmpSelector::AmpButton::getGrillColor() const’:
/home/mm/map2-audio/juce-engine/WDFAmpPlugin/Source/UI/AmpSelector.h:112:20: warning: enumeration value ‘NumAmpTypes’ not handled in switch [-Wswitch-enum]
  112 |             switch (ampType) {
      |                    ^
/home/mm/map2-audio/juce-engine/WDFAmpPlugin/Source/UI/AmpSelector.h: In static member function ‘static juce::String UI::AmpSelector::AmpButton::getAmpName(Amps::AmpType)’:
/home/mm/map2-audio/juce-engine/WDFAmpPlugin/Source/UI/AmpSelector.h:125:20: warning: enumeration value ‘NumAmpTypes’ not handled in switch [-Wswitch-enum]
  125 |             switch (type) {
      |                    ^
[ 57%] Building CXX object CMakeFiles/WDFAmpPlugin.dir/home/mm/map2-audio/juce-engine/build/_deps/juce-src/modules/juce_gui_basics/juce_gui_basics.cpp.o
In file included from /home/mm/map2-audio/juce-engine/WDFAmpPlugin/Source/Amps/Peavey5150.h:5,
                 from /home/mm/map2-audio/juce-engine/WDFAmpPlugin/Source/PluginProcessor.h:7,
                 from /home/mm/map2-audio/juce-engine/WDFAmpPlugin/Source/PluginProcessor.cpp:9:
/home/mm/map2-audio/juce-engine/WDFAmpPlugin/Source/Amps/../WDF/WDFTriode.h: In member function ‘void WDF::WDFTriode::setTriodeType(WDF::TriodeType)’:
/home/mm/map2-audio/juce-engine/WDFAmpPlugin/Source/Amps/../WDF/WDFTriode.h:86:16: warning: enumeration value ‘Custom’ not handled in switch [-Wswitch-enum]
   86 |         switch (t) {
      |                ^
/home/mm/map2-audio/juce-engine/WDFAmpPlugin/Source/Amps/../WDF/WDFTriode.h: In member function ‘double WDF::WDFTriode::computePlateCurrent(double, double) const’:
/home/mm/map2-audio/juce-engine/WDFAmpPlugin/Source/Amps/../WDF/WDFTriode.h:127:16: warning: declaration of ‘Ip’ shadows a member of ‘WDF::WDFTriode’ [-Wshadow]
  127 |         double Ip = std::pow(E1, params.ex) / params.kg1;
      |                ^~
/home/mm/map2-audio/juce-engine/WDFAmpPlugin/Source/Amps/../WDF/WDFTriode.h:74:12: note: shadowed declaration is here
   74 |     double Ip = 0.0;           // Plate current
      |            ^~
In file included from /home/mm/map2-audio/juce-engine/WDFAmpPlugin/Source/Amps/Peavey5150.h:6:
/home/mm/map2-audio/juce-engine/WDFAmpPlugin/Source/Amps/../WDF/WDFToneStack.h: In member function ‘void WDF::WDFToneStack::setToneStackType(WDF::ToneStackType)’:
/home/mm/map2-audio/juce-engine/WDFAmpPlugin/Source/Amps/../WDF/WDFToneStack.h:111:16: warning: enumeration value ‘Custom’ not handled in switch [-Wswitch-enum]
  111 |         switch (t) {
      |                ^
In file included from /home/mm/map2-audio/juce-engine/WDFAmpPlugin/Source/PluginProcessor.h:10:
/home/mm/map2-audio/juce-engine/WDFAmpPlugin/Source/DSP/Oversampler.h: In member function ‘void DSP::PolyphaseFilter::initCoefficients()’:
/home/mm/map2-audio/juce-engine/WDFAmpPlugin/Source/DSP/Oversampler.h:43:26: warning: conversion to ‘std::array<double, 32>::size_type’ {aka ‘long unsigned int’} from ‘int’ may change the sign of the result [-Wsign-conversion]
   43 |             coefficients[n] = sinc * bessel;
      |                          ^
/home/mm/map2-audio/juce-engine/WDFAmpPlugin/Source/DSP/Oversampler.h:48:57: warning: conversion to ‘std::array<double, 32>::size_type’ {aka ‘long unsigned int’} from ‘int’ may change the sign of the result [-Wsign-conversion]
   48 |         for (int n = 0; n < N; ++n) sum += coefficients[n];
      |                                                         ^
/home/mm/map2-audio/juce-engine/WDFAmpPlugin/Source/DSP/Oversampler.h:49:50: warning: conversion to ‘std::array<double, 32>::size_type’ {aka ‘long unsigned int’} from ‘int’ may change the sign of the result [-Wsign-conversion]
   49 |         for (int n = 0; n < N; ++n) coefficients[n] /= sum;
      |                                                  ^
/home/mm/map2-audio/juce-engine/WDFAmpPlugin/Source/DSP/Oversampler.h: In member function ‘void DSP::Oversampler::setOversampleFactor(int)’:
/home/mm/map2-audio/juce-engine/WDFAmpPlugin/Source/DSP/Oversampler.h:82:31: warning: conversion to ‘std::vector<double>::size_type’ {aka ‘long unsigned int’} from ‘int’ may change the sign of the result [-Wsign-conversion]
   82 |         upsampleBuffer.resize(oversampleFactor);
      |                               ^~~~~~~~~~~~~~~~
/home/mm/map2-audio/juce-engine/WDFAmpPlugin/Source/DSP/Oversampler.h: In member function ‘void DSP::Oversampler::upsample(double)’:
/home/mm/map2-audio/juce-engine/WDFAmpPlugin/Source/DSP/Oversampler.h:95:28: warning: conversion to ‘std::vector<double>::size_type’ {aka ‘long unsigned int’} from ‘int’ may change the sign of the result [-Wsign-conversion]
   95 |             upsampleBuffer[i] = 0.0;
      |                            ^
/home/mm/map2-audio/juce-engine/WDFAmpPlugin/Source/DSP/Oversampler.h:101:21: warning: conversion to ‘std::array<double, 32>::size_type’ {aka ‘long unsigned int’} from ‘int’ may change the sign of the result [-Wsign-conversion]
  101 |             history[historyIndex] = upsampleBuffer[i];
      |                     ^~~~~~~~~~~~
/home/mm/map2-audio/juce-engine/WDFAmpPlugin/Source/DSP/Oversampler.h:101:52: warning: conversion to ‘std::vector<double>::size_type’ {aka ‘long unsigned int’} from ‘int’ may change the sign of the result [-Wsign-conversion]
  101 |             history[historyIndex] = upsampleBuffer[i];
      |                                                    ^
/home/mm/map2-audio/juce-engine/WDFAmpPlugin/Source/DSP/Oversampler.h:107:37: warning: conversion to ‘std::array<double, 32>::size_type’ {aka ‘long unsigned int’} from ‘int’ may change the sign of the result [-Wsign-conversion]
  107 |                 filtered += history[idx] * filter.coefficients[j];
      |                                     ^~~
/home/mm/map2-audio/juce-engine/WDFAmpPlugin/Source/DSP/Oversampler.h:107:64: warning: conversion to ‘std::array<double, 32>::size_type’ {aka ‘long unsigned int’} from ‘int’ may change the sign of the result [-Wsign-conversion]
  107 |                 filtered += history[idx] * filter.coefficients[j];
      |                                                                ^
/home/mm/map2-audio/juce-engine/WDFAmpPlugin/Source/DSP/Oversampler.h:110:28: warning: conversion to ‘std::vector<double>::size_type’ {aka ‘long unsigned int’} from ‘int’ may change the sign of the result [-Wsign-conversion]
  110 |             upsampleBuffer[i] = filtered;
      |                            ^
/home/mm/map2-audio/juce-engine/WDFAmpPlugin/Source/DSP/Oversampler.h: In member function ‘double DSP::Oversampler::downsample()’:
/home/mm/map2-audio/juce-engine/WDFAmpPlugin/Source/DSP/Oversampler.h:128:38: warning: conversion to ‘std::vector<double>::size_type’ {aka ‘long unsigned int’} from ‘int’ may change the sign of the result [-Wsign-conversion]
  128 |             output += upsampleBuffer[i];
      |                                      ^
In file included from /home/mm/map2-audio/juce-engine/build/_deps/juce-src/modules/juce_audio_processors/juce_audio_processors.h:154,
                 from /home/mm/map2-audio/juce-engine/WDFAmpPlugin/Source/PluginProcessor.h:3:
/home/mm/map2-audio/juce-engine/build/_deps/juce-src/modules/juce_audio_processors/processors/juce_AudioProcessor.h: At global scope:
/home/mm/map2-audio/juce-engine/build/_deps/juce-src/modules/juce_audio_processors/processors/juce_AudioProcessor.h:289:18: warning: ‘virtual void juce::AudioProcessor::processBlock(juce::AudioBuffer<double>&, juce::MidiBuffer&)’ was hidden [-Woverloaded-virtual=]
  289 |     virtual void processBlock (AudioBuffer<double>& buffer,
      |                  ^~~~~~~~~~~~
/home/mm/map2-audio/juce-engine/WDFAmpPlugin/Source/PluginProcessor.h:28:10: note:   by ‘virtual void WDFAmpAudioProcessor::processBlock(juce::AudioBuffer<float>&, juce::MidiBuffer&)’
   28 |     void processBlock(juce::AudioBuffer<float>&, juce::MidiBuffer&) override;
      |          ^~~~~~~~~~~~
In file included from /home/mm/map2-audio/juce-engine/WDFAmpPlugin/Source/PluginEditor.h:7,
                 from /home/mm/map2-audio/juce-engine/WDFAmpPlugin/Source/PluginProcessor.cpp:10:
/home/mm/map2-audio/juce-engine/WDFAmpPlugin/Source/UI/AmpSelector.h: In member function ‘juce::Colour UI::AmpSelector::AmpButton::getGrillColor() const’:
/home/mm/map2-audio/juce-engine/WDFAmpPlugin/Source/UI/AmpSelector.h:112:20: warning: enumeration value ‘NumAmpTypes’ not handled in switch [-Wswitch-enum]
  112 |             switch (ampType) {
      |                    ^
/home/mm/map2-audio/juce-engine/WDFAmpPlugin/Source/UI/AmpSelector.h: In static member function ‘static juce::String UI::AmpSelector::AmpButton::getAmpName(Amps::AmpType)’:
/home/mm/map2-audio/juce-engine/WDFAmpPlugin/Source/UI/AmpSelector.h:125:20: warning: enumeration value ‘NumAmpTypes’ not handled in switch [-Wswitch-enum]
  125 |             switch (type) {
      |                    ^
/home/mm/map2-audio/juce-engine/WDFAmpPlugin/Source/PluginProcessor.cpp: In member function ‘void WDFAmpAudioProcessor::setAmpType(Amps::AmpType)’:
/home/mm/map2-audio/juce-engine/WDFAmpPlugin/Source/PluginProcessor.cpp:241:12: warning: enumeration value ‘NumAmpTypes’ not handled in switch [-Wswitch-enum]
  241 |     switch (type) {
      |            ^
/home/mm/map2-audio/juce-engine/WDFAmpPlugin/Source/DSP/Oversampler.h: In instantiation of ‘double DSP::Oversampler::processSample(double, AmpProcessor&) [with AmpProcessor = Amps::AmpModel]’:
/home/mm/map2-audio/juce-engine/WDFAmpPlugin/Source/PluginProcessor.cpp:188:54:   required from here
  188 |             double output = oversampler.processSample(input, *activeAmp);
      |                             ~~~~~~~~~~~~~~~~~~~~~~~~~^~~~~~~~~~~~~~~~~~~
/home/mm/map2-audio/juce-engine/WDFAmpPlugin/Source/DSP/Oversampler.h:149:28: warning: conversion to ‘std::vector<double>::size_type’ {aka ‘long unsigned int’} from ‘int’ may change the sign of the result [-Wsign-conversion]
  149 |             upsampleBuffer[i] = processor.processSample(upsampleBuffer[i]);
      |                            ^
/home/mm/map2-audio/juce-engine/WDFAmpPlugin/Source/DSP/Oversampler.h:149:72: warning: conversion to ‘std::vector<double>::size_type’ {aka ‘long unsigned int’} from ‘int’ may change the sign of the result [-Wsign-conversion]
  149 |             upsampleBuffer[i] = processor.processSample(upsampleBuffer[i]);
      |                                                                        ^
[ 60%] Building CXX object CMakeFiles/WDFAmpPlugin.dir/home/mm/map2-audio/juce-engine/build/_deps/juce-src/modules/juce_graphics/juce_graphics.cpp.o
In file included from /home/mm/map2-audio/juce-engine/WDFAmpPlugin/Source/Amps/Peavey5150.h:5,
                 from /home/mm/map2-audio/juce-engine/WDFAmpPlugin/Source/PluginProcessor.h:7,
                 from /home/mm/map2-audio/juce-engine/WDFAmpPlugin/Source/PluginEditor.cpp:1:
/home/mm/map2-audio/juce-engine/WDFAmpPlugin/Source/Amps/../WDF/WDFTriode.h: In member function ‘void WDF::WDFTriode::setTriodeType(WDF::TriodeType)’:
/home/mm/map2-audio/juce-engine/WDFAmpPlugin/Source/Amps/../WDF/WDFTriode.h:86:16: warning: enumeration value ‘Custom’ not handled in switch [-Wswitch-enum]
   86 |         switch (t) {
      |                ^
/home/mm/map2-audio/juce-engine/WDFAmpPlugin/Source/Amps/../WDF/WDFTriode.h: In member function ‘double WDF::WDFTriode::computePlateCurrent(double, double) const’:
/home/mm/map2-audio/juce-engine/WDFAmpPlugin/Source/Amps/../WDF/WDFTriode.h:127:16: warning: declaration of ‘Ip’ shadows a member of ‘WDF::WDFTriode’ [-Wshadow]
  127 |         double Ip = std::pow(E1, params.ex) / params.kg1;
      |                ^~
/home/mm/map2-audio/juce-engine/WDFAmpPlugin/Source/Amps/../WDF/WDFTriode.h:74:12: note: shadowed declaration is here
   74 |     double Ip = 0.0;           // Plate current
      |            ^~
In file included from /home/mm/map2-audio/juce-engine/WDFAmpPlugin/Source/Amps/Peavey5150.h:6:
/home/mm/map2-audio/juce-engine/WDFAmpPlugin/Source/Amps/../WDF/WDFToneStack.h: In member function ‘void WDF::WDFToneStack::setToneStackType(WDF::ToneStackType)’:
/home/mm/map2-audio/juce-engine/WDFAmpPlugin/Source/Amps/../WDF/WDFToneStack.h:111:16: warning: enumeration value ‘Custom’ not handled in switch [-Wswitch-enum]
  111 |         switch (t) {
      |                ^
In file included from /home/mm/map2-audio/juce-engine/WDFAmpPlugin/Source/PluginProcessor.h:10:
/home/mm/map2-audio/juce-engine/WDFAmpPlugin/Source/DSP/Oversampler.h: In member function ‘void DSP::PolyphaseFilter::initCoefficients()’:
/home/mm/map2-audio/juce-engine/WDFAmpPlugin/Source/DSP/Oversampler.h:43:26: warning: conversion to ‘std::array<double, 32>::size_type’ {aka ‘long unsigned int’} from ‘int’ may change the sign of the result [-Wsign-conversion]
   43 |             coefficients[n] = sinc * bessel;
      |                          ^
/home/mm/map2-audio/juce-engine/WDFAmpPlugin/Source/DSP/Oversampler.h:48:57: warning: conversion to ‘std::array<double, 32>::size_type’ {aka ‘long unsigned int’} from ‘int’ may change the sign of the result [-Wsign-conversion]
   48 |         for (int n = 0; n < N; ++n) sum += coefficients[n];
      |                                                         ^
/home/mm/map2-audio/juce-engine/WDFAmpPlugin/Source/DSP/Oversampler.h:49:50: warning: conversion to ‘std::array<double, 32>::size_type’ {aka ‘long unsigned int’} from ‘int’ may change the sign of the result [-Wsign-conversion]
   49 |         for (int n = 0; n < N; ++n) coefficients[n] /= sum;
      |                                                  ^
/home/mm/map2-audio/juce-engine/WDFAmpPlugin/Source/DSP/Oversampler.h: In member function ‘void DSP::Oversampler::setOversampleFactor(int)’:
/home/mm/map2-audio/juce-engine/WDFAmpPlugin/Source/DSP/Oversampler.h:82:31: warning: conversion to ‘std::vector<double>::size_type’ {aka ‘long unsigned int’} from ‘int’ may change the sign of the result [-Wsign-conversion]
   82 |         upsampleBuffer.resize(oversampleFactor);
      |                               ^~~~~~~~~~~~~~~~
/home/mm/map2-audio/juce-engine/WDFAmpPlugin/Source/DSP/Oversampler.h: In member function ‘void DSP::Oversampler::upsample(double)’:
/home/mm/map2-audio/juce-engine/WDFAmpPlugin/Source/DSP/Oversampler.h:95:28: warning: conversion to ‘std::vector<double>::size_type’ {aka ‘long unsigned int’} from ‘int’ may change the sign of the result [-Wsign-conversion]
   95 |             upsampleBuffer[i] = 0.0;
      |                            ^
/home/mm/map2-audio/juce-engine/WDFAmpPlugin/Source/DSP/Oversampler.h:101:21: warning: conversion to ‘std::array<double, 32>::size_type’ {aka ‘long unsigned int’} from ‘int’ may change the sign of the result [-Wsign-conversion]
  101 |             history[historyIndex] = upsampleBuffer[i];
      |                     ^~~~~~~~~~~~
/home/mm/map2-audio/juce-engine/WDFAmpPlugin/Source/DSP/Oversampler.h:101:52: warning: conversion to ‘std::vector<double>::size_type’ {aka ‘long unsigned int’} from ‘int’ may change the sign of the result [-Wsign-conversion]
  101 |             history[historyIndex] = upsampleBuffer[i];
      |                                                    ^
/home/mm/map2-audio/juce-engine/WDFAmpPlugin/Source/DSP/Oversampler.h:107:37: warning: conversion to ‘std::array<double, 32>::size_type’ {aka ‘long unsigned int’} from ‘int’ may change the sign of the result [-Wsign-conversion]
  107 |                 filtered += history[idx] * filter.coefficients[j];
      |                                     ^~~
/home/mm/map2-audio/juce-engine/WDFAmpPlugin/Source/DSP/Oversampler.h:107:64: warning: conversion to ‘std::array<double, 32>::size_type’ {aka ‘long unsigned int’} from ‘int’ may change the sign of the result [-Wsign-conversion]
  107 |                 filtered += history[idx] * filter.coefficients[j];
      |                                                                ^
/home/mm/map2-audio/juce-engine/WDFAmpPlugin/Source/DSP/Oversampler.h:110:28: warning: conversion to ‘std::vector<double>::size_type’ {aka ‘long unsigned int’} from ‘int’ may change the sign of the result [-Wsign-conversion]
  110 |             upsampleBuffer[i] = filtered;
      |                            ^
/home/mm/map2-audio/juce-engine/WDFAmpPlugin/Source/DSP/Oversampler.h: In member function ‘double DSP::Oversampler::downsample()’:
/home/mm/map2-audio/juce-engine/WDFAmpPlugin/Source/DSP/Oversampler.h:128:38: warning: conversion to ‘std::vector<double>::size_type’ {aka ‘long unsigned int’} from ‘int’ may change the sign of the result [-Wsign-conversion]
  128 |             output += upsampleBuffer[i];
      |                                      ^
In file included from /home/mm/map2-audio/juce-engine/build/_deps/juce-src/modules/juce_audio_processors/juce_audio_processors.h:154,
                 from /home/mm/map2-audio/juce-engine/WDFAmpPlugin/Source/PluginProcessor.h:3:
/home/mm/map2-audio/juce-engine/build/_deps/juce-src/modules/juce_audio_processors/processors/juce_AudioProcessor.h: At global scope:
/home/mm/map2-audio/juce-engine/build/_deps/juce-src/modules/juce_audio_processors/processors/juce_AudioProcessor.h:289:18: warning: ‘virtual void juce::AudioProcessor::processBlock(juce::AudioBuffer<double>&, juce::MidiBuffer&)’ was hidden [-Woverloaded-virtual=]
  289 |     virtual void processBlock (AudioBuffer<double>& buffer,
      |                  ^~~~~~~~~~~~
/home/mm/map2-audio/juce-engine/WDFAmpPlugin/Source/PluginProcessor.h:28:10: note:   by ‘virtual void WDFAmpAudioProcessor::processBlock(juce::AudioBuffer<float>&, juce::MidiBuffer&)’
   28 |     void processBlock(juce::AudioBuffer<float>&, juce::MidiBuffer&) override;
      |          ^~~~~~~~~~~~
In file included from /home/mm/map2-audio/juce-engine/WDFAmpPlugin/Source/PluginEditor.h:7,
                 from /home/mm/map2-audio/juce-engine/WDFAmpPlugin/Source/PluginEditor.cpp:2:
/home/mm/map2-audio/juce-engine/WDFAmpPlugin/Source/UI/AmpSelector.h: In member function ‘juce::Colour UI::AmpSelector::AmpButton::getGrillColor() const’:
/home/mm/map2-audio/juce-engine/WDFAmpPlugin/Source/UI/AmpSelector.h:112:20: warning: enumeration value ‘NumAmpTypes’ not handled in switch [-Wswitch-enum]
  112 |             switch (ampType) {
      |                    ^
/home/mm/map2-audio/juce-engine/WDFAmpPlugin/Source/UI/AmpSelector.h: In static member function ‘static juce::String UI::AmpSelector::AmpButton::getAmpName(Amps::AmpType)’:
/home/mm/map2-audio/juce-engine/WDFAmpPlugin/Source/UI/AmpSelector.h:125:20: warning: enumeration value ‘NumAmpTypes’ not handled in switch [-Wswitch-enum]
  125 |             switch (type) {
      |                    ^
/home/mm/map2-audio/juce-engine/WDFAmpPlugin/Source/PluginEditor.cpp: In lambda function:
/home/mm/map2-audio/juce-engine/WDFAmpPlugin/Source/PluginEditor.cpp:21:16: warning: enumeration value ‘NumAmpTypes’ not handled in switch [-Wswitch-enum]
   21 |         switch (type) {
      |                ^
/home/mm/map2-audio/juce-engine/WDFAmpPlugin/Source/PluginEditor.cpp: In constructor ‘WDFAmpAudioProcessorEditor::WDFAmpAudioProcessorEditor(WDFAmpAudioProcessor&)’:
/home/mm/map2-audio/juce-engine/WDFAmpPlugin/Source/PluginEditor.cpp:100:58: warning: ‘juce::Font::Font(float, int)’ is deprecated: Use the constructor that takes a FontOptions argument [-Wdeprecated-declarations]
  100 |     titleLabel.setFont(juce::Font(24.0f, juce::Font::bold));
      |                                                          ^
In file included from /home/mm/map2-audio/juce-engine/build/_deps/juce-src/modules/juce_graphics/juce_graphics.h:139,
                 from /home/mm/map2-audio/juce-engine/build/_deps/juce-src/modules/juce_gui_basics/juce_gui_basics.h:69,
                 from /home/mm/map2-audio/juce-engine/build/_deps/juce-src/modules/juce_audio_processors/juce_audio_processors.h:66:
/home/mm/map2-audio/juce-engine/build/_deps/juce-src/modules/juce_graphics/fonts/juce_Font.h:77:5: note: declared here
   77 |     Font (float fontHeight, int styleFlags = plain);
      |     ^~~~
/home/mm/map2-audio/juce-engine/WDFAmpPlugin/Source/PluginEditor.cpp:104:62: warning: ‘juce::Font::Font(float, int)’ is deprecated: Use the constructor that takes a FontOptions argument [-Wdeprecated-declarations]
  104 |     ampNameLabel.setFont(juce::Font(18.0f, juce::Font::italic));
      |                                                              ^
/home/mm/map2-audio/juce-engine/build/_deps/juce-src/modules/juce_graphics/fonts/juce_Font.h:77:5: note: declared here
   77 |     Font (float fontHeight, int styleFlags = plain);
      |     ^~~~
[ 64%] Building CXX object CMakeFiles/WDFAmpPlugin.dir/home/mm/map2-audio/juce-engine/build/_deps/juce-src/modules/juce_graphics/juce_graphics_Harfbuzz.cpp.o
In file included from /home/mm/map2-audio/juce-engine/WDFAmpPlugin/Source/Amps/Peavey5150.h:4:
In member function ‘virtual void WDF::WDFTransformer::calcPortResistance()’,
    inlined from ‘WDF::WDFTransformer::WDFTransformer(WDF::WDFElement*, double)’ at /home/mm/map2-audio/juce-engine/WDFAmpPlugin/Source/Amps/../WDF/WDFElements.h:277:27,
    inlined from ‘std::__detail::__unique_ptr_t<_Tp> std::make_unique(_Args&& ...) [with _Tp = WDF::WDFTransformer; _Args = {std::nullptr_t, double}]’ at /usr/include/c++/15/bits/unique_ptr.h:1084:30,
    inlined from ‘void Amps::Marshall800::buildWDFTree()’ at /home/mm/map2-audio/juce-engine/WDFAmpPlugin/Source/Amps/Marshall800.h:65:66,
    inlined from ‘Amps::Marshall800::Marshall800()’ at /home/mm/map2-audio/juce-engine/WDFAmpPlugin/Source/Amps/Marshall800.h:25:21:
/home/mm/map2-audio/juce-engine/WDFAmpPlugin/Source/Amps/../WDF/WDFElements.h:281:34: warning: ‘this’ pointer is null [-Wnonnull]
  281 |         child->calcPortResistance();
      |         ~~~~~~~~~~~~~~~~~~~~~~~~~^~
In member function ‘virtual void WDF::WDFTransformer::calcPortResistance()’,
    inlined from ‘WDF::WDFTransformer::WDFTransformer(WDF::WDFElement*, double)’ at /home/mm/map2-audio/juce-engine/WDFAmpPlugin/Source/Amps/../WDF/WDFElements.h:277:27,
    inlined from ‘std::__detail::__unique_ptr_t<_Tp> std::make_unique(_Args&& ...) [with _Tp = WDF::WDFTransformer; _Args = {std::nullptr_t, double}]’ at /usr/include/c++/15/bits/unique_ptr.h:1084:30,
    inlined from ‘void Amps::MesaDualRectifier::buildWDFTree()’ at /home/mm/map2-audio/juce-engine/WDFAmpPlugin/Source/Amps/MesaDualRectifier.h:80:66:
/home/mm/map2-audio/juce-engine/WDFAmpPlugin/Source/Amps/../WDF/WDFElements.h:281:34: warning: ‘this’ pointer is null [-Wnonnull]
  281 |         child->calcPortResistance();
      |         ~~~~~~~~~~~~~~~~~~~~~~~~~^~
In member function ‘virtual void WDF::WDFTransformer::calcPortResistance()’,
    inlined from ‘WDF::WDFTransformer::WDFTransformer(WDF::WDFElement*, double)’ at /home/mm/map2-audio/juce-engine/WDFAmpPlugin/Source/Amps/../WDF/WDFElements.h:277:27,
    inlined from ‘std::__detail::__unique_ptr_t<_Tp> std::make_unique(_Args&& ...) [with _Tp = WDF::WDFTransformer; _Args = {std::nullptr_t, double}]’ at /usr/include/c++/15/bits/unique_ptr.h:1084:30,
    inlined from ‘void Amps::Peavey5150::buildWDFTree()’ at /home/mm/map2-audio/juce-engine/WDFAmpPlugin/Source/Amps/Peavey5150.h:57:66,
    inlined from ‘Amps::Peavey5150::Peavey5150()’ at /home/mm/map2-audio/juce-engine/WDFAmpPlugin/Source/Amps/Peavey5150.h:25:21,
    inlined from ‘WDFAmpAudioProcessor::WDFAmpAudioProcessor()’ at /home/mm/map2-audio/juce-engine/WDFAmpPlugin/Source/PluginProcessor.cpp:17:66:
/home/mm/map2-audio/juce-engine/WDFAmpPlugin/Source/Amps/../WDF/WDFElements.h:281:34: warning: ‘this’ pointer is null [-Wnonnull]
  281 |         child->calcPortResistance();
      |         ~~~~~~~~~~~~~~~~~~~~~~~~~^~
[ 67%] Building CXX object CMakeFiles/WDFAmpPlugin.dir/home/mm/map2-audio/juce-engine/build/_deps/juce-src/modules/juce_events/juce_events.cpp.o
In file included from /home/mm/map2-audio/juce-engine/build/_deps/juce-src/modules/juce_graphics/fonts/harfbuzz/hb-ot-cff1-table.cc:33,
                 from /home/mm/map2-audio/juce-engine/build/_deps/juce-src/modules/juce_graphics/fonts/harfbuzz/harfbuzz.cc:21,
                 from /home/mm/map2-audio/juce-engine/build/_deps/juce-src/modules/juce_graphics/juce_graphics_Harfbuzz.cpp:86:
/home/mm/map2-audio/juce-engine/build/_deps/juce-src/modules/juce_graphics/fonts/harfbuzz/hb-ot-cff1-table.hh: In member function ‘bool OT::cff1::accelerator_t::get_glyph_from_name(const char*, int, hb_codepoint_t*) const’:
/home/mm/map2-audio/juce-engine/build/_deps/juce-src/modules/juce_graphics/fonts/harfbuzz/hb-ot-cff1-table.hh:1440:60: warning: ‘void* calloc(size_t, size_t)’ sizes specified with ‘sizeof’ in the earlier argument and not in the later argument [-Wcalloc-transposed-args]
 1440 |         names = (hb_sorted_vector_t<gname_t> *) hb_calloc (sizeof (hb_sorted_vector_t<gname_t>), 1);
      |                                                            ^~~~~~~~~~~~~~~~~~~~~~~~~~~~~~~~~~~~
/home/mm/map2-audio/juce-engine/build/_deps/juce-src/modules/juce_graphics/fonts/harfbuzz/hb-ot-cff1-table.hh:1440:60: note: earlier argument should specify number of elements, later size of each element
In file included from /home/mm/map2-audio/juce-engine/build/_deps/juce-src/modules/juce_graphics/fonts/harfbuzz/hb.hh:541,
                 from /home/mm/map2-audio/juce-engine/build/_deps/juce-src/modules/juce_graphics/juce_graphics_Harfbuzz.cpp:85:
/home/mm/map2-audio/juce-engine/build/_deps/juce-src/modules/juce_graphics/fonts/harfbuzz/hb-object.hh: In instantiation of ‘bool hb_object_set_user_data(Type*, hb_user_data_key_t*, void*, hb_destroy_func_t, hb_bool_t) [with Type = hb_blob_t; hb_user_data_key_t = hb_user_data_key_t; hb_destroy_func_t = void (*)(void*); hb_bool_t = int]’:
/home/mm/map2-audio/juce-engine/build/_deps/juce-src/modules/juce_graphics/fonts/harfbuzz/hb-blob.cc:290:34:   required from here
  290 |   return hb_object_set_user_data (blob, key, data, destroy, replace);
      |          ~~~~~~~~~~~~~~~~~~~~~~~~^~~~~~~~~~~~~~~~~~~~~~~~~~~~~~~~~~~
/home/mm/map2-audio/juce-engine/build/_deps/juce-src/modules/juce_graphics/fonts/harfbuzz/hb-object.hh:328:53: warning: ‘void* calloc(size_t, size_t)’ sizes specified with ‘sizeof’ in the earlier argument and not in the later argument [-Wcalloc-transposed-args]
  328 |     user_data = (hb_user_data_array_t *) hb_calloc (sizeof (hb_user_data_array_t), 1);
      |                                                     ^~~~~~~~~~~~~~~~~~~~~~~~~~~~~
/home/mm/map2-audio/juce-engine/build/_deps/juce-src/modules/juce_graphics/fonts/harfbuzz/hb-object.hh:328:53: note: earlier argument should specify number of elements, later size of each element
/home/mm/map2-audio/juce-engine/build/_deps/juce-src/modules/juce_graphics/fonts/harfbuzz/hb-object.hh: In instantiation of ‘bool hb_object_set_user_data(Type*, hb_user_data_key_t*, void*, hb_destroy_func_t, hb_bool_t) [with Type = hb_buffer_t; hb_user_data_key_t = hb_user_data_key_t; hb_destroy_func_t = void (*)(void*); hb_bool_t = int]’:
/home/mm/map2-audio/juce-engine/build/_deps/juce-src/modules/juce_graphics/fonts/harfbuzz/hb-buffer.cc:872:34:   required from here
  872 |   return hb_object_set_user_data (buffer, key, data, destroy, replace);
      |          ~~~~~~~~~~~~~~~~~~~~~~~~^~~~~~~~~~~~~~~~~~~~~~~~~~~~~~~~~~~~~
/home/mm/map2-audio/juce-engine/build/_deps/juce-src/modules/juce_graphics/fonts/harfbuzz/hb-object.hh:328:53: warning: ‘void* calloc(size_t, size_t)’ sizes specified with ‘sizeof’ in the earlier argument and not in the later argument [-Wcalloc-transposed-args]
  328 |     user_data = (hb_user_data_array_t *) hb_calloc (sizeof (hb_user_data_array_t), 1);
      |                                                     ^~~~~~~~~~~~~~~~~~~~~~~~~~~~~
/home/mm/map2-audio/juce-engine/build/_deps/juce-src/modules/juce_graphics/fonts/harfbuzz/hb-object.hh:328:53: note: earlier argument should specify number of elements, later size of each element
/home/mm/map2-audio/juce-engine/build/_deps/juce-src/modules/juce_graphics/fonts/harfbuzz/hb-object.hh: In instantiation of ‘bool hb_object_set_user_data(Type*, hb_user_data_key_t*, void*, hb_destroy_func_t, hb_bool_t) [with Type = hb_draw_funcs_t; hb_user_data_key_t = hb_user_data_key_t; hb_destroy_func_t = void (*)(void*); hb_bool_t = int]’:
/home/mm/map2-audio/juce-engine/build/_deps/juce-src/modules/juce_graphics/fonts/harfbuzz/hb-draw.cc:288:34:   required from here
  288 |   return hb_object_set_user_data (dfuncs, key, data, destroy, replace);
      |          ~~~~~~~~~~~~~~~~~~~~~~~~^~~~~~~~~~~~~~~~~~~~~~~~~~~~~~~~~~~~~
/home/mm/map2-audio/juce-engine/build/_deps/juce-src/modules/juce_graphics/fonts/harfbuzz/hb-object.hh:328:53: warning: ‘void* calloc(size_t, size_t)’ sizes specified with ‘sizeof’ in the earlier argument and not in the later argument [-Wcalloc-transposed-args]
  328 |     user_data = (hb_user_data_array_t *) hb_calloc (sizeof (hb_user_data_array_t), 1);
      |                                                     ^~~~~~~~~~~~~~~~~~~~~~~~~~~~~
/home/mm/map2-audio/juce-engine/build/_deps/juce-src/modules/juce_graphics/fonts/harfbuzz/hb-object.hh:328:53: note: earlier argument should specify number of elements, later size of each element
/home/mm/map2-audio/juce-engine/build/_deps/juce-src/modules/juce_graphics/fonts/harfbuzz/hb-object.hh: In instantiation of ‘bool hb_object_set_user_data(Type*, hb_user_data_key_t*, void*, hb_destroy_func_t, hb_bool_t) [with Type = hb_face_t; hb_user_data_key_t = hb_user_data_key_t; hb_destroy_func_t = void (*)(void*); hb_bool_t = int]’:
/home/mm/map2-audio/juce-engine/build/_deps/juce-src/modules/juce_graphics/fonts/harfbuzz/hb-face.cc:336:34:   required from here
  336 |   return hb_object_set_user_data (face, key, data, destroy, replace);
      |          ~~~~~~~~~~~~~~~~~~~~~~~~^~~~~~~~~~~~~~~~~~~~~~~~~~~~~~~~~~~
/home/mm/map2-audio/juce-engine/build/_deps/juce-src/modules/juce_graphics/fonts/harfbuzz/hb-object.hh:328:53: warning: ‘void* calloc(size_t, size_t)’ sizes specified with ‘sizeof’ in the earlier argument and not in the later argument [-Wcalloc-transposed-args]
  328 |     user_data = (hb_user_data_array_t *) hb_calloc (sizeof (hb_user_data_array_t), 1);
      |                                                     ^~~~~~~~~~~~~~~~~~~~~~~~~~~~~
/home/mm/map2-audio/juce-engine/build/_deps/juce-src/modules/juce_graphics/fonts/harfbuzz/hb-object.hh:328:53: note: earlier argument should specify number of elements, later size of each element
/home/mm/map2-audio/juce-engine/build/_deps/juce-src/modules/juce_graphics/fonts/harfbuzz/hb-object.hh: In instantiation of ‘bool hb_object_set_user_data(Type*, hb_user_data_key_t*, void*, hb_destroy_func_t, hb_bool_t) [with Type = hb_font_funcs_t; hb_user_data_key_t = hb_user_data_key_t; hb_destroy_func_t = void (*)(void*); hb_bool_t = int]’:
/home/mm/map2-audio/juce-engine/build/_deps/juce-src/modules/juce_graphics/fonts/harfbuzz/hb-font.cc:815:34:   required from here
  815 |   return hb_object_set_user_data (ffuncs, key, data, destroy, replace);
      |          ~~~~~~~~~~~~~~~~~~~~~~~~^~~~~~~~~~~~~~~~~~~~~~~~~~~~~~~~~~~~~
/home/mm/map2-audio/juce-engine/build/_deps/juce-src/modules/juce_graphics/fonts/harfbuzz/hb-object.hh:328:53: warning: ‘void* calloc(size_t, size_t)’ sizes specified with ‘sizeof’ in the earlier argument and not in the later argument [-Wcalloc-transposed-args]
  328 |     user_data = (hb_user_data_array_t *) hb_calloc (sizeof (hb_user_data_array_t), 1);
      |                                                     ^~~~~~~~~~~~~~~~~~~~~~~~~~~~~
/home/mm/map2-audio/juce-engine/build/_deps/juce-src/modules/juce_graphics/fonts/harfbuzz/hb-object.hh:328:53: note: earlier argument should specify number of elements, later size of each element
/home/mm/map2-audio/juce-engine/build/_deps/juce-src/modules/juce_graphics/fonts/harfbuzz/hb-object.hh: In instantiation of ‘bool hb_object_set_user_data(Type*, hb_user_data_key_t*, void*, hb_destroy_func_t, hb_bool_t) [with Type = hb_font_t; hb_user_data_key_t = hb_user_data_key_t; hb_destroy_func_t = void (*)(void*); hb_bool_t = int]’:
/home/mm/map2-audio/juce-engine/build/_deps/juce-src/modules/juce_graphics/fonts/harfbuzz/hb-font.cc:2028:34:   required from here
 2028 |   return hb_object_set_user_data (font, key, data, destroy, replace);
      |          ~~~~~~~~~~~~~~~~~~~~~~~~^~~~~~~~~~~~~~~~~~~~~~~~~~~~~~~~~~~
/home/mm/map2-audio/juce-engine/build/_deps/juce-src/modules/juce_graphics/fonts/harfbuzz/hb-object.hh:328:53: warning: ‘void* calloc(size_t, size_t)’ sizes specified with ‘sizeof’ in the earlier argument and not in the later argument [-Wcalloc-transposed-args]
  328 |     user_data = (hb_user_data_array_t *) hb_calloc (sizeof (hb_user_data_array_t), 1);
      |                                                     ^~~~~~~~~~~~~~~~~~~~~~~~~~~~~
/home/mm/map2-audio/juce-engine/build/_deps/juce-src/modules/juce_graphics/fonts/harfbuzz/hb-object.hh:328:53: note: earlier argument should specify number of elements, later size of each element
/home/mm/map2-audio/juce-engine/build/_deps/juce-src/modules/juce_graphics/fonts/harfbuzz/hb-object.hh: In instantiation of ‘bool hb_object_set_user_data(Type*, hb_user_data_key_t*, void*, hb_destroy_func_t, hb_bool_t) [with Type = hb_map_t; hb_user_data_key_t = hb_user_data_key_t; hb_destroy_func_t = void (*)(void*); hb_bool_t = int]’:
/home/mm/map2-audio/juce-engine/build/_deps/juce-src/modules/juce_graphics/fonts/harfbuzz/hb-map.cc:132:34:   required from here
  132 |   return hb_object_set_user_data (map, key, data, destroy, replace);
      |          ~~~~~~~~~~~~~~~~~~~~~~~~^~~~~~~~~~~~~~~~~~~~~~~~~~~~~~~~~~
/home/mm/map2-audio/juce-engine/build/_deps/juce-src/modules/juce_graphics/fonts/harfbuzz/hb-object.hh:328:53: warning: ‘void* calloc(size_t, size_t)’ sizes specified with ‘sizeof’ in the earlier argument and not in the later argument [-Wcalloc-transposed-args]
  328 |     user_data = (hb_user_data_array_t *) hb_calloc (sizeof (hb_user_data_array_t), 1);
      |                                                     ^~~~~~~~~~~~~~~~~~~~~~~~~~~~~
/home/mm/map2-audio/juce-engine/build/_deps/juce-src/modules/juce_graphics/fonts/harfbuzz/hb-object.hh:328:53: note: earlier argument should specify number of elements, later size of each element
/home/mm/map2-audio/juce-engine/build/_deps/juce-src/modules/juce_graphics/fonts/harfbuzz/hb-object.hh: In instantiation of ‘bool hb_object_set_user_data(Type*, hb_user_data_key_t*, void*, hb_destroy_func_t, hb_bool_t) [with Type = hb_paint_funcs_t; hb_user_data_key_t = hb_user_data_key_t; hb_destroy_func_t = void (*)(void*); hb_bool_t = int]’:
/home/mm/map2-audio/juce-engine/build/_deps/juce-src/modules/juce_graphics/fonts/harfbuzz/hb-paint.cc:334:34:   required from here
  334 |   return hb_object_set_user_data (funcs, key, data, destroy, replace);
      |          ~~~~~~~~~~~~~~~~~~~~~~~~^~~~~~~~~~~~~~~~~~~~~~~~~~~~~~~~~~~~
/home/mm/map2-audio/juce-engine/build/_deps/juce-src/modules/juce_graphics/fonts/harfbuzz/hb-object.hh:328:53: warning: ‘void* calloc(size_t, size_t)’ sizes specified with ‘sizeof’ in the earlier argument and not in the later argument [-Wcalloc-transposed-args]
  328 |     user_data = (hb_user_data_array_t *) hb_calloc (sizeof (hb_user_data_array_t), 1);
      |                                                     ^~~~~~~~~~~~~~~~~~~~~~~~~~~~~
/home/mm/map2-audio/juce-engine/build/_deps/juce-src/modules/juce_graphics/fonts/harfbuzz/hb-object.hh:328:53: note: earlier argument should specify number of elements, later size of each element
/home/mm/map2-audio/juce-engine/build/_deps/juce-src/modules/juce_graphics/fonts/harfbuzz/hb-object.hh: In instantiation of ‘bool hb_object_set_user_data(Type*, hb_user_data_key_t*, void*, hb_destroy_func_t, hb_bool_t) [with Type = hb_set_t; hb_user_data_key_t = hb_user_data_key_t; hb_destroy_func_t = void (*)(void*); hb_bool_t = int]’:
/home/mm/map2-audio/juce-engine/build/_deps/juce-src/modules/juce_graphics/fonts/harfbuzz/hb-set.cc:132:34:   required from here
  132 |   return hb_object_set_user_data (set, key, data, destroy, replace);
      |          ~~~~~~~~~~~~~~~~~~~~~~~~^~~~~~~~~~~~~~~~~~~~~~~~~~~~~~~~~~
/home/mm/map2-audio/juce-engine/build/_deps/juce-src/modules/juce_graphics/fonts/harfbuzz/hb-object.hh:328:53: warning: ‘void* calloc(size_t, size_t)’ sizes specified with ‘sizeof’ in the earlier argument and not in the later argument [-Wcalloc-transposed-args]
  328 |     user_data = (hb_user_data_array_t *) hb_calloc (sizeof (hb_user_data_array_t), 1);
      |                                                     ^~~~~~~~~~~~~~~~~~~~~~~~~~~~~
/home/mm/map2-audio/juce-engine/build/_deps/juce-src/modules/juce_graphics/fonts/harfbuzz/hb-object.hh:328:53: note: earlier argument should specify number of elements, later size of each element
/home/mm/map2-audio/juce-engine/build/_deps/juce-src/modules/juce_graphics/fonts/harfbuzz/hb-object.hh: In instantiation of ‘bool hb_object_set_user_data(Type*, hb_user_data_key_t*, void*, hb_destroy_func_t, hb_bool_t) [with Type = hb_shape_plan_t; hb_user_data_key_t = hb_user_data_key_t; hb_destroy_func_t = void (*)(void*); hb_bool_t = int]’:
/home/mm/map2-audio/juce-engine/build/_deps/juce-src/modules/juce_graphics/fonts/harfbuzz/hb-shape-plan.cc:347:34:   required from here
  347 |   return hb_object_set_user_data (shape_plan, key, data, destroy, replace);
      |          ~~~~~~~~~~~~~~~~~~~~~~~~^~~~~~~~~~~~~~~~~~~~~~~~~~~~~~~~~~~~~~~~~
/home/mm/map2-audio/juce-engine/build/_deps/juce-src/modules/juce_graphics/fonts/harfbuzz/hb-object.hh:328:53: warning: ‘void* calloc(size_t, size_t)’ sizes specified with ‘sizeof’ in the earlier argument and not in the later argument [-Wcalloc-transposed-args]
  328 |     user_data = (hb_user_data_array_t *) hb_calloc (sizeof (hb_user_data_array_t), 1);
      |                                                     ^~~~~~~~~~~~~~~~~~~~~~~~~~~~~
/home/mm/map2-audio/juce-engine/build/_deps/juce-src/modules/juce_graphics/fonts/harfbuzz/hb-object.hh:328:53: note: earlier argument should specify number of elements, later size of each element
/home/mm/map2-audio/juce-engine/build/_deps/juce-src/modules/juce_graphics/fonts/harfbuzz/hb-object.hh: In instantiation of ‘bool hb_object_set_user_data(Type*, hb_user_data_key_t*, void*, hb_destroy_func_t, hb_bool_t) [with Type = hb_unicode_funcs_t; hb_user_data_key_t = hb_user_data_key_t; hb_destroy_func_t = void (*)(void*); hb_bool_t = int]’:
/home/mm/map2-audio/juce-engine/build/_deps/juce-src/modules/juce_graphics/fonts/harfbuzz/hb-unicode.cc:295:34:   required from here
  295 |   return hb_object_set_user_data (ufuncs, key, data, destroy, replace);
      |          ~~~~~~~~~~~~~~~~~~~~~~~~^~~~~~~~~~~~~~~~~~~~~~~~~~~~~~~~~~~~~
/home/mm/map2-audio/juce-engine/build/_deps/juce-src/modules/juce_graphics/fonts/harfbuzz/hb-object.hh:328:53: warning: ‘void* calloc(size_t, size_t)’ sizes specified with ‘sizeof’ in the earlier argument and not in the later argument [-Wcalloc-transposed-args]
  328 |     user_data = (hb_user_data_array_t *) hb_calloc (sizeof (hb_user_data_array_t), 1);
      |                                                     ^~~~~~~~~~~~~~~~~~~~~~~~~~~~~
/home/mm/map2-audio/juce-engine/build/_deps/juce-src/modules/juce_graphics/fonts/harfbuzz/hb-object.hh:328:53: note: earlier argument should specify number of elements, later size of each element
[ 71%] Building CXX object CMakeFiles/WDFAmpPlugin.dir/home/mm/map2-audio/juce-engine/build/_deps/juce-src/modules/juce_core/juce_core.cpp.o
[ 75%] Building CXX object CMakeFiles/WDFAmpPlugin.dir/home/mm/map2-audio/juce-engine/build/_deps/juce-src/modules/juce_core/juce_core_CompilationTime.cpp.o
[ 78%] Building CXX object CMakeFiles/WDFAmpPlugin.dir/home/mm/map2-audio/juce-engine/build/_deps/juce-src/modules/juce_data_structures/juce_data_structures.cpp.o
[ 82%] Building CXX object CMakeFiles/WDFAmpPlugin.dir/home/mm/map2-audio/juce-engine/build/_deps/juce-src/modules/juce_audio_basics/juce_audio_basics.cpp.o
[ 85%] Building CXX object CMakeFiles/WDFAmpPlugin.dir/home/mm/map2-audio/juce-engine/build/_deps/juce-src/modules/juce_audio_utils/juce_audio_utils.cpp.o
[ 89%] Building CXX object CMakeFiles/WDFAmpPlugin.dir/home/mm/map2-audio/juce-engine/build/_deps/juce-src/modules/juce_audio_formats/juce_audio_formats.cpp.o
[ 92%] Building CXX object CMakeFiles/WDFAmpPlugin.dir/home/mm/map2-audio/juce-engine/build/_deps/juce-src/modules/juce_audio_devices/juce_audio_devices.cpp.o
[ 96%] Building CXX object CMakeFiles/WDFAmpPlugin.dir/home/mm/map2-audio/juce-engine/build/_deps/juce-src/modules/juce_dsp/juce_dsp.cpp.o
In file included from /home/mm/map2-audio/juce-engine/build/_deps/juce-src/modules/juce_graphics/fonts/harfbuzz/harfbuzz.cc:5:
/home/mm/map2-audio/juce-engine/build/_deps/juce-src/modules/juce_graphics/fonts/harfbuzz/hb-buffer-verify.cc: In member function ‘bool hb_buffer_t::verify(hb_buffer_t*, hb_font_t*, const hb_feature_t*, unsigned int, const char* const*)’:
/home/mm/map2-audio/juce-engine/build/_deps/juce-src/modules/juce_graphics/fonts/harfbuzz/hb-buffer-verify.cc:34:29: warning: ‘%s’ directive argument is null [-Wformat-overflow=]
   34 | #define BUFFER_VERIFY_ERROR "buffer verify error: "
      |                             ^
/home/mm/map2-audio/juce-engine/build/_deps/juce-src/modules/juce_graphics/fonts/harfbuzz/hb-buffer-verify.cc:415:40: note: in expansion of macro ‘BUFFER_VERIFY_ERROR’
  415 |       buffer_verify_error (this, font, BUFFER_VERIFY_ERROR "text was: %s.", bytes.arrayZ);
      |                                        ^~~~~~~~~~~~~~~~~~~
[100%] Linking CXX static library "WDFAmpPlugin_artefacts/Release/libWDF Amp Simulator_SharedCode.a"
[100%] Built target WDFAmpPlugin
