[2026-01-19 16:39:22] =========================================
[2026-01-19 16:39:22] MAP2 Audio Platform - System Check
[2026-01-19 16:39:22] =========================================
[0;34m→[0m Checking working directory...
[0;32m✓[0m MAP2 directory exists: /home/mm/map2-audio
[0;34m→[0m Creating required directories...
[0;32m✓[0m All directories created
[0;34m→[0m Setting permissions...
[0;32m✓[0m Permissions set
[0;34m→[0m Checking Python environment...
[0;32m✓[0m Python found: Python 3.14.2
[0;34m→[0m Checking Python modules...
[0;32m✓[0m Module available: fastapi
[0;32m✓[0m Module available: uvicorn
[0;32m✓[0m Module available: sqlalchemy
[0;32m✓[0m Module available: aiosqlite
[0;34m→[0m Checking database...
[0;32m✓[0m Database exists: /home/mm/map2-audio/data/map2.db (57344 bytes)
[0;34m→[0m Checking network...
[1;33m⚠[0m Port 8080 already in use - backend may fail to start
[0;34m→[0m Checking audio system...
[0;32m✓[0m Audio devices detected: 1
[0;34m→[0m Checking MIDI system...
[0;32m✓[0m MIDI devices detected: 4
[0;34m→[0m Checking RT configuration...
[0;34m→[0m Checking web dashboard...
[0;32m✓[0m Web dashboard found
[0;32m✓[0m Node modules installed
[2026-01-19 16:39:23] =========================================
[0;32m✓[0m System check completed successfully
[2026-01-19 16:39:23] =========================================
[2026-01-19 16:39:23] Backend ready to start on port 8080
[2026-01-19 16:39:23] Web dashboard ready on port 3000
[2026-01-19 16:39:23] Log file: /home/mm/map2-audio/logs/system-check.log
[2026-01-19 16:39:23] =========================================
[2026-01-19 16:44:08] =========================================
[2026-01-19 16:44:08] MAP2 Audio Platform - System Check
[2026-01-19 16:44:08] =========================================
[0;34m→[0m Checking working directory...
[0;32m✓[0m MAP2 directory exists: /home/mm/map2-audio
[0;34m→[0m Creating required directories...
[0;32m✓[0m All directories created
[0;34m→[0m Setting permissions...
[0;32m✓[0m Permissions set
[0;34m→[0m Checking Python environment...
[0;32m✓[0m Python found: Python 3.14.2
[0;34m→[0m Checking Python modules...
[0;32m✓[0m Module available: fastapi
[0;32m✓[0m Module available: uvicorn
[0;32m✓[0m Module available: sqlalchemy
[0;32m✓[0m Module available: aiosqlite
[0;34m→[0m Checking database...
[0;32m✓[0m Database exists: /home/mm/map2-audio/data/map2.db (57344 bytes)
[0;34m→[0m Checking network...
[1;33m⚠[0m Port 8080 already in use - backend may fail to start
[0;34m→[0m Checking audio system...
[0;32m✓[0m Audio devices detected: 1
[0;34m→[0m Checking MIDI system...
[0;32m✓[0m MIDI devices detected: 4
[0;34m→[0m Checking RT configuration...
[0;34m→[0m Checking web dashboard...
[0;32m✓[0m Web dashboard found
[0;32m✓[0m Node modules installed
[2026-01-19 16:44:10] =========================================
[0;32m✓[0m System check completed successfully
[2026-01-19 16:44:10] =========================================
[2026-01-19 16:44:10] Backend ready to start on port 8080
[2026-01-19 16:44:10] Web dashboard ready on port 3000
[2026-01-19 16:44:10] Log file: /home/mm/map2-audio/logs/system-check.log
[2026-01-19 16:44:10] =========================================
[2026-01-19 16:45:17] =========================================
[2026-01-19 16:45:17] MAP2 Audio Platform - System Check
[2026-01-19 16:45:17] =========================================
[0;34m→[0m Checking working directory...
[0;32m✓[0m MAP2 directory exists: /home/mm/map2-audio
[0;34m→[0m Creating required directories...
[0;32m✓[0m All directories created
[0;34m→[0m Setting permissions...
[0;32m✓[0m Permissions set
[0;34m→[0m Checking Python environment...
[0;32m✓[0m Python found: Python 3.14.2
[0;34m→[0m Checking Python modules...
[0;32m✓[0m Module available: fastapi
[0;32m✓[0m Module available: uvicorn
[0;32m✓[0m Module available: sqlalchemy
[0;32m✓[0m Module available: aiosqlite
[0;34m→[0m Checking database...
[0;32m✓[0m Database exists: /home/mm/map2-audio/data/map2.db (57344 bytes)
[0;34m→[0m Checking network...
[1;33m⚠[0m Port 8080 already in use - backend may fail to start
[0;34m→[0m Checking audio system...
[0;32m✓[0m Audio devices detected: 1
[0;34m→[0m Checking MIDI system...
[0;32m✓[0m MIDI devices detected: 4
[0;34m→[0m Checking RT configuration...
[0;34m→[0m Checking web dashboard...
[0;32m✓[0m Web dashboard found
[0;32m✓[0m Node modules installed
[2026-01-19 16:45:18] =========================================
[0;32m✓[0m System check completed successfully
[2026-01-19 16:45:18] =========================================
[2026-01-19 16:45:18] Backend ready to start on port 8080
[2026-01-19 16:45:18] Web dashboard ready on port 3000
[2026-01-19 16:45:18] Log file: /home/mm/map2-audio/logs/system-check.log
[2026-01-19 16:45:18] =========================================
[2026-01-19 17:21:11] =========================================
[2026-01-19 17:21:11] MAP2 Audio Platform - System Check
[2026-01-19 17:21:11] =========================================
[0;34m→[0m Checking working directory...
[0;32m✓[0m MAP2 directory exists: /home/mm/map2-audio
[0;34m→[0m Creating required directories...
[0;32m✓[0m All directories created
[0;34m→[0m Setting permissions...
[0;32m✓[0m Permissions set
[0;34m→[0m Checking Python environment...
[0;32m✓[0m Python found: Python 3.14.2
[0;34m→[0m Checking Python modules...
[0;32m✓[0m Module available: fastapi
[0;32m✓[0m Module available: uvicorn
[0;32m✓[0m Module available: sqlalchemy
[0;32m✓[0m Module available: aiosqlite
[0;34m→[0m Checking database...
[0;32m✓[0m Database exists: /home/mm/map2-audio/data/map2.db (57344 bytes)
[0;34m→[0m Checking network...
[1;33m⚠[0m Port 8080 already in use - backend may fail to start
[0;34m→[0m Checking audio system...
[0;32m✓[0m Audio devices detected: 1
[0;34m→[0m Checking MIDI system...
[0;32m✓[0m MIDI devices detected: 4
[0;34m→[0m Checking RT configuration...
[0;34m→[0m Checking web dashboard...
[0;32m✓[0m Web dashboard found
[0;32m✓[0m Node modules installed
[2026-01-19 17:21:12] =========================================
[0;32m✓[0m System check completed successfully
[2026-01-19 17:21:12] =========================================
[2026-01-19 17:21:12] Backend ready to start on port 8080
[2026-01-19 17:21:12] Web dashboard ready on port 3000
[2026-01-19 17:21:12] Log file: /home/mm/map2-audio/logs/system-check.log
[2026-01-19 17:21:12] =========================================
[2026-01-19 17:36:47] =========================================
[2026-01-19 17:36:47] MAP2 Audio Platform - System Check
[2026-01-19 17:36:47] =========================================
[0;34m→[0m Checking working directory...
[0;32m✓[0m MAP2 directory exists: /home/mm/map2-audio
[0;34m→[0m Creating required directories...
[0;32m✓[0m All directories created
[0;34m→[0m Setting permissions...
[0;32m✓[0m Permissions set
[0;34m→[0m Checking Python environment...
[0;32m✓[0m Python found: Python 3.14.2
[0;34m→[0m Checking Python modules...
[0;32m✓[0m Module available: fastapi
[0;32m✓[0m Module available: uvicorn
[0;32m✓[0m Module available: sqlalchemy
[0;32m✓[0m Module available: aiosqlite
[0;34m→[0m Checking database...
[0;32m✓[0m Database exists: /home/mm/map2-audio/data/map2.db (57344 bytes)
[0;34m→[0m Checking network...
[0;32m✓[0m Port 8080 available
[0;34m→[0m Checking audio system...
[0;32m✓[0m Audio devices detected: 1
[0;34m→[0m Checking MIDI system...
[0;32m✓[0m MIDI devices detected: 2
[0;34m→[0m Checking RT configuration...
[0;34m→[0m Checking web dashboard...
[0;32m✓[0m Web dashboard found
[0;32m✓[0m Node modules installed
[2026-01-19 17:36:48] =========================================
[0;32m✓[0m System check completed successfully
[2026-01-19 17:36:48] =========================================
[2026-01-19 17:36:48] Backend ready to start on port 8080
[2026-01-19 17:36:48] Web dashboard ready on port 3000
[2026-01-19 17:36:48] Log file: /home/mm/map2-audio/logs/system-check.log
[2026-01-19 17:36:48] =========================================
[2026-01-19 17:55:53] =========================================
[2026-01-19 17:55:53] MAP2 Audio Platform - System Check
[2026-01-19 17:55:53] =========================================
[0;34m→[0m Checking working directory...
[0;32m✓[0m MAP2 directory exists: /home/mm/map2-audio
[0;34m→[0m Creating required directories...
[0;32m✓[0m All directories created
[0;34m→[0m Setting permissions...
[0;32m✓[0m Permissions set
[0;34m→[0m Checking Python environment...
[0;32m✓[0m Python found: Python 3.14.2
[0;34m→[0m Checking Python modules...
[0;32m✓[0m Module available: fastapi
[0;32m✓[0m Module available: uvicorn
[0;32m✓[0m Module available: sqlalchemy
[0;32m✓[0m Module available: aiosqlite
[0;34m→[0m Checking database...
[0;32m✓[0m Database exists: /home/mm/map2-audio/data/map2.db (57344 bytes)
[0;34m→[0m Checking network...
[0;32m✓[0m Port 8080 available
[0;34m→[0m Checking audio system...
[0;32m✓[0m Audio devices detected: 1
[0;34m→[0m Checking MIDI system...
[0;32m✓[0m MIDI devices detected: 2
[0;34m→[0m Checking RT configuration...
[0;34m→[0m Checking web dashboard...
[0;32m✓[0m Web dashboard found
[0;32m✓[0m Node modules installed
[2026-01-19 17:55:54] =========================================
[0;32m✓[0m System check completed successfully
[2026-01-19 17:55:54] =========================================
[2026-01-19 17:55:54] Backend ready to start on port 8080
[2026-01-19 17:55:54] Web dashboard ready on port 3000
[2026-01-19 17:55:54] Log file: /home/mm/map2-audio/logs/system-check.log
[2026-01-19 17:55:54] =========================================
[2026-01-19 19:31:12] =========================================
[2026-01-19 19:31:12] MAP2 Audio Platform - System Check
[2026-01-19 19:31:12] =========================================
[0;34m→[0m Checking working directory...
[0;32m✓[0m MAP2 directory exists: /home/mm/map2-audio
[0;34m→[0m Creating required directories...
[0;32m✓[0m All directories created
[0;34m→[0m Setting permissions...
[0;32m✓[0m Permissions set
[0;34m→[0m Checking Python environment...
[0;32m✓[0m Python found: Python 3.14.2
[0;34m→[0m Checking Python modules...
[0;32m✓[0m Module available: fastapi
[0;32m✓[0m Module available: uvicorn
[0;32m✓[0m Module available: sqlalchemy
[0;32m✓[0m Module available: aiosqlite
[0;34m→[0m Checking database...
[0;32m✓[0m Database exists: /home/mm/map2-audio/data/map2.db (57344 bytes)
[0;34m→[0m Checking network...
[0;32m✓[0m Port 8080 available
[0;34m→[0m Checking audio system...
[0;32m✓[0m Audio devices detected: 1
[0;34m→[0m Checking MIDI system...
[0;32m✓[0m MIDI devices detected: 2
[0;34m→[0m Checking RT configuration...
[0;34m→[0m Checking web dashboard...
[0;32m✓[0m Web dashboard found
[0;32m✓[0m Node modules installed
[2026-01-19 19:31:13] =========================================
[0;32m✓[0m System check completed successfully
[2026-01-19 19:31:13] =========================================
[2026-01-19 19:31:13] Backend ready to start on port 8080
[2026-01-19 19:31:13] Web dashboard ready on port 3000
[2026-01-19 19:31:13] Log file: /home/mm/map2-audio/logs/system-check.log
[2026-01-19 19:31:13] =========================================
[2026-01-19 20:08:00] =========================================
[2026-01-19 20:08:00] MAP2 Audio Platform - System Check
[2026-01-19 20:08:00] =========================================
[0;34m→[0m Checking working directory...
[0;32m✓[0m MAP2 directory exists: /home/mm/map2-audio
[0;34m→[0m Creating required directories...
[0;32m✓[0m All directories created
[0;34m→[0m Setting permissions...
[0;32m✓[0m Permissions set
[0;34m→[0m Checking Python environment...
[0;32m✓[0m Python found: Python 3.14.2
[0;34m→[0m Checking Python modules...
[0;32m✓[0m Module available: fastapi
[0;32m✓[0m Module available: uvicorn
[0;32m✓[0m Module available: sqlalchemy
[0;32m✓[0m Module available: aiosqlite
[0;34m→[0m Checking database...
[0;32m✓[0m Database exists: /home/mm/map2-audio/data/map2.db (57344 bytes)
[0;34m→[0m Checking network...
[0;32m✓[0m Port 8080 available
[0;34m→[0m Checking audio system...
[0;32m✓[0m Audio devices detected: 1
[0;34m→[0m Checking MIDI system...
[0;32m✓[0m MIDI devices detected: 2
[0;34m→[0m Checking RT configuration...
[0;34m→[0m Checking web dashboard...
[0;32m✓[0m Web dashboard found
[0;32m✓[0m Node modules installed
[2026-01-19 20:08:01] =========================================
[0;32m✓[0m System check completed successfully
[2026-01-19 20:08:01] =========================================
[2026-01-19 20:08:01] Backend ready to start on port 8080
[2026-01-19 20:08:01] Web dashboard ready on port 3000
[2026-01-19 20:08:01] Log file: /home/mm/map2-audio/logs/system-check.log
[2026-01-19 20:08:01] =========================================
[2026-01-19 21:35:54] =========================================
[2026-01-19 21:35:54] MAP2 Audio Platform - System Check
[2026-01-19 21:35:54] =========================================
[0;34m→[0m Checking working directory...
[0;32m✓[0m MAP2 directory exists: /home/mm/map2-audio
[0;34m→[0m Creating required directories...
[0;32m✓[0m All directories created
[0;34m→[0m Setting permissions...
[0;32m✓[0m Permissions set
[0;34m→[0m Checking Python environment...
[0;32m✓[0m Python found: Python 3.14.2
[0;34m→[0m Checking Python modules...
[0;32m✓[0m Module available: fastapi
[0;32m✓[0m Module available: uvicorn
[0;32m✓[0m Module available: sqlalchemy
[0;32m✓[0m Module available: aiosqlite
[0;34m→[0m Checking database...
[0;32m✓[0m Database exists: /home/mm/map2-audio/data/map2.db (57344 bytes)
[0;34m→[0m Checking network...
[0;32m✓[0m Port 8080 available
[0;34m→[0m Checking audio system...
[0;32m✓[0m Audio devices detected: 1
[0;34m→[0m Checking MIDI system...
[0;32m✓[0m MIDI devices detected: 2
[0;34m→[0m Checking RT configuration...
[0;34m→[0m Checking web dashboard...
[0;32m✓[0m Web dashboard found
[0;32m✓[0m Node modules installed
[2026-01-19 21:35:55] =========================================
[0;32m✓[0m System check completed successfully
[2026-01-19 21:35:55] =========================================
[2026-01-19 21:35:55] Backend ready to start on port 8080
[2026-01-19 21:35:55] Web dashboard ready on port 3000
[2026-01-19 21:35:55] Log file: /home/mm/map2-audio/logs/system-check.log
[2026-01-19 21:35:55] =========================================
[2026-01-20 00:12:38] =========================================
[2026-01-20 00:12:38] MAP2 Audio Platform - System Check
[2026-01-20 00:12:38] =========================================
[0;34m→[0m Checking working directory...
[0;32m✓[0m MAP2 directory exists: /home/mm/map2-audio
[0;34m→[0m Creating required directories...
[0;32m✓[0m All directories created
[0;34m→[0m Setting permissions...
[0;32m✓[0m Permissions set
[0;34m→[0m Checking Python environment...
[0;32m✓[0m Python found: Python 3.14.2
[0;34m→[0m Checking Python modules...
[0;32m✓[0m Module available: fastapi
[0;32m✓[0m Module available: uvicorn
[0;32m✓[0m Module available: sqlalchemy
[0;32m✓[0m Module available: aiosqlite
[0;34m→[0m Checking database...
[0;32m✓[0m Database exists: /home/mm/map2-audio/data/map2.db (57344 bytes)
[0;34m→[0m Checking network...
[0;32m✓[0m Port 8080 available
[0;34m→[0m Checking audio system...
[0;32m✓[0m Audio devices detected: 1
[0;34m→[0m Checking MIDI system...
[0;32m✓[0m MIDI devices detected: 2
[0;34m→[0m Checking RT configuration...
[0;34m→[0m Checking web dashboard...
[0;32m✓[0m Web dashboard found
[0;32m✓[0m Node modules installed
[2026-01-20 00:12:39] =========================================
[0;32m✓[0m System check completed successfully
[2026-01-20 00:12:39] =========================================
[2026-01-20 00:12:39] Backend ready to start on port 8080
[2026-01-20 00:12:39] Web dashboard ready on port 3000
[2026-01-20 00:12:39] Log file: /home/mm/map2-audio/logs/system-check.log
[2026-01-20 00:12:39] =========================================
[2026-01-20 12:16:14] =========================================
[2026-01-20 12:16:14] MAP2 Audio Platform - System Check
[2026-01-20 12:16:14] =========================================
[0;34m→[0m Checking working directory...
[0;32m✓[0m MAP2 directory exists: /home/mm/map2-audio
[0;34m→[0m Creating required directories...
[0;32m✓[0m All directories created
[0;34m→[0m Setting permissions...
[0;32m✓[0m Permissions set
[0;34m→[0m Checking Python environment...
[0;32m✓[0m Python found: Python 3.14.2
[0;34m→[0m Checking Python modules...
[0;32m✓[0m Module available: fastapi
[0;32m✓[0m Module available: uvicorn
[0;32m✓[0m Module available: sqlalchemy
[0;32m✓[0m Module available: aiosqlite
[0;34m→[0m Checking database...
[0;32m✓[0m Database exists: /home/mm/map2-audio/data/map2.db (57344 bytes)
[0;34m→[0m Checking network...
[0;32m✓[0m Port 8080 available
[0;34m→[0m Checking audio system...
[0;32m✓[0m Audio devices detected: 1
[0;34m→[0m Checking MIDI system...
[0;32m✓[0m MIDI devices detected: 2
[0;34m→[0m Checking RT configuration...
[0;34m→[0m Checking web dashboard...
[0;32m✓[0m Web dashboard found
[0;32m✓[0m Node modules installed
[2026-01-20 12:16:15] =========================================
[0;32m✓[0m System check completed successfully
[2026-01-20 12:16:15] =========================================
[2026-01-20 12:16:15] Backend ready to start on port 8080
[2026-01-20 12:16:15] Web dashboard ready on port 3000
[2026-01-20 12:16:15] Log file: /home/mm/map2-audio/logs/system-check.log
[2026-01-20 12:16:15] =========================================
[2026-01-20 19:42:07] =========================================
[2026-01-20 19:42:07] MAP2 Audio Platform - System Check
[2026-01-20 19:42:07] =========================================
[0;34m→[0m Checking working directory...
[0;32m✓[0m MAP2 directory exists: /home/mm/map2-audio
[0;34m→[0m Creating required directories...
[0;32m✓[0m All directories created
[0;34m→[0m Setting permissions...
[0;32m✓[0m Permissions set
[0;34m→[0m Checking Python environment...
[0;32m✓[0m Python found: Python 3.14.2
[0;34m→[0m Checking Python modules...
[0;32m✓[0m Module available: fastapi
[0;32m✓[0m Module available: uvicorn
[0;32m✓[0m Module available: sqlalchemy
[0;32m✓[0m Module available: aiosqlite
[0;34m→[0m Checking database...
[0;32m✓[0m Database exists: /home/mm/map2-audio/data/map2.db (57344 bytes)
[0;34m→[0m Checking network...
[0;32m✓[0m Port 8080 available
[0;34m→[0m Checking audio system...
[0;32m✓[0m Audio devices detected: 1
[0;34m→[0m Checking MIDI system...
[0;32m✓[0m MIDI devices detected: 2
[0;34m→[0m Checking RT configuration...
[0;34m→[0m Checking web dashboard...
[0;32m✓[0m Web dashboard found
[0;32m✓[0m Node modules installed
[2026-01-20 19:42:08] =========================================
[0;32m✓[0m System check completed successfully
[2026-01-20 19:42:08] =========================================
[2026-01-20 19:42:08] Backend ready to start on port 8080
[2026-01-20 19:42:08] Web dashboard ready on port 3000
[2026-01-20 19:42:08] Log file: /home/mm/map2-audio/logs/system-check.log
[2026-01-20 19:42:08] =========================================
[2026-01-20 20:02:20] =========================================
[2026-01-20 20:02:20] MAP2 Audio Platform - System Check
[2026-01-20 20:02:20] =========================================
[0;34m→[0m Checking working directory...
[0;32m✓[0m MAP2 directory exists: /home/mm/map2-audio
[0;34m→[0m Creating required directories...
[0;32m✓[0m All directories created
[0;34m→[0m Setting permissions...
[0;32m✓[0m Permissions set
[0;34m→[0m Checking Python environment...
[0;32m✓[0m Python found: Python 3.14.2
[0;34m→[0m Checking Python modules...
[0;32m✓[0m Module available: fastapi
[0;32m✓[0m Module available: uvicorn
[0;32m✓[0m Module available: sqlalchemy
[0;32m✓[0m Module available: aiosqlite
[0;34m→[0m Checking database...
[1;33m⚠[0m Database not found - will be created on first run
[0;34m→[0m Checking network...
[0;32m✓[0m Port 8080 available
[0;34m→[0m Checking audio system...
[0;32m✓[0m Audio devices detected: 1
[0;34m→[0m Checking MIDI system...
[0;32m✓[0m MIDI devices detected: 2
[0;34m→[0m Checking RT configuration...
[0;34m→[0m Checking web dashboard...
[0;32m✓[0m Web dashboard found
[0;32m✓[0m Node modules installed
[2026-01-20 20:02:21] =========================================
[0;32m✓[0m System check completed successfully
[2026-01-20 20:02:21] =========================================
[2026-01-20 20:02:21] Backend ready to start on port 8080
[2026-01-20 20:02:21] Web dashboard ready on port 3000
[2026-01-20 20:02:21] Log file: /home/mm/map2-audio/logs/system-check.log
[2026-01-20 20:02:21] =========================================
[2026-01-26 11:49:03] =========================================
[2026-01-26 11:49:03] MAP2 Audio Platform - System Check
[2026-01-26 11:49:03] =========================================
[0;34m→[0m Checking working directory...
[0;32m✓[0m MAP2 directory exists: /home/mm/map2-audio
[0;34m→[0m Creating required directories...
[0;32m✓[0m All directories created
[0;34m→[0m Setting permissions...
[0;32m✓[0m Permissions set
[0;34m→[0m Checking Python environment...
[0;32m✓[0m Python found: Python 3.14.2
[0;34m→[0m Checking Python modules...
[0;32m✓[0m Module available: fastapi
[0;32m✓[0m Module available: uvicorn
[0;32m✓[0m Module available: sqlalchemy
[0;32m✓[0m Module available: aiosqlite
[0;34m→[0m Checking database...
[0;32m✓[0m Database exists: /home/mm/map2-audio/data/map2.db (1290240 bytes)
[0;34m→[0m Checking network...
[0;32m✓[0m Port 8080 available
[0;34m→[0m Checking audio system...
[0;32m✓[0m Audio devices detected: 1
[0;34m→[0m Checking MIDI system...
[0;32m✓[0m MIDI devices detected: 2
[0;34m→[0m Checking RT configuration...
[0;34m→[0m Checking web dashboard...
[0;32m✓[0m Web dashboard found
[0;32m✓[0m Node modules installed
[2026-01-26 11:49:05] =========================================
[0;32m✓[0m System check completed successfully
[2026-01-26 11:49:05] =========================================
[2026-01-26 11:49:05] Backend ready to start on port 8080
[2026-01-26 11:49:05] Web dashboard ready on port 3000
[2026-01-26 11:49:05] Log file: /home/mm/map2-audio/logs/system-check.log
[2026-01-26 11:49:05] =========================================
[2026-01-26 12:32:39] =========================================
[2026-01-26 12:32:39] MAP2 Audio Platform - System Check
[2026-01-26 12:32:39] =========================================
[0;34m→[0m Checking working directory...
[0;32m✓[0m MAP2 directory exists: /home/mm/map2-audio
[0;34m→[0m Creating required directories...
[0;32m✓[0m All directories created
[0;34m→[0m Setting permissions...
[0;32m✓[0m Permissions set
[0;34m→[0m Checking Python environment...
[0;32m✓[0m Python found: Python 3.14.2
[0;34m→[0m Checking Python modules...
[0;32m✓[0m Module available: fastapi
[0;32m✓[0m Module available: uvicorn
[0;32m✓[0m Module available: sqlalchemy
[0;32m✓[0m Module available: aiosqlite
[0;34m→[0m Checking database...
[0;32m✓[0m Database exists: /home/mm/map2-audio/data/map2.db (1290240 bytes)
[0;34m→[0m Checking network...
[0;32m✓[0m Port 8080 available
[0;34m→[0m Checking audio system...
[0;32m✓[0m Audio devices detected: 1
[0;34m→[0m Checking MIDI system...
[0;32m✓[0m MIDI devices detected: 2
[0;34m→[0m Checking RT configuration...
[0;34m→[0m Checking web dashboard...
[0;32m✓[0m Web dashboard found
[0;32m✓[0m Node modules installed
[2026-01-26 12:32:41] =========================================
[0;32m✓[0m System check completed successfully
[2026-01-26 12:32:41] =========================================
[2026-01-26 12:32:41] Backend ready to start on port 8080
[2026-01-26 12:32:41] Web dashboard ready on port 3000
[2026-01-26 12:32:41] Log file: /home/mm/map2-audio/logs/system-check.log
[2026-01-26 12:32:41] =========================================
[2026-01-29 14:42:19] =========================================
[2026-01-29 14:42:19] MAP2 Audio Platform - System Check
[2026-01-29 14:42:19] =========================================
[0;34m→[0m Checking working directory...
[0;32m✓[0m MAP2 directory exists: /home/mm/map2-audio
[0;34m→[0m Creating required directories...
[0;32m✓[0m All directories created
[0;34m→[0m Setting permissions...
[0;32m✓[0m Permissions set
[0;34m→[0m Checking Python environment...
[0;32m✓[0m Python found: Python 3.14.2
[0;34m→[0m Checking Python modules...
[0;32m✓[0m Module available: fastapi
[0;32m✓[0m Module available: uvicorn
[0;32m✓[0m Module available: sqlalchemy
[0;32m✓[0m Module available: aiosqlite
[0;34m→[0m Checking database...
[0;32m✓[0m Database exists: /home/mm/map2-audio/data/map2.db (1290240 bytes)
[0;34m→[0m Checking network...
[0;32m✓[0m Port 8080 available
[0;34m→[0m Checking audio system...
[0;32m✓[0m Audio devices detected: 1
[0;34m→[0m Checking MIDI system...
[0;32m✓[0m MIDI devices detected: 2
[0;34m→[0m Checking RT configuration...
[0;34m→[0m Checking web dashboard...
[0;32m✓[0m Web dashboard found
[0;32m✓[0m Node modules installed
[2026-01-29 14:42:21] =========================================
[0;32m✓[0m System check completed successfully
[2026-01-29 14:42:21] =========================================
[2026-01-29 14:42:21] Backend ready to start on port 8080
[2026-01-29 14:42:21] Web dashboard ready on port 3000
[2026-01-29 14:42:21] Log file: /home/mm/map2-audio/logs/system-check.log
[2026-01-29 14:42:21] =========================================
[2026-01-31 23:28:36] =========================================
[2026-01-31 23:28:36] MAP2 Audio Platform - System Check
[2026-01-31 23:28:36] =========================================
[0;34m→[0m Checking working directory...
[0;32m✓[0m MAP2 directory exists: /home/mm/map2-audio
[0;34m→[0m Creating required directories...
[0;32m✓[0m All directories created
[0;34m→[0m Setting permissions...
[0;32m✓[0m Permissions set
[0;34m→[0m Checking Python environment...
[0;32m✓[0m Python found: Python 3.14.2
[0;34m→[0m Checking Python modules...
[0;32m✓[0m Module available: fastapi
[0;32m✓[0m Module available: uvicorn
[0;32m✓[0m Module available: sqlalchemy
[0;32m✓[0m Module available: aiosqlite
[0;34m→[0m Checking database...
[0;32m✓[0m Database exists: /home/mm/map2-audio/data/map2.db (1327104 bytes)
[0;34m→[0m Checking network...
[0;32m✓[0m Port 8080 available
[0;34m→[0m Checking audio system...
[0;32m✓[0m Audio devices detected: 1
[0;34m→[0m Checking MIDI system...
[0;32m✓[0m MIDI devices detected: 2
[0;34m→[0m Checking RT configuration...
[0;34m→[0m Checking web dashboard...
[0;32m✓[0m Web dashboard found
[0;32m✓[0m Node modules installed
[2026-01-31 23:28:38] =========================================
[0;32m✓[0m System check completed successfully
[2026-01-31 23:28:38] =========================================
[2026-01-31 23:28:38] Backend ready to start on port 8080
[2026-01-31 23:28:38] Web dashboard ready on port 3000
[2026-01-31 23:28:38] Log file: /home/mm/map2-audio/logs/system-check.log
[2026-01-31 23:28:38] =========================================
[2026-01-31 23:57:09] =========================================
[2026-01-31 23:57:09] MAP2 Audio Platform - System Check
[2026-01-31 23:57:09] =========================================
[0;34m→[0m Checking working directory...
[0;32m✓[0m MAP2 directory exists: /home/mm/map2-audio
[0;34m→[0m Creating required directories...
[0;32m✓[0m All directories created
[0;34m→[0m Setting permissions...
[0;32m✓[0m Permissions set
[0;34m→[0m Checking Python environment...
[0;32m✓[0m Python found: Python 3.14.2
[0;34m→[0m Checking Python modules...
[0;32m✓[0m Module available: fastapi
[0;32m✓[0m Module available: uvicorn
[0;32m✓[0m Module available: sqlalchemy
[0;32m✓[0m Module available: aiosqlite
[0;34m→[0m Checking database...
[0;32m✓[0m Database exists: /home/mm/map2-audio/data/map2.db (1327104 bytes)
[0;34m→[0m Checking network...
[0;32m✓[0m Port 8080 available
[0;34m→[0m Checking audio system...
[0;32m✓[0m Audio devices detected: 1
[0;34m→[0m Checking MIDI system...
[0;32m✓[0m MIDI devices detected: 2
[0;34m→[0m Checking RT configuration...
[0;34m→[0m Checking web dashboard...
[0;32m✓[0m Web dashboard found
[0;32m✓[0m Node modules installed
[2026-01-31 23:57:11] =========================================
[0;32m✓[0m System check completed successfully
[2026-01-31 23:57:11] =========================================
[2026-01-31 23:57:11] Backend ready to start on port 8080
[2026-01-31 23:57:11] Web dashboard ready on port 3000
[2026-01-31 23:57:11] Log file: /home/mm/map2-audio/logs/system-check.log
[2026-01-31 23:57:11] =========================================
[2026-02-01 08:55:06] =========================================
[2026-02-01 08:55:06] MAP2 Audio Platform - System Check
[2026-02-01 08:55:06] =========================================
[0;34m→[0m Checking working directory...
[0;32m✓[0m MAP2 directory exists: /home/mm/map2-audio
[0;34m→[0m Creating required directories...
[0;32m✓[0m All directories created
[0;34m→[0m Setting permissions...
[0;32m✓[0m Permissions set
[0;34m→[0m Checking Python environment...
[0;32m✓[0m Python found: Python 3.14.2
[0;34m→[0m Checking Python modules...
[0;32m✓[0m Module available: fastapi
[0;32m✓[0m Module available: uvicorn
[0;32m✓[0m Module available: sqlalchemy
[0;32m✓[0m Module available: aiosqlite
[0;34m→[0m Checking database...
[0;32m✓[0m Database exists: /home/mm/map2-audio/data/map2.db (1327104 bytes)
[0;34m→[0m Checking network...
[0;32m✓[0m Port 8080 available
[0;34m→[0m Checking audio system...
[0;32m✓[0m Audio devices detected: 1
[0;34m→[0m Checking MIDI system...
[0;32m✓[0m MIDI devices detected: 2
[0;34m→[0m Checking RT configuration...
[0;34m→[0m Checking web dashboard...
[0;32m✓[0m Web dashboard found
[0;32m✓[0m Node modules installed
[2026-02-01 08:55:09] =========================================
[0;32m✓[0m System check completed successfully
[2026-02-01 08:55:09] =========================================
[2026-02-01 08:55:09] Backend ready to start on port 8080
[2026-02-01 08:55:09] Web dashboard ready on port 3000
[2026-02-01 08:55:09] Log file: /home/mm/map2-audio/logs/system-check.log
[2026-02-01 08:55:09] =========================================
[2026-02-01 21:43:46] =========================================
[2026-02-01 21:43:46] MAP2 Audio Platform - System Check
[2026-02-01 21:43:46] =========================================
[0;34m→[0m Checking working directory...
[0;32m✓[0m MAP2 directory exists: /home/mm/map2-audio
[0;34m→[0m Creating required directories...
[0;32m✓[0m All directories created
[0;34m→[0m Setting permissions...
[0;32m✓[0m Permissions set
[0;34m→[0m Checking Python environment...
[0;32m✓[0m Python found: Python 3.14.2
[0;34m→[0m Checking Python modules...
[0;32m✓[0m Module available: fastapi
[0;32m✓[0m Module available: uvicorn
[0;32m✓[0m Module available: sqlalchemy
[0;32m✓[0m Module available: aiosqlite
[0;34m→[0m Checking database...
[0;32m✓[0m Database exists: /home/mm/map2-audio/data/map2.db (1327104 bytes)
[0;34m→[0m Checking network...
[0;32m✓[0m Port 8080 available
[0;34m→[0m Checking audio system...
[0;32m✓[0m Audio devices detected: 1
[0;34m→[0m Checking MIDI system...
[0;32m✓[0m MIDI devices detected: 3
[0;34m→[0m Checking RT configuration...
[0;34m→[0m Checking web dashboard...
[0;32m✓[0m Web dashboard found
[0;32m✓[0m Node modules installed
[2026-02-01 21:43:49] =========================================
[0;32m✓[0m System check completed successfully
[2026-02-01 21:43:49] =========================================
[2026-02-01 21:43:49] Backend ready to start on port 8080
[2026-02-01 21:43:49] Web dashboard ready on port 3000
[2026-02-01 21:43:49] Log file: /home/mm/map2-audio/logs/system-check.log
[2026-02-01 21:43:49] =========================================
[2026-02-02 16:47:51] =========================================
[2026-02-02 16:47:51] MAP2 Audio Platform - System Check
[2026-02-02 16:47:51] =========================================
[0;34m→[0m Checking working directory...
[0;32m✓[0m MAP2 directory exists: /home/mm/map2-audio
[0;34m→[0m Creating required directories...
[0;32m✓[0m All directories created
[0;34m→[0m Setting permissions...
[0;32m✓[0m Permissions set
[0;34m→[0m Checking Python environment...
[0;32m✓[0m Python found: Python 3.14.2
[0;34m→[0m Checking Python modules...
[0;32m✓[0m Module available: fastapi
[0;32m✓[0m Module available: uvicorn
[0;32m✓[0m Module available: sqlalchemy
[0;32m✓[0m Module available: aiosqlite
[0;34m→[0m Checking database...
[0;32m✓[0m Database exists: /home/mm/map2-audio/data/map2.db (1327104 bytes)
[0;34m→[0m Checking network...
[0;32m✓[0m Port 8080 available
[0;34m→[0m Checking audio system...
[0;32m✓[0m Audio devices detected: 1
[0;34m→[0m Checking MIDI system...
[0;32m✓[0m MIDI devices detected: 3
[0;34m→[0m Checking RT configuration...
[0;34m→[0m Checking web dashboard...
[0;32m✓[0m Web dashboard found
[0;32m✓[0m Node modules installed
[2026-02-02 16:47:54] =========================================
[0;32m✓[0m System check completed successfully
[2026-02-02 16:47:54] =========================================
[2026-02-02 16:47:54] Backend ready to start on port 8080
[2026-02-02 16:47:54] Web dashboard ready on port 3000
[2026-02-02 16:47:54] Log file: /home/mm/map2-audio/logs/system-check.log
[2026-02-02 16:47:54] =========================================
[2026-02-02 17:52:37] =========================================
[2026-02-02 17:52:37] MAP2 Audio Platform - System Check
[2026-02-02 17:52:37] =========================================
[0;34m→[0m Checking working directory...
[0;32m✓[0m MAP2 directory exists: /home/mm/map2-audio
[0;34m→[0m Creating required directories...
[0;32m✓[0m All directories created
[0;34m→[0m Setting permissions...
[0;32m✓[0m Permissions set
[0;34m→[0m Checking Python environment...
[0;32m✓[0m Python found: Python 3.14.2
[0;34m→[0m Checking Python modules...
[0;32m✓[0m Module available: fastapi
[0;32m✓[0m Module available: uvicorn
[0;32m✓[0m Module available: sqlalchemy
[0;32m✓[0m Module available: aiosqlite
[0;34m→[0m Checking database...
[0;32m✓[0m Database exists: /home/mm/map2-audio/data/map2.db (1327104 bytes)
[0;34m→[0m Checking network...
[0;32m✓[0m Port 8080 available
[0;34m→[0m Checking audio system...
[0;32m✓[0m Audio devices detected: 1
[0;34m→[0m Checking MIDI system...
[0;32m✓[0m MIDI devices detected: 3
[0;34m→[0m Checking RT configuration...
[0;34m→[0m Checking web dashboard...
[0;32m✓[0m Web dashboard found
[0;32m✓[0m Node modules installed
[2026-02-02 17:52:40] =========================================
[0;32m✓[0m System check completed successfully
[2026-02-02 17:52:40] =========================================
[2026-02-02 17:52:40] Backend ready to start on port 8080
[2026-02-02 17:52:40] Web dashboard ready on port 3000
[2026-02-02 17:52:40] Log file: /home/mm/map2-audio/logs/system-check.log
[2026-02-02 17:52:40] =========================================
[2026-02-04 00:44:02] =========================================
[2026-02-04 00:44:02] MAP2 Audio Platform - System Check
[2026-02-04 00:44:02] =========================================
[0;34m→[0m Checking working directory...
[0;32m✓[0m MAP2 directory exists: /home/mm/map2-audio
[0;34m→[0m Creating required directories...
[0;32m✓[0m All directories created
[0;34m→[0m Setting permissions...
[0;32m✓[0m Permissions set
[0;34m→[0m Checking Python environment...
[0;32m✓[0m Python found: Python 3.14.2
[0;34m→[0m Checking Python modules...
[0;32m✓[0m Module available: fastapi
[0;32m✓[0m Module available: uvicorn
[0;32m✓[0m Module available: sqlalchemy
[0;32m✓[0m Module available: aiosqlite
[0;34m→[0m Checking database...
[0;32m✓[0m Database exists: /home/mm/map2-audio/data/map2.db (1392640 bytes)
[0;34m→[0m Checking network...
[0;32m✓[0m Port 8080 available
[0;34m→[0m Checking audio system...
[0;32m✓[0m Audio devices detected: 1
[0;34m→[0m Checking MIDI system...
[0;32m✓[0m MIDI devices detected: 3
[0;34m→[0m Checking RT configuration...
[0;34m→[0m Checking web dashboard...
[0;32m✓[0m Web dashboard found
[0;32m✓[0m Node modules installed
[2026-02-04 00:44:05] =========================================
[0;32m✓[0m System check completed successfully
[2026-02-04 00:44:05] =========================================
[2026-02-04 00:44:05] Backend ready to start on port 8080
[2026-02-04 00:44:05] Web dashboard ready on port 3000
[2026-02-04 00:44:05] Log file: /home/mm/map2-audio/logs/system-check.log
[2026-02-04 00:44:05] =========================================
[2026-02-04 14:15:45] =========================================
[2026-02-04 14:15:45] MAP2 Audio Platform - System Check
[2026-02-04 14:15:45] =========================================
[0;34m→[0m Checking working directory...
[0;32m✓[0m MAP2 directory exists: /home/mm/map2-audio
[0;34m→[0m Creating required directories...
[0;32m✓[0m All directories created
[0;34m→[0m Setting permissions...
[0;32m✓[0m Permissions set
[0;34m→[0m Checking Python environment...
[0;32m✓[0m Python found: Python 3.14.2
[0;34m→[0m Checking Python modules...
[0;32m✓[0m Module available: fastapi
[0;32m✓[0m Module available: uvicorn
[0;32m✓[0m Module available: sqlalchemy
[0;32m✓[0m Module available: aiosqlite
[0;34m→[0m Checking database...
[0;32m✓[0m Database exists: /home/mm/map2-audio/data/map2.db (1392640 bytes)
[0;34m→[0m Checking network...
[0;32m✓[0m Port 8080 available
[0;34m→[0m Checking audio system...
[0;32m✓[0m Audio devices detected: 1
[0;34m→[0m Checking MIDI system...
[0;32m✓[0m MIDI devices detected: 3
[0;34m→[0m Checking RT configuration...
[0;34m→[0m Checking web dashboard...
[0;32m✓[0m Web dashboard found
[0;32m✓[0m Node modules installed
[2026-02-04 14:15:49] =========================================
[0;32m✓[0m System check completed successfully
[2026-02-04 14:15:49] =========================================
[2026-02-04 14:15:49] Backend ready to start on port 8080
[2026-02-04 14:15:49] Web dashboard ready on port 3000
[2026-02-04 14:15:49] Log file: /home/mm/map2-audio/logs/system-check.log
[2026-02-04 14:15:49] =========================================
[2026-02-04 22:27:03] =========================================
[2026-02-04 22:27:03] MAP2 Audio Platform - System Check
[2026-02-04 22:27:03] =========================================
[0;34m→[0m Checking working directory...
[0;32m✓[0m MAP2 directory exists: /home/mm/map2-audio
[0;34m→[0m Creating required directories...
[0;32m✓[0m All directories created
[0;34m→[0m Setting permissions...
[0;32m✓[0m Permissions set
[0;34m→[0m Checking Python environment...
[0;32m✓[0m Python found: Python 3.14.2
[0;34m→[0m Checking Python modules...
[0;32m✓[0m Module available: fastapi
[0;32m✓[0m Module available: uvicorn
[0;32m✓[0m Module available: sqlalchemy
[0;32m✓[0m Module available: aiosqlite
[0;34m→[0m Checking database...
[0;32m✓[0m Database exists: /home/mm/map2-audio/data/map2.db (1392640 bytes)
[0;34m→[0m Checking network...
[0;32m✓[0m Port 8080 available
[0;34m→[0m Checking audio system...
[0;32m✓[0m Audio devices detected: 1
[0;34m→[0m Checking MIDI system...
[0;32m✓[0m MIDI devices detected: 3
[0;34m→[0m Checking RT configuration...
[0;34m→[0m Checking web dashboard...
[0;32m✓[0m Web dashboard found
[0;32m✓[0m Node modules installed
[2026-02-04 22:27:06] =========================================
[0;32m✓[0m System check completed successfully
[2026-02-04 22:27:06] =========================================
[2026-02-04 22:27:06] Backend ready to start on port 8080
[2026-02-04 22:27:06] Web dashboard ready on port 3000
[2026-02-04 22:27:06] Log file: /home/mm/map2-audio/logs/system-check.log
[2026-02-04 22:27:06] =========================================
