[2026-03-07 12:48:05,495] MAP2-TESTBED/INFO/locust.main: Starting Locust 2.43.3
[2026-03-07 12:48:05,495] MAP2-TESTBED/WARNING/locust.main: System open file limit '8192 is below minimum setting '10000'.
It's not high enough for load testing, and the OS didn't allow locust to increase it by itself.
See https://github.com/locustio/locust/wiki/Installation#increasing-maximum-number-of-open-files-limit for more info.
[2026-03-07 12:48:05,496] MAP2-TESTBED/INFO/locust.main: Run time limit set to 310 seconds
Type     Name                                                                          # reqs      # fails |    Avg     Min     Max    Med |   req/s  failures/s
--------|----------------------------------------------------------------------------|-------|-------------|-------|-------|-------|-------|--------|-----------
--------|----------------------------------------------------------------------------|-------|-------------|-------|-------|-------|-------|--------|-----------
         Aggregated                                                                         0     0(0.00%) |      0       0       0      0 |    0.00        0.00

[2026-03-07 12:48:05,514] MAP2-TESTBED/INFO/locust.runners: Ramping to 10 users at a rate of 2.00 per second
Type     Name                                                                          # reqs      # fails |    Avg     Min     Max    Med |   req/s  failures/s
--------|----------------------------------------------------------------------------|-------|-------------|-------|-------|-------|-------|--------|-----------
GET      /api/audio/levels (during plugin swap)                                             1     0(0.00%) |      8       8       8      8 |    0.00        0.00
GET      /api/audio/status                                                                  2     0(0.00%) |     39       1      76      2 |    0.00        0.00
GET      /api/chains/                                                                       3     0(0.00%) |    154     129     195    140 |    0.00        0.00
GET      /api/chains/{id}                                                                   2     0(0.00%) |    103      29     177     30 |    0.00        0.00
POST     /api/chains/{id}/activate                                                          2     0(0.00%) |     57      16      97     17 |    0.00        0.00
POST     /api/chains/{id}/deactivate                                                        2     0(0.00%) |    203       5     402      6 |    0.00        0.00
GET      /api/plugins/discover                                                              3     0(0.00%) |     24      21      30     22 |    0.00        0.00
GET      /api/plugins/list                                                                  3     0(0.00%) |     11       4      21      7 |    0.00        0.00
--------|----------------------------------------------------------------------------|-------|-------------|-------|-------|-------|-------|--------|-----------
         Aggregated                                                                        18     0(0.00%) |     76       1     402     22 |    0.00        0.00

Type     Name                                                                          # reqs      # fails |    Avg     Min     Max    Med |   req/s  failures/s
--------|----------------------------------------------------------------------------|-------|-------------|-------|-------|-------|-------|--------|-----------
GET      /api/audio/levels (during plugin swap)                                             1     0(0.00%) |      8       8       8      8 |    0.00        0.00
GET      /api/audio/status                                                                  2     0(0.00%) |     39       1      76      2 |    0.00        0.00
GET      /api/chains/                                                                       3     0(0.00%) |    154     129     195    140 |    0.00        0.00
GET      /api/chains/{id}                                                                   2     0(0.00%) |    103      29     177     30 |    0.00        0.00
POST     /api/chains/{id}/activate                                                          2     0(0.00%) |     57      16      97     17 |    0.00        0.00
POST     /api/chains/{id}/deactivate                                                        2     0(0.00%) |    203       5     402      6 |    0.00        0.00
GET      /api/plugins/discover                                                              3     0(0.00%) |     24      21      30     22 |    0.00        0.00
GET      /api/plugins/list                                                                  3     0(0.00%) |     11       4      21      7 |    0.00        0.00
--------|----------------------------------------------------------------------------|-------|-------------|-------|-------|-------|-------|--------|-----------
         Aggregated                                                                        18     0(0.00%) |     76       1     402     22 |    0.00        0.00

[2026-03-07 12:48:09,517] MAP2-TESTBED/INFO/locust.runners: All users spawned: {"MAP2RealtimeUser": 10} (10 total users)
Type     Name                                                                          # reqs      # fails |    Avg     Min     Max    Med |   req/s  failures/s
--------|----------------------------------------------------------------------------|-------|-------------|-------|-------|-------|-------|--------|-----------
GET      /api/audio/levels (during plugin swap)                                             1     0(0.00%) |      8       8       8      8 |    0.00        0.00
GET      /api/audio/status                                                                  2     0(0.00%) |     39       1      76      2 |    0.00        0.00
GET      /api/chains/                                                                       3     0(0.00%) |    154     129     195    140 |    0.00        0.00
GET      /api/chains/{id}                                                                   2     0(0.00%) |    103      29     177     30 |    0.00        0.00
POST     /api/chains/{id}/activate                                                          2     0(0.00%) |     57      16      97     17 |    0.00        0.00
POST     /api/chains/{id}/deactivate                                                        2     0(0.00%) |    203       5     402      6 |    0.00        0.00
GET      /api/plugins/discover                                                              3     0(0.00%) |     24      21      30     22 |    0.00        0.00
GET      /api/plugins/list                                                                  3     0(0.00%) |     11       4      21      7 |    0.00        0.00
--------|----------------------------------------------------------------------------|-------|-------------|-------|-------|-------|-------|--------|-----------
         Aggregated                                                                        18     0(0.00%) |     76       1     402     22 |    0.00        0.00

Type     Name                                                                          # reqs      # fails |    Avg     Min     Max    Med |   req/s  failures/s
--------|----------------------------------------------------------------------------|-------|-------------|-------|-------|-------|-------|--------|-----------
GET      /api/audio/levels (during plugin swap)                                             1     0(0.00%) |      8       8       8      8 |    0.00        0.00
GET      /api/audio/status                                                                  2     0(0.00%) |     39       1      76      2 |    0.00        0.00
GET      /api/chains/                                                                       3     0(0.00%) |    154     129     195    140 |    0.00        0.00
GET      /api/chains/{id}                                                                   2     0(0.00%) |    103      29     177     30 |    0.00        0.00
POST     /api/chains/{id}/activate                                                          2     0(0.00%) |     57      16      97     17 |    0.00        0.00
POST     /api/chains/{id}/deactivate                                                        2     0(0.00%) |    203       5     402      6 |    0.00        0.00
GET      /api/plugins/discover                                                              3     0(0.00%) |     24      21      30     22 |    0.00        0.00
GET      /api/plugins/list                                                                  3     0(0.00%) |     11       4      21      7 |    0.00        0.00
--------|----------------------------------------------------------------------------|-------|-------------|-------|-------|-------|-------|--------|-----------
         Aggregated                                                                        18     0(0.00%) |     76       1     402     22 |    0.00        0.00

Type     Name                                                                          # reqs      # fails |    Avg     Min     Max    Med |   req/s  failures/s
--------|----------------------------------------------------------------------------|-------|-------------|-------|-------|-------|-------|--------|-----------
GET      /api/audio/levels (during plugin swap)                                             1     0(0.00%) |      8       8       8      8 |    0.00        0.00
GET      /api/audio/status                                                                  2     0(0.00%) |     39       1      76      2 |    0.00        0.00
GET      /api/chains/                                                                       3     0(0.00%) |    154     129     195    140 |    0.00        0.00
GET      /api/chains/{id}                                                                   2     0(0.00%) |    103      29     177     30 |    0.00        0.00
POST     /api/chains/{id}/activate                                                          2     0(0.00%) |     57      16      97     17 |    0.00        0.00
POST     /api/chains/{id}/deactivate                                                        2     0(0.00%) |    203       5     402      6 |    0.00        0.00
GET      /api/plugins/discover                                                              3     0(0.00%) |     24      21      30     22 |    0.00        0.00
GET      /api/plugins/list                                                                  3     0(0.00%) |     11       4      21      7 |    0.00        0.00
--------|----------------------------------------------------------------------------|-------|-------------|-------|-------|-------|-------|--------|-----------
         Aggregated                                                                        18     0(0.00%) |     76       1     402     22 |    0.00        0.00

Type     Name                                                                          # reqs      # fails |    Avg     Min     Max    Med |   req/s  failures/s
--------|----------------------------------------------------------------------------|-------|-------------|-------|-------|-------|-------|--------|-----------
GET      /api/audio/levels (during plugin swap)                                             1     0(0.00%) |      8       8       8      8 |    0.00        0.00
GET      /api/audio/status                                                                  2     0(0.00%) |     39       1      76      2 |    0.00        0.00
GET      /api/chains/                                                                       3     0(0.00%) |    154     129     195    140 |    0.00        0.00
GET      /api/chains/{id}                                                                   2     0(0.00%) |    103      29     177     30 |    0.00        0.00
POST     /api/chains/{id}/activate                                                          2     0(0.00%) |     57      16      97     17 |    0.00        0.00
POST     /api/chains/{id}/deactivate                                                        2     0(0.00%) |    203       5     402      6 |    0.00        0.00
GET      /api/plugins/discover                                                              3     0(0.00%) |     24      21      30     22 |    0.00        0.00
GET      /api/plugins/list                                                                  3     0(0.00%) |     11       4      21      7 |    0.00        0.00
--------|----------------------------------------------------------------------------|-------|-------------|-------|-------|-------|-------|--------|-----------
         Aggregated                                                                        18     0(0.00%) |     76       1     402     22 |    0.00        0.00

Type     Name                                                                          # reqs      # fails |    Avg     Min     Max    Med |   req/s  failures/s
--------|----------------------------------------------------------------------------|-------|-------------|-------|-------|-------|-------|--------|-----------
GET      /api/audio/levels (during plugin swap)                                             1     0(0.00%) |      8       8       8      8 |    0.00        0.00
GET      /api/audio/status                                                                  2     0(0.00%) |     39       1      76      2 |    0.00        0.00
GET      /api/chains/                                                                       3     0(0.00%) |    154     129     195    140 |    0.00        0.00
GET      /api/chains/{id}                                                                   2     0(0.00%) |    103      29     177     30 |    0.00        0.00
POST     /api/chains/{id}/activate                                                          2     0(0.00%) |     57      16      97     17 |    0.00        0.00
POST     /api/chains/{id}/deactivate                                                        2     0(0.00%) |    203       5     402      6 |    0.00        0.00
GET      /api/plugins/discover                                                              3     0(0.00%) |     24      21      30     22 |    0.00        0.00
GET      /api/plugins/list                                                                  3     0(0.00%) |     11       4      21      7 |    0.00        0.00
--------|----------------------------------------------------------------------------|-------|-------------|-------|-------|-------|-------|--------|-----------
         Aggregated                                                                        18     0(0.00%) |     76       1     402     22 |    0.00        0.00

Type     Name                                                                          # reqs      # fails |    Avg     Min     Max    Med |   req/s  failures/s
--------|----------------------------------------------------------------------------|-------|-------------|-------|-------|-------|-------|--------|-----------
GET      /api/audio/levels (during plugin swap)                                             1     0(0.00%) |      8       8       8      8 |    0.00        0.00
GET      /api/audio/status                                                                  2     0(0.00%) |     39       1      76      2 |    0.00        0.00
GET      /api/chains/                                                                       3     0(0.00%) |    154     129     195    140 |    0.00        0.00
GET      /api/chains/{id}                                                                   2     0(0.00%) |    103      29     177     30 |    0.00        0.00
POST     /api/chains/{id}/activate                                                          2     0(0.00%) |     57      16      97     17 |    0.00        0.00
POST     /api/chains/{id}/deactivate                                                        2     0(0.00%) |    203       5     402      6 |    0.00        0.00
GET      /api/plugins/discover                                                              3     0(0.00%) |     24      21      30     22 |    0.00        0.00
GET      /api/plugins/list                                                                  3     0(0.00%) |     11       4      21      7 |    0.00        0.00
--------|----------------------------------------------------------------------------|-------|-------------|-------|-------|-------|-------|--------|-----------
         Aggregated                                                                        18     0(0.00%) |     76       1     402     22 |    0.00        0.00

Type     Name                                                                          # reqs      # fails |    Avg     Min     Max    Med |   req/s  failures/s
--------|----------------------------------------------------------------------------|-------|-------------|-------|-------|-------|-------|--------|-----------
GET      /api/audio/levels (during plugin swap)                                             1     0(0.00%) |      8       8       8      8 |    0.00        0.00
GET      /api/audio/status                                                                  2     0(0.00%) |     39       1      76      2 |    0.00        0.00
GET      /api/chains/                                                                       3     0(0.00%) |    154     129     195    140 |    0.00        0.00
GET      /api/chains/{id}                                                                   2     0(0.00%) |    103      29     177     30 |    0.00        0.00
POST     /api/chains/{id}/activate                                                          2     0(0.00%) |     57      16      97     17 |    0.00        0.00
POST     /api/chains/{id}/deactivate                                                        2     0(0.00%) |    203       5     402      6 |    0.00        0.00
GET      /api/plugins/discover                                                              3     0(0.00%) |     24      21      30     22 |    0.00        0.00
GET      /api/plugins/list                                                                  3     0(0.00%) |     11       4      21      7 |    0.00        0.00
--------|----------------------------------------------------------------------------|-------|-------------|-------|-------|-------|-------|--------|-----------
         Aggregated                                                                        18     0(0.00%) |     76       1     402     22 |    0.00        0.00

Type     Name                                                                          # reqs      # fails |    Avg     Min     Max    Med |   req/s  failures/s
--------|----------------------------------------------------------------------------|-------|-------------|-------|-------|-------|-------|--------|-----------
GET      /api/audio/levels (during plugin swap)                                             1     0(0.00%) |      8       8       8      8 |    0.00        0.00
GET      /api/audio/status                                                                  2     0(0.00%) |     39       1      76      2 |    0.00        0.00
GET      /api/chains/                                                                       3     0(0.00%) |    154     129     195    140 |    0.00        0.00
GET      /api/chains/{id}                                                                   2     0(0.00%) |    103      29     177     30 |    0.00        0.00
POST     /api/chains/{id}/activate                                                          2     0(0.00%) |     57      16      97     17 |    0.00        0.00
POST     /api/chains/{id}/deactivate                                                        2     0(0.00%) |    203       5     402      6 |    0.00        0.00
GET      /api/plugins/discover                                                              3     0(0.00%) |     24      21      30     22 |    0.00        0.00
GET      /api/plugins/list                                                                  3     0(0.00%) |     11       4      21      7 |    0.00        0.00
--------|----------------------------------------------------------------------------|-------|-------------|-------|-------|-------|-------|--------|-----------
         Aggregated                                                                        18     0(0.00%) |     76       1     402     22 |    0.00        0.00

Type     Name                                                                          # reqs      # fails |    Avg     Min     Max    Med |   req/s  failures/s
--------|----------------------------------------------------------------------------|-------|-------------|-------|-------|-------|-------|--------|-----------
GET      /api/audio/levels (during plugin swap)                                             1     0(0.00%) |      8       8       8      8 |    0.00        0.00
GET      /api/audio/status                                                                  2     0(0.00%) |     39       1      76      2 |    0.00        0.00
GET      /api/chains/                                                                       3     0(0.00%) |    154     129     195    140 |    0.00        0.00
GET      /api/chains/{id}                                                                   2     0(0.00%) |    103      29     177     30 |    0.00        0.00
POST     /api/chains/{id}/activate                                                          2     0(0.00%) |     57      16      97     17 |    0.00        0.00
POST     /api/chains/{id}/deactivate                                                        2     0(0.00%) |    203       5     402      6 |    0.00        0.00
GET      /api/plugins/discover                                                              3     0(0.00%) |     24      21      30     22 |    0.00        0.00
GET      /api/plugins/list                                                                  3     0(0.00%) |     11       4      21      7 |    0.00        0.00
--------|----------------------------------------------------------------------------|-------|-------------|-------|-------|-------|-------|--------|-----------
         Aggregated                                                                        18     0(0.00%) |     76       1     402     22 |    0.00        0.00

Type     Name                                                                          # reqs      # fails |    Avg     Min     Max    Med |   req/s  failures/s
--------|----------------------------------------------------------------------------|-------|-------------|-------|-------|-------|-------|--------|-----------
GET      /api/audio/levels (during plugin swap)                                             1     0(0.00%) |      8       8       8      8 |    0.00        0.00
GET      /api/audio/status                                                                  2     0(0.00%) |     39       1      76      2 |    0.00        0.00
GET      /api/chains/                                                                       3     0(0.00%) |    154     129     195    140 |    0.00        0.00
GET      /api/chains/{id}                                                                   2     0(0.00%) |    103      29     177     30 |    0.00        0.00
POST     /api/chains/{id}/activate                                                          2     0(0.00%) |     57      16      97     17 |    0.00        0.00
POST     /api/chains/{id}/deactivate                                                        2     0(0.00%) |    203       5     402      6 |    0.00        0.00
GET      /api/plugins/discover                                                              3     0(0.00%) |     24      21      30     22 |    0.00        0.00
GET      /api/plugins/list                                                                  3     0(0.00%) |     11       4      21      7 |    0.00        0.00
--------|----------------------------------------------------------------------------|-------|-------------|-------|-------|-------|-------|--------|-----------
         Aggregated                                                                        18     0(0.00%) |     76       1     402     22 |    0.00        0.00

Type     Name                                                                          # reqs      # fails |    Avg     Min     Max    Med |   req/s  failures/s
--------|----------------------------------------------------------------------------|-------|-------------|-------|-------|-------|-------|--------|-----------
GET      /api/audio/levels (during plugin swap)                                             1     0(0.00%) |      8       8       8      8 |    0.00        0.00
GET      /api/audio/status                                                                  2     0(0.00%) |     39       1      76      2 |    0.00        0.00
GET      /api/chains/                                                                       3     0(0.00%) |    154     129     195    140 |    0.00        0.00
GET      /api/chains/{id}                                                                   2     0(0.00%) |    103      29     177     30 |    0.00        0.00
POST     /api/chains/{id}/activate                                                          2     0(0.00%) |     57      16      97     17 |    0.00        0.00
POST     /api/chains/{id}/deactivate                                                        2     0(0.00%) |    203       5     402      6 |    0.00        0.00
GET      /api/plugins/discover                                                              3     0(0.00%) |     24      21      30     22 |    0.00        0.00
GET      /api/plugins/list                                                                  3     0(0.00%) |     11       4      21      7 |    0.00        0.00
--------|----------------------------------------------------------------------------|-------|-------------|-------|-------|-------|-------|--------|-----------
         Aggregated                                                                        18     0(0.00%) |     76       1     402     22 |    0.00        0.00

Type     Name                                                                          # reqs      # fails |    Avg     Min     Max    Med |   req/s  failures/s
--------|----------------------------------------------------------------------------|-------|-------------|-------|-------|-------|-------|--------|-----------
GET      /api/audio/levels (during plugin swap)                                             1     0(0.00%) |      8       8       8      8 |    0.00        0.00
GET      /api/audio/status                                                                  2     0(0.00%) |     39       1      76      2 |    0.00        0.00
GET      /api/chains/                                                                       3     0(0.00%) |    154     129     195    140 |    0.00        0.00
GET      /api/chains/{id}                                                                   2     0(0.00%) |    103      29     177     30 |    0.00        0.00
POST     /api/chains/{id}/activate                                                          2     0(0.00%) |     57      16      97     17 |    0.00        0.00
POST     /api/chains/{id}/deactivate                                                        2     0(0.00%) |    203       5     402      6 |    0.00        0.00
GET      /api/plugins/discover                                                              3     0(0.00%) |     24      21      30     22 |    0.00        0.00
GET      /api/plugins/list                                                                  3     0(0.00%) |     11       4      21      7 |    0.00        0.00
--------|----------------------------------------------------------------------------|-------|-------------|-------|-------|-------|-------|--------|-----------
         Aggregated                                                                        18     0(0.00%) |     76       1     402     22 |    0.00        0.00

Type     Name                                                                          # reqs      # fails |    Avg     Min     Max    Med |   req/s  failures/s
--------|----------------------------------------------------------------------------|-------|-------------|-------|-------|-------|-------|--------|-----------
GET      /api/audio/levels (during plugin swap)                                             1     0(0.00%) |      8       8       8      8 |    0.00        0.00
GET      /api/audio/status                                                                  2     0(0.00%) |     39       1      76      2 |    0.00        0.00
GET      /api/chains/                                                                       3     0(0.00%) |    154     129     195    140 |    0.00        0.00
GET      /api/chains/{id}                                                                   2     0(0.00%) |    103      29     177     30 |    0.00        0.00
POST     /api/chains/{id}/activate                                                          2     0(0.00%) |     57      16      97     17 |    0.00        0.00
POST     /api/chains/{id}/deactivate                                                        2     0(0.00%) |    203       5     402      6 |    0.00        0.00
GET      /api/plugins/discover                                                              3     0(0.00%) |     24      21      30     22 |    0.00        0.00
GET      /api/plugins/list                                                                  3     0(0.00%) |     11       4      21      7 |    0.00        0.00
--------|----------------------------------------------------------------------------|-------|-------------|-------|-------|-------|-------|--------|-----------
         Aggregated                                                                        18     0(0.00%) |     76       1     402     22 |    0.00        0.00

Type     Name                                                                          # reqs      # fails |    Avg     Min     Max    Med |   req/s  failures/s
--------|----------------------------------------------------------------------------|-------|-------------|-------|-------|-------|-------|--------|-----------
GET      /api/audio/levels (during plugin swap)                                             1     0(0.00%) |      8       8       8      8 |    0.00        0.00
GET      /api/audio/status                                                                  2     0(0.00%) |     39       1      76      2 |    0.00        0.00
GET      /api/chains/                                                                       3     0(0.00%) |    154     129     195    140 |    0.00        0.00
GET      /api/chains/{id}                                                                   2     0(0.00%) |    103      29     177     30 |    0.00        0.00
POST     /api/chains/{id}/activate                                                          2     0(0.00%) |     57      16      97     17 |    0.00        0.00
POST     /api/chains/{id}/deactivate                                                        2     0(0.00%) |    203       5     402      6 |    0.00        0.00
GET      /api/plugins/discover                                                              3     0(0.00%) |     24      21      30     22 |    0.00        0.00
GET      /api/plugins/list                                                                  3     0(0.00%) |     11       4      21      7 |    0.00        0.00
--------|----------------------------------------------------------------------------|-------|-------------|-------|-------|-------|-------|--------|-----------
         Aggregated                                                                        18     0(0.00%) |     76       1     402     22 |    0.00        0.00

Type     Name                                                                          # reqs      # fails |    Avg     Min     Max    Med |   req/s  failures/s
--------|----------------------------------------------------------------------------|-------|-------------|-------|-------|-------|-------|--------|-----------
GET      /api/audio/levels (during plugin swap)                                             1     0(0.00%) |      8       8       8      8 |    0.00        0.00
GET      /api/audio/status                                                                  2     0(0.00%) |     39       1      76      2 |    0.00        0.00
GET      /api/chains/                                                                       3     0(0.00%) |    154     129     195    140 |    0.00        0.00
GET      /api/chains/{id}                                                                   2     0(0.00%) |    103      29     177     30 |    0.00        0.00
POST     /api/chains/{id}/activate                                                          2     0(0.00%) |     57      16      97     17 |    0.00        0.00
POST     /api/chains/{id}/deactivate                                                        2     0(0.00%) |    203       5     402      6 |    0.00        0.00
GET      /api/plugins/discover                                                              3     0(0.00%) |     24      21      30     22 |    0.00        0.00
GET      /api/plugins/list                                                                  3     0(0.00%) |     11       4      21      7 |    0.00        0.00
--------|----------------------------------------------------------------------------|-------|-------------|-------|-------|-------|-------|--------|-----------
         Aggregated                                                                        18     0(0.00%) |     76       1     402     22 |    0.00        0.00

Type     Name                                                                          # reqs      # fails |    Avg     Min     Max    Med |   req/s  failures/s
--------|----------------------------------------------------------------------------|-------|-------------|-------|-------|-------|-------|--------|-----------
GET      /api/audio/levels (during plugin swap)                                             1     0(0.00%) |      8       8       8      8 |    0.00        0.00
GET      /api/audio/status                                                                  2     0(0.00%) |     39       1      76      2 |    0.00        0.00
GET      /api/chains/                                                                       3     0(0.00%) |    154     129     195    140 |    0.00        0.00
GET      /api/chains/{id}                                                                   2     0(0.00%) |    103      29     177     30 |    0.00        0.00
POST     /api/chains/{id}/activate                                                          2     0(0.00%) |     57      16      97     17 |    0.00        0.00
POST     /api/chains/{id}/deactivate                                                        2     0(0.00%) |    203       5     402      6 |    0.00        0.00
GET      /api/plugins/discover                                                              3     0(0.00%) |     24      21      30     22 |    0.00        0.00
GET      /api/plugins/list                                                                  3     0(0.00%) |     11       4      21      7 |    0.00        0.00
--------|----------------------------------------------------------------------------|-------|-------------|-------|-------|-------|-------|--------|-----------
         Aggregated                                                                        18     0(0.00%) |     76       1     402     22 |    0.00        0.00

Type     Name                                                                          # reqs      # fails |    Avg     Min     Max    Med |   req/s  failures/s
--------|----------------------------------------------------------------------------|-------|-------------|-------|-------|-------|-------|--------|-----------
GET      /api/audio/levels (during plugin swap)                                             1     0(0.00%) |      8       8       8      8 |    0.00        0.00
GET      /api/audio/status                                                                  2     0(0.00%) |     39       1      76      2 |    0.00        0.00
GET      /api/chains/                                                                       3     0(0.00%) |    154     129     195    140 |    0.00        0.00
GET      /api/chains/{id}                                                                   2     0(0.00%) |    103      29     177     30 |    0.00        0.00
POST     /api/chains/{id}/activate                                                          2     0(0.00%) |     57      16      97     17 |    0.00        0.00
POST     /api/chains/{id}/deactivate                                                        2     0(0.00%) |    203       5     402      6 |    0.00        0.00
GET      /api/plugins/discover                                                              3     0(0.00%) |     24      21      30     22 |    0.00        0.00
GET      /api/plugins/list                                                                  3     0(0.00%) |     11       4      21      7 |    0.00        0.00
--------|----------------------------------------------------------------------------|-------|-------------|-------|-------|-------|-------|--------|-----------
         Aggregated                                                                        18     0(0.00%) |     76       1     402     22 |    0.00        0.00

Type     Name                                                                          # reqs      # fails |    Avg     Min     Max    Med |   req/s  failures/s
--------|----------------------------------------------------------------------------|-------|-------------|-------|-------|-------|-------|--------|-----------
GET      /api/audio/levels (during plugin swap)                                             1     0(0.00%) |      8       8       8      8 |    0.00        0.00
GET      /api/audio/status                                                                  2     0(0.00%) |     39       1      76      2 |    0.00        0.00
GET      /api/chains/                                                                       3     0(0.00%) |    154     129     195    140 |    0.00        0.00
GET      /api/chains/{id}                                                                   2     0(0.00%) |    103      29     177     30 |    0.00        0.00
POST     /api/chains/{id}/activate                                                          2     0(0.00%) |     57      16      97     17 |    0.00        0.00
POST     /api/chains/{id}/deactivate                                                        2     0(0.00%) |    203       5     402      6 |    0.00        0.00
GET      /api/plugins/discover                                                              3     0(0.00%) |     24      21      30     22 |    0.00        0.00
GET      /api/plugins/list                                                                  3     0(0.00%) |     11       4      21      7 |    0.00        0.00
--------|----------------------------------------------------------------------------|-------|-------------|-------|-------|-------|-------|--------|-----------
         Aggregated                                                                        18     0(0.00%) |     76       1     402     22 |    0.00        0.00

Type     Name                                                                          # reqs      # fails |    Avg     Min     Max    Med |   req/s  failures/s
--------|----------------------------------------------------------------------------|-------|-------------|-------|-------|-------|-------|--------|-----------
GET      /api/audio/levels (during plugin swap)                                             1     0(0.00%) |      8       8       8      8 |    0.00        0.00
GET      /api/audio/status                                                                  2     0(0.00%) |     39       1      76      2 |    0.00        0.00
GET      /api/chains/                                                                       3     0(0.00%) |    154     129     195    140 |    0.00        0.00
GET      /api/chains/{id}                                                                   2     0(0.00%) |    103      29     177     30 |    0.00        0.00
POST     /api/chains/{id}/activate                                                          2     0(0.00%) |     57      16      97     17 |    0.00        0.00
POST     /api/chains/{id}/deactivate                                                        2     0(0.00%) |    203       5     402      6 |    0.00        0.00
GET      /api/plugins/discover                                                              3     0(0.00%) |     24      21      30     22 |    0.00        0.00
GET      /api/plugins/list                                                                  3     0(0.00%) |     11       4      21      7 |    0.00        0.00
--------|----------------------------------------------------------------------------|-------|-------------|-------|-------|-------|-------|--------|-----------
         Aggregated                                                                        18     0(0.00%) |     76       1     402     22 |    0.00        0.00

Type     Name                                                                          # reqs      # fails |    Avg     Min     Max    Med |   req/s  failures/s
--------|----------------------------------------------------------------------------|-------|-------------|-------|-------|-------|-------|--------|-----------
GET      /api/audio/levels (during plugin swap)                                             1     0(0.00%) |      8       8       8      8 |    0.00        0.00
GET      /api/audio/status                                                                  2     0(0.00%) |     39       1      76      2 |    0.00        0.00
GET      /api/chains/                                                                       3     0(0.00%) |    154     129     195    140 |    0.00        0.00
GET      /api/chains/{id}                                                                   2     0(0.00%) |    103      29     177     30 |    0.00        0.00
POST     /api/chains/{id}/activate                                                          2     0(0.00%) |     57      16      97     17 |    0.00        0.00
POST     /api/chains/{id}/deactivate                                                        2     0(0.00%) |    203       5     402      6 |    0.00        0.00
GET      /api/plugins/discover                                                              3     0(0.00%) |     24      21      30     22 |    0.00        0.00
GET      /api/plugins/list                                                                  3     0(0.00%) |     11       4      21      7 |    0.00        0.00
--------|----------------------------------------------------------------------------|-------|-------------|-------|-------|-------|-------|--------|-----------
         Aggregated                                                                        18     0(0.00%) |     76       1     402     22 |    0.00        0.00

Type     Name                                                                          # reqs      # fails |    Avg     Min     Max    Med |   req/s  failures/s
--------|----------------------------------------------------------------------------|-------|-------------|-------|-------|-------|-------|--------|-----------
GET      /api/audio/levels (during plugin swap)                                             1     0(0.00%) |      8       8       8      8 |    0.00        0.00
GET      /api/audio/status                                                                  2     0(0.00%) |     39       1      76      2 |    0.00        0.00
GET      /api/chains/                                                                       3     0(0.00%) |    154     129     195    140 |    0.00        0.00
GET      /api/chains/{id}                                                                   2     0(0.00%) |    103      29     177     30 |    0.00        0.00
POST     /api/chains/{id}/activate                                                          2     0(0.00%) |     57      16      97     17 |    0.00        0.00
POST     /api/chains/{id}/deactivate                                                        2     0(0.00%) |    203       5     402      6 |    0.00        0.00
GET      /api/plugins/discover                                                              3     0(0.00%) |     24      21      30     22 |    0.00        0.00
GET      /api/plugins/list                                                                  3     0(0.00%) |     11       4      21      7 |    0.00        0.00
--------|----------------------------------------------------------------------------|-------|-------------|-------|-------|-------|-------|--------|-----------
         Aggregated                                                                        18     0(0.00%) |     76       1     402     22 |    0.00        0.00

Type     Name                                                                          # reqs      # fails |    Avg     Min     Max    Med |   req/s  failures/s
--------|----------------------------------------------------------------------------|-------|-------------|-------|-------|-------|-------|--------|-----------
GET      /api/audio/levels (during plugin swap)                                             1     0(0.00%) |      8       8       8      8 |    0.00        0.00
GET      /api/audio/status                                                                  2     0(0.00%) |     39       1      76      2 |    0.00        0.00
GET      /api/chains/                                                                       3     0(0.00%) |    154     129     195    140 |    0.00        0.00
GET      /api/chains/{id}                                                                   2     0(0.00%) |    103      29     177     30 |    0.00        0.00
POST     /api/chains/{id}/activate                                                          2     0(0.00%) |     57      16      97     17 |    0.00        0.00
POST     /api/chains/{id}/deactivate                                                        2     0(0.00%) |    203       5     402      6 |    0.00        0.00
GET      /api/plugins/discover                                                              3     0(0.00%) |     24      21      30     22 |    0.00        0.00
GET      /api/plugins/list                                                                  3     0(0.00%) |     11       4      21      7 |    0.00        0.00
--------|----------------------------------------------------------------------------|-------|-------------|-------|-------|-------|-------|--------|-----------
         Aggregated                                                                        18     0(0.00%) |     76       1     402     22 |    0.00        0.00

Type     Name                                                                          # reqs      # fails |    Avg     Min     Max    Med |   req/s  failures/s
--------|----------------------------------------------------------------------------|-------|-------------|-------|-------|-------|-------|--------|-----------
GET      /api/audio/levels (during plugin swap)                                             1     0(0.00%) |      8       8       8      8 |    0.00        0.00
GET      /api/audio/status                                                                  2     0(0.00%) |     39       1      76      2 |    0.00        0.00
GET      /api/chains/                                                                       3     0(0.00%) |    154     129     195    140 |    0.00        0.00
GET      /api/chains/{id}                                                                   2     0(0.00%) |    103      29     177     30 |    0.00        0.00
POST     /api/chains/{id}/activate                                                          2     0(0.00%) |     57      16      97     17 |    0.00        0.00
POST     /api/chains/{id}/deactivate                                                        2     0(0.00%) |    203       5     402      6 |    0.00        0.00
GET      /api/plugins/discover                                                              3     0(0.00%) |     24      21      30     22 |    0.00        0.00
GET      /api/plugins/list                                                                  3     0(0.00%) |     11       4      21      7 |    0.00        0.00
--------|----------------------------------------------------------------------------|-------|-------------|-------|-------|-------|-------|--------|-----------
         Aggregated                                                                        18     0(0.00%) |     76       1     402     22 |    0.00        0.00

Type     Name                                                                          # reqs      # fails |    Avg     Min     Max    Med |   req/s  failures/s
--------|----------------------------------------------------------------------------|-------|-------------|-------|-------|-------|-------|--------|-----------
GET      /api/audio/levels (during plugin swap)                                             1     0(0.00%) |      8       8       8      8 |    0.00        0.00
GET      /api/audio/status                                                                  2     0(0.00%) |     39       1      76      2 |    0.00        0.00
GET      /api/chains/                                                                       3     0(0.00%) |    154     129     195    140 |    0.00        0.00
GET      /api/chains/{id}                                                                   2     0(0.00%) |    103      29     177     30 |    0.00        0.00
POST     /api/chains/{id}/activate                                                          2     0(0.00%) |     57      16      97     17 |    0.00        0.00
POST     /api/chains/{id}/deactivate                                                        2     0(0.00%) |    203       5     402      6 |    0.00        0.00
GET      /api/plugins/discover                                                              3     0(0.00%) |     24      21      30     22 |    0.00        0.00
GET      /api/plugins/list                                                                  3     0(0.00%) |     11       4      21      7 |    0.00        0.00
--------|----------------------------------------------------------------------------|-------|-------------|-------|-------|-------|-------|--------|-----------
         Aggregated                                                                        18     0(0.00%) |     76       1     402     22 |    0.00        0.00

Type     Name                                                                          # reqs      # fails |    Avg     Min     Max    Med |   req/s  failures/s
--------|----------------------------------------------------------------------------|-------|-------------|-------|-------|-------|-------|--------|-----------
GET      /api/audio/levels (during plugin swap)                                             1     0(0.00%) |      8       8       8      8 |    0.00        0.00
GET      /api/audio/status                                                                  2     0(0.00%) |     39       1      76      2 |    0.00        0.00
GET      /api/chains/                                                                       3     0(0.00%) |    154     129     195    140 |    0.00        0.00
GET      /api/chains/{id}                                                                   2     0(0.00%) |    103      29     177     30 |    0.00        0.00
POST     /api/chains/{id}/activate                                                          2     0(0.00%) |     57      16      97     17 |    0.00        0.00
POST     /api/chains/{id}/deactivate                                                        2     0(0.00%) |    203       5     402      6 |    0.00        0.00
GET      /api/plugins/discover                                                              3     0(0.00%) |     24      21      30     22 |    0.00        0.00
GET      /api/plugins/list                                                                  3     0(0.00%) |     11       4      21      7 |    0.00        0.00
--------|----------------------------------------------------------------------------|-------|-------------|-------|-------|-------|-------|--------|-----------
         Aggregated                                                                        18     0(0.00%) |     76       1     402     22 |    0.00        0.00

Type     Name                                                                          # reqs      # fails |    Avg     Min     Max    Med |   req/s  failures/s
--------|----------------------------------------------------------------------------|-------|-------------|-------|-------|-------|-------|--------|-----------
GET      /api/audio/levels (during plugin swap)                                             1     0(0.00%) |      8       8       8      8 |    0.00        0.00
GET      /api/audio/status                                                                  2     0(0.00%) |     39       1      76      2 |    0.00        0.00
GET      /api/chains/                                                                       3     0(0.00%) |    154     129     195    140 |    0.00        0.00
GET      /api/chains/{id}                                                                   2     0(0.00%) |    103      29     177     30 |    0.00        0.00
POST     /api/chains/{id}/activate                                                          2     0(0.00%) |     57      16      97     17 |    0.00        0.00
POST     /api/chains/{id}/deactivate                                                        2     0(0.00%) |    203       5     402      6 |    0.00        0.00
GET      /api/plugins/discover                                                              3     0(0.00%) |     24      21      30     22 |    0.00        0.00
GET      /api/plugins/list                                                                  3     0(0.00%) |     11       4      21      7 |    0.00        0.00
--------|----------------------------------------------------------------------------|-------|-------------|-------|-------|-------|-------|--------|-----------
         Aggregated                                                                        18     0(0.00%) |     76       1     402     22 |    0.00        0.00

Type     Name                                                                          # reqs      # fails |    Avg     Min     Max    Med |   req/s  failures/s
--------|----------------------------------------------------------------------------|-------|-------------|-------|-------|-------|-------|--------|-----------
GET      /api/audio/levels (during plugin swap)                                             1     0(0.00%) |      8       8       8      8 |    0.00        0.00
GET      /api/audio/status                                                                  2     0(0.00%) |     39       1      76      2 |    0.00        0.00
GET      /api/chains/                                                                       3     0(0.00%) |    154     129     195    140 |    0.00        0.00
GET      /api/chains/{id}                                                                   2     0(0.00%) |    103      29     177     30 |    0.00        0.00
POST     /api/chains/{id}/activate                                                          2     0(0.00%) |     57      16      97     17 |    0.00        0.00
POST     /api/chains/{id}/deactivate                                                        2     0(0.00%) |    203       5     402      6 |    0.00        0.00
GET      /api/plugins/discover                                                              3     0(0.00%) |     24      21      30     22 |    0.00        0.00
GET      /api/plugins/list                                                                  3     0(0.00%) |     11       4      21      7 |    0.00        0.00
--------|----------------------------------------------------------------------------|-------|-------------|-------|-------|-------|-------|--------|-----------
         Aggregated                                                                        18     0(0.00%) |     76       1     402     22 |    0.00        0.00

Type     Name                                                                          # reqs      # fails |    Avg     Min     Max    Med |   req/s  failures/s
--------|----------------------------------------------------------------------------|-------|-------------|-------|-------|-------|-------|--------|-----------
GET      /api/audio/levels (during plugin swap)                                             1     0(0.00%) |      8       8       8      8 |    0.00        0.00
GET      /api/audio/status                                                                  2     0(0.00%) |     39       1      76      2 |    0.00        0.00
GET      /api/chains/                                                                       3     0(0.00%) |    154     129     195    140 |    0.00        0.00
GET      /api/chains/{id}                                                                   2     0(0.00%) |    103      29     177     30 |    0.00        0.00
POST     /api/chains/{id}/activate                                                          2     0(0.00%) |     57      16      97     17 |    0.00        0.00
POST     /api/chains/{id}/deactivate                                                        2     0(0.00%) |    203       5     402      6 |    0.00        0.00
GET      /api/plugins/discover                                                              3     0(0.00%) |     24      21      30     22 |    0.00        0.00
GET      /api/plugins/list                                                                  3     0(0.00%) |     11       4      21      7 |    0.00        0.00
--------|----------------------------------------------------------------------------|-------|-------------|-------|-------|-------|-------|--------|-----------
         Aggregated                                                                        18     0(0.00%) |     76       1     402     22 |    0.00        0.00

Type     Name                                                                          # reqs      # fails |    Avg     Min     Max    Med |   req/s  failures/s
--------|----------------------------------------------------------------------------|-------|-------------|-------|-------|-------|-------|--------|-----------
GET      /api/audio/levels (during plugin swap)                                             1     0(0.00%) |      8       8       8      8 |    0.00        0.00
GET      /api/audio/status                                                                  2     0(0.00%) |     39       1      76      2 |    0.00        0.00
GET      /api/chains/                                                                       3     0(0.00%) |    154     129     195    140 |    0.00        0.00
GET      /api/chains/{id}                                                                   2     0(0.00%) |    103      29     177     30 |    0.00        0.00
POST     /api/chains/{id}/activate                                                          2     0(0.00%) |     57      16      97     17 |    0.00        0.00
POST     /api/chains/{id}/deactivate                                                        2     0(0.00%) |    203       5     402      6 |    0.00        0.00
GET      /api/plugins/discover                                                              3     0(0.00%) |     24      21      30     22 |    0.00        0.00
GET      /api/plugins/list                                                                  3     0(0.00%) |     11       4      21      7 |    0.00        0.00
--------|----------------------------------------------------------------------------|-------|-------------|-------|-------|-------|-------|--------|-----------
         Aggregated                                                                        18     0(0.00%) |     76       1     402     22 |    0.00        0.00

Type     Name                                                                          # reqs      # fails |    Avg     Min     Max    Med |   req/s  failures/s
--------|----------------------------------------------------------------------------|-------|-------------|-------|-------|-------|-------|--------|-----------
GET      /api/audio/levels (during plugin swap)                                             1     0(0.00%) |      8       8       8      8 |    0.00        0.00
GET      /api/audio/status                                                                  2     0(0.00%) |     39       1      76      2 |    0.00        0.00
GET      /api/chains/                                                                       3     0(0.00%) |    154     129     195    140 |    0.00        0.00
GET      /api/chains/{id}                                                                   2     0(0.00%) |    103      29     177     30 |    0.00        0.00
POST     /api/chains/{id}/activate                                                          2     0(0.00%) |     57      16      97     17 |    0.00        0.00
POST     /api/chains/{id}/deactivate                                                        2     0(0.00%) |    203       5     402      6 |    0.00        0.00
GET      /api/plugins/discover                                                              3     0(0.00%) |     24      21      30     22 |    0.00        0.00
GET      /api/plugins/list                                                                  3     0(0.00%) |     11       4      21      7 |    0.00        0.00
--------|----------------------------------------------------------------------------|-------|-------------|-------|-------|-------|-------|--------|-----------
         Aggregated                                                                        18     0(0.00%) |     76       1     402     22 |    0.00        0.00

Type     Name                                                                          # reqs      # fails |    Avg     Min     Max    Med |   req/s  failures/s
--------|----------------------------------------------------------------------------|-------|-------------|-------|-------|-------|-------|--------|-----------
GET      /api/audio/levels (during plugin swap)                                             1     0(0.00%) |      8       8       8      8 |    0.00        0.00
GET      /api/audio/status                                                                  2     0(0.00%) |     39       1      76      2 |    0.00        0.00
GET      /api/chains/                                                                       3     0(0.00%) |    154     129     195    140 |    0.00        0.00
GET      /api/chains/{id}                                                                   2     0(0.00%) |    103      29     177     30 |    0.00        0.00
POST     /api/chains/{id}/activate                                                          2     0(0.00%) |     57      16      97     17 |    0.00        0.00
POST     /api/chains/{id}/deactivate                                                        2     0(0.00%) |    203       5     402      6 |    0.00        0.00
GET      /api/plugins/discover                                                              3     0(0.00%) |     24      21      30     22 |    0.00        0.00
GET      /api/plugins/list                                                                  3     0(0.00%) |     11       4      21      7 |    0.00        0.00
--------|----------------------------------------------------------------------------|-------|-------------|-------|-------|-------|-------|--------|-----------
         Aggregated                                                                        18     0(0.00%) |     76       1     402     22 |    0.00        0.00

Type     Name                                                                          # reqs      # fails |    Avg     Min     Max    Med |   req/s  failures/s
--------|----------------------------------------------------------------------------|-------|-------------|-------|-------|-------|-------|--------|-----------
GET      /api/audio/levels (during plugin swap)                                             1     0(0.00%) |      8       8       8      8 |    0.00        0.00
GET      /api/audio/status                                                                  2     0(0.00%) |     39       1      76      2 |    0.00        0.00
GET      /api/chains/                                                                       3     0(0.00%) |    154     129     195    140 |    0.00        0.00
GET      /api/chains/{id}                                                                   2     0(0.00%) |    103      29     177     30 |    0.00        0.00
POST     /api/chains/{id}/activate                                                          2     0(0.00%) |     57      16      97     17 |    0.00        0.00
POST     /api/chains/{id}/deactivate                                                        2     0(0.00%) |    203       5     402      6 |    0.00        0.00
GET      /api/plugins/discover                                                              3     0(0.00%) |     24      21      30     22 |    0.00        0.00
GET      /api/plugins/list                                                                  3     0(0.00%) |     11       4      21      7 |    0.00        0.00
--------|----------------------------------------------------------------------------|-------|-------------|-------|-------|-------|-------|--------|-----------
         Aggregated                                                                        18     0(0.00%) |     76       1     402     22 |    0.00        0.00

Type     Name                                                                          # reqs      # fails |    Avg     Min     Max    Med |   req/s  failures/s
--------|----------------------------------------------------------------------------|-------|-------------|-------|-------|-------|-------|--------|-----------
GET      /api/audio/levels (during plugin swap)                                             1     0(0.00%) |      8       8       8      8 |    0.00        0.00
GET      /api/audio/status                                                                  2     0(0.00%) |     39       1      76      2 |    0.00        0.00
GET      /api/chains/                                                                       3     0(0.00%) |    154     129     195    140 |    0.00        0.00
GET      /api/chains/{id}                                                                   2     0(0.00%) |    103      29     177     30 |    0.00        0.00
POST     /api/chains/{id}/activate                                                          2     0(0.00%) |     57      16      97     17 |    0.00        0.00
POST     /api/chains/{id}/deactivate                                                        2     0(0.00%) |    203       5     402      6 |    0.00        0.00
GET      /api/plugins/discover                                                              3     0(0.00%) |     24      21      30     22 |    0.00        0.00
GET      /api/plugins/list                                                                  3     0(0.00%) |     11       4      21      7 |    0.00        0.00
--------|----------------------------------------------------------------------------|-------|-------------|-------|-------|-------|-------|--------|-----------
         Aggregated                                                                        18     0(0.00%) |     76       1     402     22 |    0.00        0.00

Type     Name                                                                          # reqs      # fails |    Avg     Min     Max    Med |   req/s  failures/s
--------|----------------------------------------------------------------------------|-------|-------------|-------|-------|-------|-------|--------|-----------
GET      /api/audio/levels (during plugin swap)                                             1     0(0.00%) |      8       8       8      8 |    0.00        0.00
GET      /api/audio/status                                                                  2     0(0.00%) |     39       1      76      2 |    0.00        0.00
GET      /api/chains/                                                                       3     0(0.00%) |    154     129     195    140 |    0.00        0.00
GET      /api/chains/{id}                                                                   2     0(0.00%) |    103      29     177     30 |    0.00        0.00
POST     /api/chains/{id}/activate                                                          2     0(0.00%) |     57      16      97     17 |    0.00        0.00
POST     /api/chains/{id}/deactivate                                                        2     0(0.00%) |    203       5     402      6 |    0.00        0.00
GET      /api/plugins/discover                                                              3     0(0.00%) |     24      21      30     22 |    0.00        0.00
GET      /api/plugins/list                                                                  3     0(0.00%) |     11       4      21      7 |    0.00        0.00
--------|----------------------------------------------------------------------------|-------|-------------|-------|-------|-------|-------|--------|-----------
         Aggregated                                                                        18     0(0.00%) |     76       1     402     22 |    0.00        0.00

Type     Name                                                                          # reqs      # fails |    Avg     Min     Max    Med |   req/s  failures/s
--------|----------------------------------------------------------------------------|-------|-------------|-------|-------|-------|-------|--------|-----------
GET      /api/audio/levels (during plugin swap)                                             1     0(0.00%) |      8       8       8      8 |    0.00        0.00
GET      /api/audio/status                                                                  2     0(0.00%) |     39       1      76      2 |    0.00        0.00
GET      /api/chains/                                                                       3     0(0.00%) |    154     129     195    140 |    0.00        0.00
GET      /api/chains/{id}                                                                   2     0(0.00%) |    103      29     177     30 |    0.00        0.00
POST     /api/chains/{id}/activate                                                          2     0(0.00%) |     57      16      97     17 |    0.00        0.00
POST     /api/chains/{id}/deactivate                                                        2     0(0.00%) |    203       5     402      6 |    0.00        0.00
GET      /api/plugins/discover                                                              3     0(0.00%) |     24      21      30     22 |    0.00        0.00
GET      /api/plugins/list                                                                  3     0(0.00%) |     11       4      21      7 |    0.00        0.00
--------|----------------------------------------------------------------------------|-------|-------------|-------|-------|-------|-------|--------|-----------
         Aggregated                                                                        18     0(0.00%) |     76       1     402     22 |    0.00        0.00

Type     Name                                                                          # reqs      # fails |    Avg     Min     Max    Med |   req/s  failures/s
--------|----------------------------------------------------------------------------|-------|-------------|-------|-------|-------|-------|--------|-----------
GET      /api/audio/levels (during plugin swap)                                             1     0(0.00%) |      8       8       8      8 |    0.00        0.00
GET      /api/audio/status                                                                  2     0(0.00%) |     39       1      76      2 |    0.00        0.00
GET      /api/chains/                                                                       3     0(0.00%) |    154     129     195    140 |    0.00        0.00
GET      /api/chains/{id}                                                                   2     0(0.00%) |    103      29     177     30 |    0.00        0.00
POST     /api/chains/{id}/activate                                                          2     0(0.00%) |     57      16      97     17 |    0.00        0.00
POST     /api/chains/{id}/deactivate                                                        2     0(0.00%) |    203       5     402      6 |    0.00        0.00
GET      /api/plugins/discover                                                              3     0(0.00%) |     24      21      30     22 |    0.00        0.00
GET      /api/plugins/list                                                                  3     0(0.00%) |     11       4      21      7 |    0.00        0.00
--------|----------------------------------------------------------------------------|-------|-------------|-------|-------|-------|-------|--------|-----------
         Aggregated                                                                        18     0(0.00%) |     76       1     402     22 |    0.00        0.00

Type     Name                                                                          # reqs      # fails |    Avg     Min     Max    Med |   req/s  failures/s
--------|----------------------------------------------------------------------------|-------|-------------|-------|-------|-------|-------|--------|-----------
GET      /api/audio/levels (during plugin swap)                                             1     0(0.00%) |      8       8       8      8 |    0.00        0.00
GET      /api/audio/status                                                                  2     0(0.00%) |     39       1      76      2 |    0.00        0.00
GET      /api/chains/                                                                       3     0(0.00%) |    154     129     195    140 |    0.00        0.00
GET      /api/chains/{id}                                                                   2     0(0.00%) |    103      29     177     30 |    0.00        0.00
POST     /api/chains/{id}/activate                                                          2     0(0.00%) |     57      16      97     17 |    0.00        0.00
POST     /api/chains/{id}/deactivate                                                        2     0(0.00%) |    203       5     402      6 |    0.00        0.00
GET      /api/plugins/discover                                                              3     0(0.00%) |     24      21      30     22 |    0.00        0.00
GET      /api/plugins/list                                                                  3     0(0.00%) |     11       4      21      7 |    0.00        0.00
--------|----------------------------------------------------------------------------|-------|-------------|-------|-------|-------|-------|--------|-----------
         Aggregated                                                                        18     0(0.00%) |     76       1     402     22 |    0.00        0.00

Type     Name                                                                          # reqs      # fails |    Avg     Min     Max    Med |   req/s  failures/s
--------|----------------------------------------------------------------------------|-------|-------------|-------|-------|-------|-------|--------|-----------
GET      /api/audio/levels (during plugin swap)                                             1     0(0.00%) |      8       8       8      8 |    0.00        0.00
GET      /api/audio/status                                                                  2     0(0.00%) |     39       1      76      2 |    0.00        0.00
GET      /api/chains/                                                                       3     0(0.00%) |    154     129     195    140 |    0.00        0.00
GET      /api/chains/{id}                                                                   2     0(0.00%) |    103      29     177     30 |    0.00        0.00
POST     /api/chains/{id}/activate                                                          2     0(0.00%) |     57      16      97     17 |    0.00        0.00
POST     /api/chains/{id}/deactivate                                                        2     0(0.00%) |    203       5     402      6 |    0.00        0.00
GET      /api/plugins/discover                                                              3     0(0.00%) |     24      21      30     22 |    0.00        0.00
GET      /api/plugins/list                                                                  3     0(0.00%) |     11       4      21      7 |    0.00        0.00
--------|----------------------------------------------------------------------------|-------|-------------|-------|-------|-------|-------|--------|-----------
         Aggregated                                                                        18     0(0.00%) |     76       1     402     22 |    0.00        0.00

Type     Name                                                                          # reqs      # fails |    Avg     Min     Max    Med |   req/s  failures/s
--------|----------------------------------------------------------------------------|-------|-------------|-------|-------|-------|-------|--------|-----------
GET      /api/audio/levels (during plugin swap)                                             1     0(0.00%) |      8       8       8      8 |    0.00        0.00
GET      /api/audio/status                                                                  2     0(0.00%) |     39       1      76      2 |    0.00        0.00
GET      /api/chains/                                                                       3     0(0.00%) |    154     129     195    140 |    0.00        0.00
GET      /api/chains/{id}                                                                   2     0(0.00%) |    103      29     177     30 |    0.00        0.00
POST     /api/chains/{id}/activate                                                          2     0(0.00%) |     57      16      97     17 |    0.00        0.00
POST     /api/chains/{id}/deactivate                                                        2     0(0.00%) |    203       5     402      6 |    0.00        0.00
GET      /api/plugins/discover                                                              3     0(0.00%) |     24      21      30     22 |    0.00        0.00
GET      /api/plugins/list                                                                  3     0(0.00%) |     11       4      21      7 |    0.00        0.00
--------|----------------------------------------------------------------------------|-------|-------------|-------|-------|-------|-------|--------|-----------
         Aggregated                                                                        18     0(0.00%) |     76       1     402     22 |    0.00        0.00

Type     Name                                                                          # reqs      # fails |    Avg     Min     Max    Med |   req/s  failures/s
--------|----------------------------------------------------------------------------|-------|-------------|-------|-------|-------|-------|--------|-----------
GET      /api/audio/levels (during plugin swap)                                             1     0(0.00%) |      8       8       8      8 |    0.00        0.00
GET      /api/audio/status                                                                  2     0(0.00%) |     39       1      76      2 |    0.00        0.00
GET      /api/chains/                                                                       3     0(0.00%) |    154     129     195    140 |    0.00        0.00
GET      /api/chains/{id}                                                                   2     0(0.00%) |    103      29     177     30 |    0.00        0.00
POST     /api/chains/{id}/activate                                                          2     0(0.00%) |     57      16      97     17 |    0.00        0.00
POST     /api/chains/{id}/deactivate                                                        2     0(0.00%) |    203       5     402      6 |    0.00        0.00
GET      /api/plugins/discover                                                              3     0(0.00%) |     24      21      30     22 |    0.00        0.00
GET      /api/plugins/list                                                                  3     0(0.00%) |     11       4      21      7 |    0.00        0.00
--------|----------------------------------------------------------------------------|-------|-------------|-------|-------|-------|-------|--------|-----------
         Aggregated                                                                        18     0(0.00%) |     76       1     402     22 |    0.00        0.00

[2026-03-07 12:49:29,644] MAP2-TESTBED/INFO/locust.main: Got SIGTERM signal
[2026-03-07 12:49:29,645] MAP2-TESTBED/INFO/locust.main: Shutting down (exit code 1)
Type     Name                                                                          # reqs      # fails |    Avg     Min     Max    Med |   req/s  failures/s
--------|----------------------------------------------------------------------------|-------|-------------|-------|-------|-------|-------|--------|-----------
GET      /api/audio/levels (during plugin swap)                                             1     0(0.00%) |      8       8       8      8 |    1.08        0.00
GET      /api/audio/status                                                                  2     0(0.00%) |     39       1      76      2 |    2.16        0.00
GET      /api/chains/                                                                       3     0(0.00%) |    154     129     195    140 |    3.24        0.00
GET      /api/chains/{id}                                                                   2     0(0.00%) |    103      29     177     30 |    2.16        0.00
POST     /api/chains/{id}/activate                                                          2     0(0.00%) |     57      16      97     17 |    2.16        0.00
POST     /api/chains/{id}/deactivate                                                        2     0(0.00%) |    203       5     402      6 |    2.16        0.00
GET      /api/plugins/discover                                                              3     0(0.00%) |     24      21      30     22 |    3.24        0.00
GET      /api/plugins/list                                                                  3     0(0.00%) |     11       4      21      7 |    3.24        0.00
--------|----------------------------------------------------------------------------|-------|-------------|-------|-------|-------|-------|--------|-----------
         Aggregated                                                                        18     0(0.00%) |     76       1     402     22 |   19.41        0.00

Response time percentiles (approximated)
Type     Name                                                                                  50%    66%    75%    80%    90%    95%    98%    99%  99.9% 99.99%   100% # reqs
--------|--------------------------------------------------------------------------------|--------|------|------|------|------|------|------|------|------|------|------|------
GET      /api/audio/levels (during plugin swap)                                                  8      8      8      8      8      8      8      8      8      8      8      1
GET      /api/audio/status                                                                      77     77     77     77     77     77     77     77     77     77     77      2
GET      /api/chains/                                                                          140    140    200    200    200    200    200    200    200    200    200      3
GET      /api/chains/{id}                                                                      180    180    180    180    180    180    180    180    180    180    180      2
POST     /api/chains/{id}/activate                                                              98     98     98     98     98     98     98     98     98     98     98      2
POST     /api/chains/{id}/deactivate                                                           400    400    400    400    400    400    400    400    400    400    400      2
GET      /api/plugins/discover                                                                  22     22     30     30     30     30     30     30     30     30     30      3
GET      /api/plugins/list                                                                       7      7     21     21     21     21     21     21     21     21     21      3
--------|--------------------------------------------------------------------------------|--------|------|------|------|------|------|------|------|------|------|------|------
         Aggregated                                                                             30     77    130    140    200    400    400    400    400    400    400     18

[load_test] started WS soak with target=100 clients
[load_test] FAIL:
 - REST p95 400.00ms exceeds 50.00ms
 - WS dropped connections = 2400 (expected 0)
 - WS soak duration 84.1s shorter than required 300s
[load_test] WS summary: {
  "connected": 100.0,
  "drops": 2400.0,
  "samples": 821.0,
  "spread_mean_ms": 0.16387313401434517,
  "spread_p95_ms": 0.25785499929043
}
